###############################################################################
#
# IAR ELF Linker V8.22.2.15995/W32 for ARM                22/Oct/2019  19:39:59
# Copyright 2007-2018 IAR Systems AB.
#
#    Output file  =  
#        F:\PrivateWork\stm32_va_measuring\App\Debug\Exe\va_measure_app.out
#    Map file     =  
#        F:\PrivateWork\stm32_va_measuring\App\Debug\List\va_measure_app.map
#    Command line =  
#        -f C:\Users\ADMINI~1\AppData\Local\Temp\EW1DCC.tmp
#        (F:\PrivateWork\stm32_va_measuring\App\Debug\Obj\bsp_flash.o
#        F:\PrivateWork\stm32_va_measuring\App\Debug\Obj\bsp_interface.o
#        F:\PrivateWork\stm32_va_measuring\App\Debug\Obj\bsp_spi.o
#        F:\PrivateWork\stm32_va_measuring\App\Debug\Obj\bsp_sys_pwr.o
#        F:\PrivateWork\stm32_va_measuring\App\Debug\Obj\bsp_system.o
#        F:\PrivateWork\stm32_va_measuring\App\Debug\Obj\bsp_systimer.o
#        F:\PrivateWork\stm32_va_measuring\App\Debug\Obj\bsp_tm7705.o
#        F:\PrivateWork\stm32_va_measuring\App\Debug\Obj\bsp_uart.o
#        F:\PrivateWork\stm32_va_measuring\App\Debug\Obj\bsp_usbhid.o
#        F:\PrivateWork\stm32_va_measuring\App\Debug\Obj\dbg_log.o
#        F:\PrivateWork\stm32_va_measuring\App\Debug\Obj\hw_config.o
#        F:\PrivateWork\stm32_va_measuring\App\Debug\Obj\main.o
#        F:\PrivateWork\stm32_va_measuring\App\Debug\Obj\misc.o
#        F:\PrivateWork\stm32_va_measuring\App\Debug\Obj\startup_stm32f10x_hd.o
#        F:\PrivateWork\stm32_va_measuring\App\Debug\Obj\stm32f10x_adc.o
#        F:\PrivateWork\stm32_va_measuring\App\Debug\Obj\stm32f10x_bkp.o
#        F:\PrivateWork\stm32_va_measuring\App\Debug\Obj\stm32f10x_cec.o
#        F:\PrivateWork\stm32_va_measuring\App\Debug\Obj\stm32f10x_crc.o
#        F:\PrivateWork\stm32_va_measuring\App\Debug\Obj\stm32f10x_dac.o
#        F:\PrivateWork\stm32_va_measuring\App\Debug\Obj\stm32f10x_dbgmcu.o
#        F:\PrivateWork\stm32_va_measuring\App\Debug\Obj\stm32f10x_dma.o
#        F:\PrivateWork\stm32_va_measuring\App\Debug\Obj\stm32f10x_exti.o
#        F:\PrivateWork\stm32_va_measuring\App\Debug\Obj\stm32f10x_flash.o
#        F:\PrivateWork\stm32_va_measuring\App\Debug\Obj\stm32f10x_gpio.o
#        F:\PrivateWork\stm32_va_measuring\App\Debug\Obj\stm32f10x_i2c.o
#        F:\PrivateWork\stm32_va_measuring\App\Debug\Obj\stm32f10x_it.o
#        F:\PrivateWork\stm32_va_measuring\App\Debug\Obj\stm32f10x_iwdg.o
#        F:\PrivateWork\stm32_va_measuring\App\Debug\Obj\stm32f10x_pwr.o
#        F:\PrivateWork\stm32_va_measuring\App\Debug\Obj\stm32f10x_rcc.o
#        F:\PrivateWork\stm32_va_measuring\App\Debug\Obj\stm32f10x_rtc.o
#        F:\PrivateWork\stm32_va_measuring\App\Debug\Obj\stm32f10x_sdio.o
#        F:\PrivateWork\stm32_va_measuring\App\Debug\Obj\stm32f10x_spi.o
#        F:\PrivateWork\stm32_va_measuring\App\Debug\Obj\stm32f10x_tim.o
#        F:\PrivateWork\stm32_va_measuring\App\Debug\Obj\stm32f10x_usart.o
#        F:\PrivateWork\stm32_va_measuring\App\Debug\Obj\stm32f10x_wwdg.o
#        F:\PrivateWork\stm32_va_measuring\App\Debug\Obj\system_stm32f10x.o
#        F:\PrivateWork\stm32_va_measuring\App\Debug\Obj\usb_core.o
#        F:\PrivateWork\stm32_va_measuring\App\Debug\Obj\usb_desc.o
#        F:\PrivateWork\stm32_va_measuring\App\Debug\Obj\usb_endp.o
#        F:\PrivateWork\stm32_va_measuring\App\Debug\Obj\usb_init.o
#        F:\PrivateWork\stm32_va_measuring\App\Debug\Obj\usb_int.o
#        F:\PrivateWork\stm32_va_measuring\App\Debug\Obj\usb_istr.o
#        F:\PrivateWork\stm32_va_measuring\App\Debug\Obj\usb_mem.o
#        F:\PrivateWork\stm32_va_measuring\App\Debug\Obj\usb_prop.o
#        F:\PrivateWork\stm32_va_measuring\App\Debug\Obj\usb_pwr.o
#        F:\PrivateWork\stm32_va_measuring\App\Debug\Obj\usb_regs.o
#        F:\PrivateWork\stm32_va_measuring\App\Debug\Obj\usb_sil.o
#        F:\PrivateWork\stm32_va_measuring\App\Debug\Obj\usbio.o -o
#        F:\PrivateWork\stm32_va_measuring\App\Debug\Exe\va_measure_app.out
#        --redirect _Printf=_PrintfFullNoMb --redirect _Scanf=_ScanfFullNoMb
#        --map
#        F:\PrivateWork\stm32_va_measuring\App\Debug\List\va_measure_app.map
#        --config F:\PrivateWork\stm32_va_measuring\App\System\stm32f103x8.icf
#        --semihosting --entry __iar_program_start --vfe --text_out locale)
#
###############################################################################

*******************************************************************************
*** RUNTIME MODEL ATTRIBUTES
***

CppFlavor                     = *
__CPP_Exceptions              = Disabled
__CPP_Language                = C++14
__Heap_Handler                = DLMalloc
__SystemLibrary               = DLib
__dlib_dynamic_initialization = normal
__dlib_version                = 6


*******************************************************************************
*** HEAP SELECTION
***

The advanced heap was selected because the application calls memory
allocation functions outside of system library functions, and there
are calls to deallocation functions in the application.


*******************************************************************************
*** PLACEMENT SUMMARY
***

"A0":  place at 0x08000000 { ro section .intvec };
"P1":  place in [from 0x08000000 to 0x800ffbff] { ro };
define block CSTACK with size = 4K, alignment = 8 { };
define block HEAP with size = 4K, alignment = 8 { };
"P2":  place in [from 0x20000000 to 0x20004fff] {
          rw, block CSTACK, block HEAP };
initialize by copy { rw };

  Section                Kind        Address    Size  Object
  -------                ----        -------    ----  ------
"A0":                                          0x130
  .intvec                ro code  0x08000000   0x130  startup_stm32f10x_hd.o [1]
                                - 0x08000130   0x130

"P1":                                         0x7599
  .text                  ro code  0x08000130  0x14d4  dlmalloc.o [3]
  .text                  ro code  0x08001604     0x6  abort.o [3]
  .text                  ro code  0x0800160a    0x7a  lz77_init_single.o [6]
  .text                  ro code  0x08001684    0x2c  xgetmemchunk.o [3]
  .text                  ro code  0x080016b0    0x14  exit.o [7]
  .text                  ro code  0x080016c4   0xe22  xprintffull_nomb.o [3]
  .text                  ro code  0x080024e6     0x6  bsp_flash.o [1]
  .text                  ro code  0x080024ec    0x16  strchr.o [6]
  .text                  ro code  0x08002502     0x6  bsp_interface.o [1]
  .text                  ro code  0x08002508    0x40  xfail_s.o [3]
  .text                  ro code  0x08002548    0x36  strlen.o [6]
  .text                  ro code  0x0800257e     0x6  bsp_sys_pwr.o [1]
  .text                  ro code  0x08002584    0x58  memchr.o [6]
  .text                  ro code  0x080025dc   0x22e  I64DivMod.o [6]
  .text                  ro code  0x0800280a     0x6  bsp_tm7705.o [1]
  .text                  ro code  0x08002810   0x1a2  DblMul.o [5]
  .text                  ro code  0x080029b2     0x6  bsp_uart.o [1]
  .text                  ro code  0x080029b8    0xa6  ABImemcpy.o [6]
  .text                  ro code  0x08002a5e     0x6  bsp_usbhid.o [1]
  .text                  ro code  0x08002a64    0x70  frexp.o [5]
  .text                  ro code  0x08002ad4    0x2e  DblCmpLe.o [5]
  .text                  ro code  0x08002b02     0x2  bsp_interface.o [1]
  .text                  ro code  0x08002b04    0x2e  DblCmpGe.o [5]
  .text                  ro code  0x08002b32     0x2  bsp_systimer.o [1]
  .text                  ro code  0x08002b34   0x13a  ldexp.o [5]
  .rodata                const    0x08002c6e     0x1  unwind_debug.o [7]
  .text                  ro code  0x08002c70    0x3a  DblToS32.o [5]
  .text                  ro code  0x08002cac    0x22  S32ToDbl.o [5]
  .text                  ro code  0x08002cd0    0xe2  DblSub.o [5]
  .text                  ro code  0x08002db4   0x246  DblDiv.o [5]
  .text                  ro code  0x08002ffc    0x28  DblToU32.o [5]
  .text                  ro code  0x08003024    0x1a  U32ToDbl.o [5]
  .text                  ro code  0x08003040     0x8  xlocale_c.o [3]
  .text                  ro code  0x08003048     0x2  I64DivZer.o [6]
  .text                  ro code  0x0800304c   0x168  DblAdd.o [5]
  .text                  ro code  0x080031b4   0xc92  usb_core.o [1]
  .text                  ro code  0x08003e48   0x2d6  usb_regs.o [1]
  .text                  ro code  0x08004120    0x70  usb_mem.o [1]
  .text                  ro code  0x08004190   0x338  bsp_tm7705.o [1]
  .text                  ro code  0x080044c8   0x2de  bsp_spi.o [1]
  .text                  ro code  0x080047a8    0xfc  stm32f10x_gpio.o [1]
  .text                  ro code  0x080048a4   0x116  bsp_system.o [1]
  .text                  ro code  0x080049bc    0x68  DblToFlt.o [5]
  .text                  ro code  0x08004a24    0xd8  FltMul.o [5]
  .text                  ro code  0x08004afc    0x22  FltToU32.o [5]
  .text                  ro code  0x08004b20   0x1e4  bsp_systimer.o [1]
  .text                  ro code  0x08004d04   0x1c8  bsp_interface.o [1]
  .text                  ro code  0x08004ecc     0xa  cxxabi.o [4]
  .text                  ro code  0x08004ed8   0x338  stm32f10x_rcc.o [1]
  .text                  ro code  0x08005210    0x78  stm32f10x_spi.o [1]
  .text                  ro code  0x08005288    0x66  ABImemset.o [6]
  .text                  ro code  0x080052f0    0xa8  misc.o [1]
  .text                  ro code  0x08005398   0x1dc  stm32f10x_flash.o [1]
  .text                  ro code  0x08005574    0x34  stm32f10x_it.o [1]
  .text                  ro code  0x080055a8    0x10  bsp_systimer.o [1]
  .text                  ro code  0x080055b8    0x1e  bsp_systimer.o [1]
  .text                  ro code  0x080055d6    0x20  bsp_systimer.o [1]
  .text                  ro code  0x080055f6    0x10  bsp_systimer.o [1]
  .text                  ro code  0x08005606     0xe  bsp_systimer.o [1]
  .text                  ro code  0x08005614   0x102  bsp_systimer.o [1]
  .text                  ro code  0x08005716     0xe  bsp_systimer.o [1]
  .text                  ro code  0x08005724    0x4a  bsp_systimer.o [1]
  .text                  ro code  0x0800576e     0xc  bsp_interface.o [1]
  .text                  ro code  0x0800577c   0x120  bsp_usbhid.o [1]
  .text                  ro code  0x0800589c    0x34  bsp_interface.o [1]
  .text                  ro code  0x080058d0   0x18c  bsp_flash.o [1]
  .text                  ro code  0x08005a5c   0x12c  bsp_uart.o [1]
  .text                  ro code  0x08005b88    0xbc  bsp_sys_pwr.o [1]
  .text                  ro code  0x08005c44    0xe0  dbg_log.o [1]
  .text                  ro code  0x08005d24    0x1c  bsp_interface.o [1]
  .text                  ro code  0x08005d40    0xa0  cppinit.o [3]
  .text                  ro code  0x08005de0    0xec  usb_istr.o [1]
  .text                  ro code  0x08005ecc     0xc  bsp_systimer.o [1]
  .text                  ro code  0x08005ed8     0xe  bsp_systimer.o [1]
  .text                  ro code  0x08005ee6     0xc  bsp_systimer.o [1]
  .text                  ro code  0x08005ef2     0xc  bsp_systimer.o [1]
  .text                  ro code  0x08005efe     0xc  bsp_systimer.o [1]
  .text                  ro code  0x08005f0a    0x16  bsp_systimer.o [1]
  .text                  ro code  0x08005f20     0xc  bsp_systimer.o [1]
  .text                  ro code  0x08005f2c     0xc  bsp_systimer.o [1]
  .text                  ro code  0x08005f38     0x8  bsp_systimer.o [1]
  .text                  ro code  0x08005f40     0xc  bsp_systimer.o [1]
  .text                  ro code  0x08005f4c    0x30  bsp_systimer.o [1]
  .text                  ro code  0x08005f7c     0xc  bsp_systimer.o [1]
  .text                  ro code  0x08005f88     0xe  bsp_systimer.o [1]
  .text                  ro code  0x08005f96     0xe  bsp_systimer.o [1]
  .text                  ro code  0x08005fa4    0x42  bsp_systimer.o [1]
  .text                  ro code  0x08005fe6     0x2  bsp_systimer.o [1]
  .text                  ro code  0x08005fe8     0xc  bsp_systimer.o [1]
  .text                  ro code  0x08005ff4    0x1a  bsp_systimer.o [1]
  .text                  ro code  0x0800600e    0x1a  bsp_systimer.o [1]
  .text                  ro code  0x08006028     0xc  bsp_systimer.o [1]
  .text                  ro code  0x08006034    0x1a  bsp_systimer.o [1]
  .text                  ro code  0x0800604e    0x1a  bsp_systimer.o [1]
  .text                  ro code  0x08006068    0x1a  bsp_systimer.o [1]
  .text                  ro code  0x08006082     0x2  bsp_interface.o [1]
  .text                  ro code  0x08006084    0x4c  usbio.o [1]
  .text                  ro code  0x080060d0     0x6  ABImemclr4.o [6]
  .text                  ro code  0x080060d8    0xce  hw_config.o [1]
  .text                  ro code  0x080061a8    0x40  usb_init.o [1]
  .text                  ro code  0x080061e8    0x18  bsp_interface.o [1]
  .text                  ro code  0x08006200   0x18a  stm32f10x_usart.o [1]
  .text                  ro code  0x0800638c    0x20  vprintf.o [3]
  .text                  ro code  0x080063ac   0x248  usb_int.o [1]
  .text                  ro code  0x080065f4   0x118  usb_pwr.o [1]
  .text                  ro code  0x0800670c    0x14  bsp_systimer.o [1]
  .text                  ro code  0x08006720     0xc  bsp_systimer.o [1]
  .text                  ro code  0x0800672c     0x2  bsp_systimer.o [1]
  .text                  ro code  0x0800672e     0xc  bsp_systimer.o [1]
  .text                  ro code  0x0800673a     0x4  bsp_systimer.o [1]
  .text                  ro code  0x0800673e     0x2  bsp_systimer.o [1]
  .text                  ro code  0x08006740     0x2  bsp_systimer.o [1]
  .text                  ro code  0x08006742    0x1e  bsp_systimer.o [1]
  .text                  ro code  0x08006760    0x12  bsp_systimer.o [1]
  .text                  ro code  0x08006772    0x2e  bsp_systimer.o [1]
  .text                  ro code  0x080067a0    0xba  bsp_systimer.o [1]
  .text                  ro code  0x0800685a     0x2  bsp_systimer.o [1]
  .text                  ro code  0x0800685c     0x2  bsp_systimer.o [1]
  .text                  ro code  0x0800685e    0x1a  bsp_systimer.o [1]
  .text                  ro code  0x08006878     0x2  bsp_systimer.o [1]
  .text                  ro code  0x0800687a    0x1a  bsp_systimer.o [1]
  .text                  ro code  0x08006894     0x6  bsp_systimer.o [1]
  .text                  ro code  0x0800689a     0x2  bsp_systimer.o [1]
  .text                  ro code  0x0800689c    0x26  bsp_systimer.o [1]
  .text                  ro code  0x080068c2    0x1a  bsp_systimer.o [1]
  .text                  ro code  0x080068dc    0x32  ABImemset48.o [6]
  .text                  ro code  0x0800690e    0x1e  bsp_systimer.o [1]
  .text                  ro code  0x0800692c     0x2  bsp_systimer.o [1]
  .text                  ro code  0x0800692e    0x16  bsp_systimer.o [1]
  .text                  ro code  0x08006944     0xe  bsp_systimer.o [1]
  .text                  ro code  0x08006952     0xc  bsp_systimer.o [1]
  .text                  ro code  0x0800695e     0xc  bsp_systimer.o [1]
  .text                  ro code  0x0800696a    0x1e  bsp_systimer.o [1]
  .text                  ro code  0x08006988    0x10  bsp_systimer.o [1]
  .text                  ro code  0x08006998    0x1e  bsp_systimer.o [1]
  .text                  ro code  0x080069b6    0x14  bsp_systimer.o [1]
  .text                  ro code  0x080069ca    0x10  bsp_systimer.o [1]
  .text                  ro code  0x080069da    0x2c  bsp_systimer.o [1]
  .text                  ro code  0x08006a06    0x2c  bsp_systimer.o [1]
  .text                  ro code  0x08006a32     0x2  bsp_systimer.o [1]
  .text                  ro code  0x08006a34    0x20  bsp_systimer.o [1]
  .text                  ro code  0x08006a54     0x2  bsp_systimer.o [1]
  .text                  ro code  0x08006a56     0xc  bsp_systimer.o [1]
  .text                  ro code  0x08006a62     0xe  bsp_systimer.o [1]
  .text                  ro code  0x08006a70     0x2  bsp_systimer.o [1]
  .text                  ro code  0x08006a72     0x2  bsp_systimer.o [1]
  .text                  ro code  0x08006a74     0xc  bsp_systimer.o [1]
  .text                  ro code  0x08006a80    0x12  bsp_systimer.o [1]
  .text                  ro code  0x08006a92    0x38  bsp_systimer.o [1]
  .text                  ro code  0x08006aca    0x12  bsp_systimer.o [1]
  .text                  ro code  0x08006adc     0x2  bsp_systimer.o [1]
  .text                  ro code  0x08006ade     0x4  bsp_systimer.o [1]
  .text                  ro code  0x08006ae2    0x10  bsp_systimer.o [1]
  .text                  ro code  0x08006af2     0x2  bsp_systimer.o [1]
  .text                  ro code  0x08006af4     0x8  bsp_systimer.o [1]
  .text                  ro code  0x08006afc    0x24  bsp_systimer.o [1]
  .text                  ro code  0x08006b20     0x2  bsp_systimer.o [1]
  .text                  ro code  0x08006b22    0x2c  bsp_systimer.o [1]
  .text                  ro code  0x08006b4e     0x4  bsp_systimer.o [1]
  .text                  ro code  0x08006b52     0xe  bsp_systimer.o [1]
  .text                  ro code  0x08006b60    0x10  bsp_systimer.o [1]
  .text                  ro code  0x08006b70    0x24  newop_0.o [4]
  .text                  ro code  0x08006b94     0x4  bsp_systimer.o [1]
  .text                  ro code  0x08006b98    0x2e  bsp_systimer.o [1]
  .text                  ro code  0x08006bc6     0xa  delop_0.o [4]
  .text                  ro code  0x08006bd0     0x2  bsp_systimer.o [1]
  .text                  ro code  0x08006bd2     0x4  nomemory.o [4]
  .text                  ro code  0x08006bd6    0x1a  bsp_systimer.o [1]
  .text                  ro code  0x08006bf0     0x4  heaptramp0.o [3]
  .text                  ro code  0x08006bf4     0x2  bsp_systimer.o [1]
  .text                  ro code  0x08006bf6    0x1a  bsp_systimer.o [1]
  .text                  ro code  0x08006c10    0x2c  bsp_systimer.o [1]
  .text                  ro code  0x08006c3c   0x280  usb_prop.o [1]
  .text                  ro code  0x08006ebc    0x28  usb_sil.o [1]
  .text                  ro code  0x08006ee4   0x158  system_stm32f10x.o [1]
  .text                  ro code  0x0800703c    0x7a  bsp_systimer.o [1]
  .text                  ro code  0x080070b8    0x6c  main.o [1]
  .text                  ro code  0x08007124    0x40  zero_init3.o [6]
  .rodata                const    0x08007164    0x2c  usb_desc.o [1]
  .text                  ro code  0x08007190    0x2a  usb_endp.o [1]
  .rodata                const    0x080071bc    0x28  bsp_tm7705.o [1]
  .text                  ro code  0x080071e4    0x28  data_init.o [6]
  .rodata                const    0x0800720c    0x24  usb_desc.o [1]
  .iar.init_table        const    0x08007230    0x24  - Linker created -
  .rodata                const    0x08007254    0x20  bsp_flash.o [1]
  .rodata                const    0x08007274    0x20  bsp_interface.o [1]
  .rodata                const    0x08007294    0x20  bsp_interface.o [1]
  .rodata                const    0x080072b4    0x20  bsp_sys_pwr.o [1]
  .rodata                const    0x080072d4    0x20  bsp_systimer.o [1]
  .rodata                const    0x080072f4    0x20  bsp_tm7705.o [1]
  .rodata                const    0x08007314    0x20  bsp_uart.o [1]
  .rodata                const    0x08007334    0x20  bsp_usbhid.o [1]
  .text                  ro code  0x08007354    0x20  cmain_call_ctors.o [6]
  .text                  ro code  0x08007374    0x1e  cmain.o [6]
  .text                  ro code  0x08007392     0x4  low_level_init.o [3]
  .text                  ro code  0x08007398    0x18  main.o [1]
  .text                  ro code  0x080073b0     0x4  exit.o [3]
  .text                  ro code  0x080073b4     0xe  cexit.o [6]
  .rodata                const    0x080073c4    0x1c  bsp_uart.o [1]
  .rodata                const    0x080073e0    0x18  usb_desc.o [1]
  .text                  ro code  0x080073f8    0x16  xprout.o [3]
  .text                  ro code  0x08007410     0xc  putchar.o [3]
  .rodata                const    0x0800741c    0x14  usb_desc.o [1]
  .rodata                const    0x08007430    0x14  usb_desc.o [1]
  .rodata                const    0x08007444    0x10  bsp_interface.o [1]
  .rodata                const    0x08007454    0x10  bsp_interface.o [1]
  .rodata                const    0x08007464    0x10  bsp_interface.o [1]
  .text                  ro code  0x08007474    0x10  startup_stm32f10x_hd.o [1]
  .text                  ro code  0x08007484     0xe  bsp_interface.o [1]
  .text                  ro code  0x08007492     0xe  bsp_systimer.o [1]
  .rodata                const    0x080074a0     0xc  bsp_uart.o [1]
  .text                  ro code  0x080074ac     0xc  cstartup_M.o [6]
  .rodata                const    0x080074b8     0x8  dbg_log.o [1]
  .rodata                const    0x080074c0     0x8  dbg_log.o [1]
  .rodata                const    0x080074c8     0x8  dbg_log.o [1]
  .rodata                const    0x080074d0     0x8  dbg_log.o [1]
  .rodata                const    0x080074d8     0x8  dbg_log.o [1]
  .rodata                const    0x080074e0     0x8  dbg_log.o [1]
  .rodata                const    0x080074e8     0x8  dbg_log.o [1]
  .rodata                const    0x080074f0     0x8  dbg_log.o [1]
  .rodata                const    0x080074f8     0x8  dbg_log.o [1]
  SHT$$PREINIT_ARRAY              0x08007500     0x0  <Block>
  SHT$$INIT_ARRAY                 0x08007500     0x8  <Block>
    .init_array          const    0x08007500     0x4  bsp_interface.o [1]
    .init_array          const    0x08007504     0x4  bsp_systimer.o [1]
  __iar_tls$$INIT_ARRAY           0x08007508     0x0  <Block>
  .rodata                const    0x08007508     0x4  usb_desc.o [1]
  .rodata                const    0x0800750c     0x4  xlocale_c.o [3]
  .text                  ro code  0x08007510     0x4  startup_stm32f10x_hd.o [1]
  .text                  ro code  0x08007514     0x4  startup_stm32f10x_hd.o [1]
  .text                  ro code  0x08007518     0x4  startup_stm32f10x_hd.o [1]
  .text                  ro code  0x0800751c     0x4  startup_stm32f10x_hd.o [1]
  .text                  ro code  0x08007520     0x4  startup_stm32f10x_hd.o [1]
  .text                  ro code  0x08007524     0x4  startup_stm32f10x_hd.o [1]
  .text                  ro code  0x08007528     0x4  startup_stm32f10x_hd.o [1]
  .text                  ro code  0x0800752c     0x4  startup_stm32f10x_hd.o [1]
  .text                  ro code  0x08007530     0x4  startup_stm32f10x_hd.o [1]
  .text                  ro code  0x08007534     0x4  startup_stm32f10x_hd.o [1]
  .text                  ro code  0x08007538     0x4  startup_stm32f10x_hd.o [1]
  .text                  ro code  0x0800753c     0x4  startup_stm32f10x_hd.o [1]
  .text                  ro code  0x08007540     0x4  startup_stm32f10x_hd.o [1]
  .text                  ro code  0x08007544     0x4  startup_stm32f10x_hd.o [1]
  .text                  ro code  0x08007548     0x4  startup_stm32f10x_hd.o [1]
  .text                  ro code  0x0800754c     0x4  startup_stm32f10x_hd.o [1]
  .text                  ro code  0x08007550     0x4  startup_stm32f10x_hd.o [1]
  .text                  ro code  0x08007554     0x4  startup_stm32f10x_hd.o [1]
  .text                  ro code  0x08007558     0x4  startup_stm32f10x_hd.o [1]
  .text                  ro code  0x0800755c     0x4  startup_stm32f10x_hd.o [1]
  .text                  ro code  0x08007560     0x4  startup_stm32f10x_hd.o [1]
  .text                  ro code  0x08007564     0x4  startup_stm32f10x_hd.o [1]
  .text                  ro code  0x08007568     0x4  startup_stm32f10x_hd.o [1]
  .text                  ro code  0x0800756c     0x4  startup_stm32f10x_hd.o [1]
  .text                  ro code  0x08007570     0x4  startup_stm32f10x_hd.o [1]
  .text                  ro code  0x08007574     0x4  startup_stm32f10x_hd.o [1]
  .text                  ro code  0x08007578     0x4  startup_stm32f10x_hd.o [1]
  .text                  ro code  0x0800757c     0x4  startup_stm32f10x_hd.o [1]
  .text                  ro code  0x08007580     0x4  startup_stm32f10x_hd.o [1]
  .text                  ro code  0x08007584     0x4  startup_stm32f10x_hd.o [1]
  .text                  ro code  0x08007588     0x4  startup_stm32f10x_hd.o [1]
  .text                  ro code  0x0800758c     0x4  startup_stm32f10x_hd.o [1]
  .text                  ro code  0x08007590     0x4  startup_stm32f10x_hd.o [1]
  .text                  ro code  0x08007594     0x4  startup_stm32f10x_hd.o [1]
  .text                  ro code  0x08007598     0x4  startup_stm32f10x_hd.o [1]
  .text                  ro code  0x0800759c     0x4  startup_stm32f10x_hd.o [1]
  .text                  ro code  0x080075a0     0x4  startup_stm32f10x_hd.o [1]
  .text                  ro code  0x080075a4     0x4  startup_stm32f10x_hd.o [1]
  .text                  ro code  0x080075a8     0x4  startup_stm32f10x_hd.o [1]
  .text                  ro code  0x080075ac     0x4  startup_stm32f10x_hd.o [1]
  .text                  ro code  0x080075b0     0x4  startup_stm32f10x_hd.o [1]
  .text                  ro code  0x080075b4     0x4  startup_stm32f10x_hd.o [1]
  .text                  ro code  0x080075b8     0x4  startup_stm32f10x_hd.o [1]
  .text                  ro code  0x080075bc     0x4  startup_stm32f10x_hd.o [1]
  .text                  ro code  0x080075c0     0x4  startup_stm32f10x_hd.o [1]
  .text                  ro code  0x080075c4     0x4  startup_stm32f10x_hd.o [1]
  .text                  ro code  0x080075c8     0x4  startup_stm32f10x_hd.o [1]
  .text                  ro code  0x080075cc     0x4  startup_stm32f10x_hd.o [1]
  .text                  ro code  0x080075d0     0x4  startup_stm32f10x_hd.o [1]
  .text                  ro code  0x080075d4     0x4  startup_stm32f10x_hd.o [1]
  .text                  ro code  0x080075d8     0x4  startup_stm32f10x_hd.o [1]
  .text                  ro code  0x080075dc     0x4  startup_stm32f10x_hd.o [1]
  .text                  ro code  0x080075e0     0x4  startup_stm32f10x_hd.o [1]
  .text                  ro code  0x080075e4     0x4  startup_stm32f10x_hd.o [1]
  .text                  ro code  0x080075e8     0x4  startup_stm32f10x_hd.o [1]
  .text                  ro code  0x080075ec     0x4  startup_stm32f10x_hd.o [1]
  .text                  ro code  0x080075f0     0x4  startup_stm32f10x_hd.o [1]
  .text                  ro code  0x080075f4     0x4  startup_stm32f10x_hd.o [1]
  .text                  ro code  0x080075f8     0x4  startup_stm32f10x_hd.o [1]
  .text                  ro code  0x080075fc     0x0  cstart_call_dtors.o [6]
  .rodata                const    0x080075fc     0x0  zero_init3.o [6]
  .rodata                const    0x080075fc     0x0  lz77_init_single.o [6]
  Initializer bytes      const    0x080075fc    0xcd  <for P2-1>
                                - 0x080076c9  0x7599

"P2", part 1 of 3:                             0x180
  P2-1                            0x20000000   0x180  <Init block>
    .data                inited   0x20000000    0x10  stm32f10x_rcc.o [1]
    .data                inited   0x20000010     0x4  stm32f10x_rcc.o [1]
    .data                inited   0x20000014    0x1c  usb_desc.o [1]
    .data                inited   0x20000030    0x1c  usb_istr.o [1]
    .data                inited   0x2000004c    0x1c  usb_istr.o [1]
    .data                inited   0x20000068    0x30  usb_prop.o [1]
    .data                inited   0x20000098    0x24  usb_prop.o [1]
    .data                inited   0x200000bc     0x8  usb_prop.o [1]
    .data                inited   0x200000c4     0x8  usb_prop.o [1]
    .data                inited   0x200000cc     0x8  usb_prop.o [1]
    .data                inited   0x200000d4     0x8  usb_prop.o [1]
    .data                inited   0x200000dc    0x20  usb_prop.o [1]
    .data                inited   0x200000fc    0x38  xlocale_c.o [3]
    .data                inited   0x20000134    0x48  xfiles.o [3]
    .data                inited   0x2000017c     0x2  usb_prop.o [1]
    .data                inited   0x2000017e     0x1  main.o [1]
    .data                inited   0x2000017f     0x1  usb_pwr.o [1]
                                - 0x20000180   0x180

"P2", part 2 of 3:                             0x408
  .bss                   zero     0x20000180   0x1d8  dlmalloc.o [3]
  .bss                   zero     0x20000358    0x50  bsp_tm7705.o [1]
  .bss                   zero     0x200003a8    0x50  xfiles.o [3]
  .bss                   zero     0x200003f8    0x40  bsp_usbhid.o [1]
  .bss                   zero     0x20000438    0x40  usb_endp.o [1]
  .bss                   zero     0x20000478    0x2c  bsp_interface.o [1]
  .bss                   zero     0x200004a4    0x28  bsp_interface.o [1]
  .bss                   zero     0x200004cc    0x1c  usb_init.o [1]
  .bss                   zero     0x200004e8    0x18  dlmalloc.o [3]
  .bss                   zero     0x20000500     0xc  bsp_systimer.o [1]
  .bss                   zero     0x2000050c     0x4  bsp_flash.o [1]
  .bss                   zero     0x20000510     0x4  bsp_interface.o [1]
  .bss                   zero     0x20000514     0x4  bsp_interface.o [1]
  .bss                   zero     0x20000518     0x4  bsp_interface.o [1]
  .bss                   zero     0x2000051c     0x4  bsp_interface.o [1]
  .bss                   zero     0x20000520     0x4  bsp_sys_pwr.o [1]
  .bss                   zero     0x20000524     0x4  bsp_systimer.o [1]
  .bss                   zero     0x20000528     0x4  bsp_systimer.o [1]
  .bss                   zero     0x2000052c     0x4  bsp_tm7705.o [1]
  .bss                   zero     0x20000530     0x4  bsp_uart.o [1]
  .bss                   zero     0x20000534     0x4  bsp_uart.o [1]
  .bss                   zero     0x20000538     0x4  bsp_usbhid.o [1]
  .bss                   zero     0x2000053c     0x4  stm32f10x_it.o [1]
  .bss                   zero     0x20000540     0x4  usb_init.o [1]
  .bss                   zero     0x20000544     0x4  usb_init.o [1]
  .bss                   zero     0x20000548     0x4  usb_init.o [1]
  .bss                   zero     0x2000054c     0x4  usb_prop.o [1]
  .bss                   zero     0x20000550     0x4  usb_pwr.o [1]
  .bss                   zero     0x20000554     0x4  cppinit.o [3]
  .bss                   zero     0x20000558     0x4  cppinit.o [3]
  .bss                   zero     0x2000055c     0x4  new.o [4]
  .bss                   zero     0x20000560     0x4  xfail_s.o [3]
  .bss                   zero     0x20000564     0x4  xgetmemchunk.o [3]
  .bss                   zero     0x20000568     0x2  bsp_spi.o [1]
  .bss                   zero     0x2000056a     0x2  bsp_tm7705.o [1]
  .bss                   zero     0x2000056c     0x2  usb_core.o [1]
  .bss                   zero     0x2000056e     0x2  usb_init.o [1]
  .bss                   zero     0x20000570     0x2  usb_int.o [1]
  .bss                   zero     0x20000572     0x2  usb_int.o [1]
  .bss                   zero     0x20000574     0x2  usb_istr.o [1]
  .bss                   zero     0x20000576     0x2  usb_pwr.o [1]
  .bss                   zero     0x20000578     0x1  bsp_flash.o [1]
  .bss                   zero     0x20000579     0x1  bsp_interface.o [1]
  .bss                   zero     0x2000057a     0x1  bsp_interface.o [1]
  .bss                   zero     0x2000057b     0x1  bsp_sys_pwr.o [1]
  .bss                   zero     0x2000057c     0x1  bsp_sys_pwr.o [1]
  .bss                   zero     0x2000057d     0x1  bsp_systimer.o [1]
  .bss                   zero     0x2000057e     0x1  bsp_tm7705.o [1]
  .bss                   zero     0x2000057f     0x1  bsp_uart.o [1]
  .bss                   zero     0x20000580     0x1  bsp_usbhid.o [1]
  .bss                   zero     0x20000581     0x1  bsp_usbhid.o [1]
  .bss                   zero     0x20000582     0x1  usb_core.o [1]
  .bss                   zero     0x20000583     0x1  usb_endp.o [1]
  .bss                   zero     0x20000584     0x1  usb_init.o [1]
  .bss                   zero     0x20000585     0x1  usb_istr.o [1]
                                - 0x20000586   0x406

"P2", part 3 of 3:                            0x21e0
  .iar.dynexit                    0x20000588   0x1e0  <Block>
    .iar.dynexit         uninit   0x20000588     0xc  cppinit.o [3]
    .iar.dynexit         uninit   0x20000594   0x1d4  <Block tail>
  CSTACK                          0x20000768  0x1000  <Block>
    CSTACK               uninit   0x20000768  0x1000  <Block tail>
  HEAP                            0x20001768  0x1000  <Block>
    HEAP                 uninit   0x20001768  0x1000  <Block tail>
                                - 0x20002768  0x21e0


*******************************************************************************
*** INIT TABLE
***

          Address     Size
          -------     ----
Zero (__iar_zero_init3)
    1 destination range, total size 0x406:
          0x20000180  0x406

Copy/lz77 (__iar_lz77_init_single3)
    1 source range, total size 0xcd (53% of destination):
          0x080075fc   0xcd
    1 destination range, total size 0x180:
          0x20000000  0x180

Extra (__iar_cstart_call_ctors)



*******************************************************************************
*** MODULE SUMMARY
***

    Module                  ro code  ro data  rw data
    ------                  -------  -------  -------
F:\PrivateWork\stm32_va_measuring\App\Debug\Obj: [1]
    bsp_flash.o                 402       32        5
    bsp_interface.o             596      116      102
    bsp_spi.o                   734                 2
    bsp_sys_pwr.o               194       32        6
    bsp_system.o                278
    bsp_systimer.o            2 738       36       21
    bsp_tm7705.o                830       72       87
    bsp_uart.o                  306       72        9
    bsp_usbhid.o                294       32       70
    dbg_log.o                   224       72
    hw_config.o                 206
    main.o                      132        1        1
    misc.o                      168
    startup_stm32f10x_hd.o      556
    stm32f10x_flash.o           476
    stm32f10x_gpio.o            252
    stm32f10x_it.o               52                 4
    stm32f10x_rcc.o             824       10       20
    stm32f10x_spi.o             120
    stm32f10x_usart.o           394
    system_stm32f10x.o          344
    usb_core.o                3 218                 3
    usb_desc.o                           163       28
    usb_endp.o                   42                65
    usb_init.o                   64                43
    usb_int.o                   584                 4
    usb_istr.o                  236       30       59
    usb_mem.o                   112
    usb_prop.o                  640       80      154
    usb_pwr.o                   280        1        7
    usb_regs.o                  726
    usb_sil.o                    40
    usbio.o                      76
    -------------------------------------------------
    Total:                   16 138      749      690

command line: [2]
    -------------------------------------------------
    Total:

dl7M_tlf.a: [3]
    abort.o                       6
    cppinit.o                   160                20
    dlmalloc.o                5 332               496
    exit.o                        4
    heaptramp0.o                  4
    low_level_init.o              4
    putchar.o                    12
    vprintf.o                    32
    xfail_s.o                    64                 4
    xfiles.o                              38      152
    xgetmemchunk.o               44                 4
    xlocale_c.o                   8       34       56
    xprintffull_nomb.o        3 618
    xprout.o                     22
    -------------------------------------------------
    Total:                    9 310       72      732

dlpp7M_tl_fc.a: [4]
    cxxabi.o                     10
    delop_0.o                    10
    new.o                                           4
    newop_0.o                    36
    nomemory.o                    4
    -------------------------------------------------
    Total:                       60                 4

m7M_tl.a: [5]
    DblAdd.o                    360
    DblCmpGe.o                   46
    DblCmpLe.o                   46
    DblDiv.o                    582
    DblMul.o                    418
    DblSub.o                    226
    DblToFlt.o                  104
    DblToS32.o                   58
    DblToU32.o                   40
    FltMul.o                    216
    FltToU32.o                   34
    S32ToDbl.o                   34
    U32ToDbl.o                   26
    frexp.o                     112
    ldexp.o                     314
    -------------------------------------------------
    Total:                    2 616

rt7M_tl.a: [6]
    ABImemclr4.o                  6
    ABImemcpy.o                 166
    ABImemset.o                 102
    ABImemset48.o                50
    I64DivMod.o                 558
    I64DivZer.o                   2
    cexit.o                      14
    cmain.o                      30
    cmain_call_ctors.o           32
    cstart_call_dtors.o
    cstartup_M.o                 12
    data_init.o                  40
    lz77_init_single.o          122
    memchr.o                     88
    strchr.o                     22
    strlen.o                     54
    zero_init3.o                 64
    -------------------------------------------------
    Total:                    1 362

shb_l.a: [7]
    exit.o                       20
    unwind_debug.o                         1
    -------------------------------------------------
    Total:                       20        1

    Gaps                         41        4
    Linker created                        36    8 660
-----------------------------------------------------
    Grand Total:             29 547      862   10 086


*******************************************************************************
*** ENTRY LIST
***

Entry                      Address   Size  Type      Object
-----                      -------   ----  ----      ------
.iar.dynexit$$Base      0x20000588          --   Gb  - Linker created -
.iar.dynexit$$Limit     0x20000768          --   Gb  - Linker created -
.iar.init_table$$Base   0x08007230          --   Gb  - Linker created -
.iar.init_table$$Limit  0x08007254          --   Gb  - Linker created -
?main                   0x08007375         Code  Gb  cmain.o [6]
AD7705_CalibSelf        0x080041e1   0x3c  Code  Gb  bsp_tm7705.o [1]
ADCPrescTable           0x20000010    0x4  Data  Lc  stm32f10x_rcc.o [1]
APBAHBPrescTable        0x20000000   0x10  Data  Lc  stm32f10x_rcc.o [1]
BSP_SYS_TIMER_Callback()
                        0x08004b33   0x22  Code  Gb  bsp_systimer.o [1]
BSP_Sys_Timer_t & && std::forward<BSP_Sys_Timer_t &>(std::remove_reference<BSP_Sys_Timer_t &>::type &)
                        0x0800685d    0x2  Code  Gb  bsp_systimer.o [1]
BSP_Sys_Timer_t && std::forward<BSP_Sys_Timer_t>(std::remove_reference<BSP_Sys_Timer_t>::type &)
                        0x08006bf5    0x2  Code  Gb  bsp_systimer.o [1]
BSP_Sys_Timer_t * & std::_Rechecked<BSP_Sys_Timer_t *, BSP_Sys_Timer_t *>(BSP_Sys_Timer_t * &, BSP_Sys_Timer_t *)
                        0x08006b4f    0x4  Code  Gb  bsp_systimer.o [1]
BSP_Sys_Timer_t * std::_Addressof<BSP_Sys_Timer_t>(BSP_Sys_Timer_t &, std::integral_constant<bool, (bool)0>)
                        0x08006741    0x2  Code  Gb  bsp_systimer.o [1]
BSP_Sys_Timer_t * std::_Allocate<BSP_Sys_Timer_t>(unsigned int, BSP_Sys_Timer_t *, bool)
                        0x08006afd   0x24  Code  Gb  bsp_systimer.o [1]
BSP_Sys_Timer_t * std::_Move<BSP_Sys_Timer_t *, BSP_Sys_Timer_t *>(BSP_Sys_Timer_t *, BSP_Sys_Timer_t *, BSP_Sys_Timer_t *)
                        0x08006035   0x1a  Code  Gb  bsp_systimer.o [1]
BSP_Sys_Timer_t * std::_Move<BSP_Sys_Timer_t *, BSP_Sys_Timer_t *>(BSP_Sys_Timer_t *, BSP_Sys_Timer_t *, BSP_Sys_Timer_t *, std::_Nonscalar_ptr_iterator_tag)
                        0x0800689d   0x26  Code  Gb  bsp_systimer.o [1]
BSP_Sys_Timer_t * std::_Unchecked<BSP_Sys_Timer_t *>(BSP_Sys_Timer_t *)
                        0x08006b21    0x2  Code  Gb  bsp_systimer.o [1]
BSP_Sys_Timer_t * std::_Uninit_move<BSP_Sys_Timer_t *, BSP_Sys_Timer_t *, std::_Wrap_alloc<std::allocator<BSP_Sys_Timer_t>>>(BSP_Sys_Timer_t *, BSP_Sys_Timer_t *, BSP_Sys_Timer_t *, std::_Wrap_alloc<std::allocator<BSP_Sys_Timer_t>> &)
                        0x08006b23   0x2c  Code  Gb  bsp_systimer.o [1]
BSP_Sys_Timer_t * std::_Uninit_move<BSP_Sys_Timer_t *, BSP_Sys_Timer_t *, std::allocator<BSP_Sys_Timer_t>, BSP_Sys_Timer_t>(BSP_Sys_Timer_t *, BSP_Sys_Timer_t *, BSP_Sys_Timer_t *, std::_Wrap_alloc<std::allocator<BSP_Sys_Timer_t>> &, BSP_Sys_Timer_t *, std::_Nonscalar_ptr_iterator_tag)
                        0x08006b99   0x2e  Code  Gb  bsp_systimer.o [1]
BSP_Sys_Timer_t * std::_Uninitialized_move<BSP_Sys_Timer_t *, BSP_Sys_Timer_t *, std::_Wrap_alloc<std::allocator<BSP_Sys_Timer_t>>>(BSP_Sys_Timer_t *, BSP_Sys_Timer_t *, BSP_Sys_Timer_t *, std::_Wrap_alloc<std::allocator<BSP_Sys_Timer_t>> &)
                        0x08006a93   0x38  Code  Gb  bsp_systimer.o [1]
BSP_Sys_Timer_t * std::addressof<BSP_Sys_Timer_t>(BSP_Sys_Timer_t &)
                        0x08005f7d    0xc  Code  Gb  bsp_systimer.o [1]
BSP_Sys_Timer_t * std::vector<BSP_Sys_Timer_t, std::allocator<BSP_Sys_Timer_t>>::_Umove<BSP_Sys_Timer_t *>(BSP_Sys_Timer_t *, BSP_Sys_Timer_t *, BSP_Sys_Timer_t *)
                        0x08006999   0x1e  Code  Gb  bsp_systimer.o [1]
BSP_Sys_Timer_t const & && std::forward<BSP_Sys_Timer_t const &>(std::remove_reference<BSP_Sys_Timer_t const &>::type &)
                        0x08006879    0x2  Code  Gb  bsp_systimer.o [1]
BSP_Sys_Timer_t const * std::_Addressof<BSP_Sys_Timer_t const>(BSP_Sys_Timer_t const &, std::integral_constant<bool, (bool)0>)
                        0x0800673f    0x2  Code  Gb  bsp_systimer.o [1]
BSP_Sys_Timer_t const * std::addressof<BSP_Sys_Timer_t const>(BSP_Sys_Timer_t const &)
                        0x08005f41    0xc  Code  Gb  bsp_systimer.o [1]
BspDefault::BspDefault()
                        0x080061e9   0x18  Code  Gb  bsp_interface.o [1]
BspDefault::BspDefault_registered()
                        0x0800589d   0x34  Code  Gb  bsp_interface.o [1]
BspDefault::BspDefault_registered()::t_ms_this
                        0x20000510    0x4  Data  Gb  bsp_interface.o [1]
BspDefault::bsp_events_handle(BSP_Events_Package_t const *)
                        0x08002503    0x6  Code  Gb  bsp_interface.o [1]
BspDefault::init()      0x08002b03    0x2  Code  Gb  bsp_interface.o [1]
BspDefault::~BspDefault()
                        0x08007485    0xe  Code  Gb  bsp_interface.o [1]
BspFlash::BspFlash()    0x0800598b   0x12  Code  Gb  bsp_flash.o [1]
BspFlash::BspFlash_registered()
                        0x080059ab   0x22  Code  Gb  bsp_flash.o [1]
BspFlash::BspFlash_registered()::static guard for t_ms_this
                        0x20000578    0x1  Data  Lc  bsp_flash.o [1]
BspFlash::BspFlash_registered()::t_ms_this
                        0x2000050c    0x4  Data  Lc  bsp_flash.o [1]
BspFlash::bsp_events_handle(BSP_Events_Package_t const *)
                        0x080024e7    0x6  Code  Gb  bsp_flash.o [1]
BspFlash::init()        0x080059cd   0x6e  Code  Gb  bsp_flash.o [1]
BspFlash::~BspFlash()   0x0800599d    0xe  Code  Gb  bsp_flash.o [1]
BspInterfaces::BspInterfaces()
                        0x08004d27   0x88  Code  Gb  bsp_interface.o [1]
BspInterfaces::BspInterfaces() [subobject]
                        0x08004d05    0xc  Code  Gb  bsp_interface.o [1]
BspInterfaces::bsp_active()
                        0x08004db1   0x64  Code  Gb  bsp_interface.o [1]
BspInterfaces::bsp_events_handle(BSP_Events_Package_t const *)
                        0x08004e99   0x10  Code  Gb  bsp_interface.o [1]
BspInterfaces::bsp_mian()
                        0x08004e3f   0x1a  Code  Gb  bsp_interface.o [1]
BspInterfaces::bsp_sleep()
                        0x08004e15   0x2a  Code  Gb  bsp_interface.o [1]
BspInterfaces::init()   0x08004e59   0x40  Code  Gb  bsp_interface.o [1]
BspInterfaces::m_pdrv   0x20000478   0x2c  Data  Gb  bsp_interface.o [1]
BspInterfaces::~BspInterfaces()
                        0x08004daf    0x2  Code  Gb  bsp_interface.o [1]
BspInterfaces::~BspInterfaces() [subobject]
                        0x08004d11    0xc  Code  Gb  bsp_interface.o [1]
BspSysPwr::BspSysPwr()  0x08005ba3   0x12  Code  Gb  bsp_sys_pwr.o [1]
BspSysPwr::BspSysPwr_registered()
                        0x08005bc3   0x22  Code  Gb  bsp_sys_pwr.o [1]
BspSysPwr::BspSysPwr_registered()::static guard for t_ms_this
                        0x2000057c    0x1  Data  Lc  bsp_sys_pwr.o [1]
BspSysPwr::BspSysPwr_registered()::t_ms_this
                        0x20000520    0x4  Data  Lc  bsp_sys_pwr.o [1]
BspSysPwr::bsp_events_handle(BSP_Events_Package_t const *)
                        0x0800257f    0x6  Code  Gb  bsp_sys_pwr.o [1]
BspSysPwr::init()       0x08005be5   0x3e  Code  Gb  bsp_sys_pwr.o [1]
BspSysPwr::~BspSysPwr()
                        0x08005bb5    0xe  Code  Gb  bsp_sys_pwr.o [1]
BspSysTimer::BspSysTimer()
                        0x08004b55   0x12  Code  Gb  bsp_systimer.o [1]
BspSysTimer::BspSysTimer_AddFun(void (*)(), unsigned int)
                        0x08004b97   0x6e  Code  Gb  bsp_systimer.o [1]
BspSysTimer::BspSysTimer_registered()
                        0x08004b75   0x22  Code  Gb  bsp_systimer.o [1]
BspSysTimer::BspSysTimer_registered()::static guard for t_ms_this
                        0x2000057d    0x1  Data  Lc  bsp_systimer.o [1]
BspSysTimer::BspSysTimer_registered()::t_ms_this
                        0x20000528    0x4  Data  Lc  bsp_systimer.o [1]
BspSysTimer::bsp_events_handle(BSP_Events_Package_t const *)
                        0x08004c05   0xd2  Code  Gb  bsp_systimer.o [1]
BspSysTimer::init()     0x08002b33    0x2  Code  Gb  bsp_systimer.o [1]
BspSysTimer::m_fun_timer
                        0x20000500    0xc  Data  Gb  bsp_systimer.o [1]
BspSysTimer::~BspSysTimer()
                        0x08004b67    0xe  Code  Gb  bsp_systimer.o [1]
BspTm7705::BspTm7705()  0x080043b5   0x12  Code  Gb  bsp_tm7705.o [1]
BspTm7705::BspTm7705_registered()
                        0x080043d5   0x22  Code  Gb  bsp_tm7705.o [1]
BspTm7705::BspTm7705_registered()::static guard for t_ms_this
                        0x2000057e    0x1  Data  Lc  bsp_tm7705.o [1]
BspTm7705::BspTm7705_registered()::t_ms_this
                        0x2000052c    0x4  Data  Lc  bsp_tm7705.o [1]
BspTm7705::bsp_events_handle(BSP_Events_Package_t const *)
                        0x0800280b    0x6  Code  Gb  bsp_tm7705.o [1]
BspTm7705::init()       0x08004437   0x5a  Code  Gb  bsp_tm7705.o [1]
BspTm7705::~BspTm7705()
                        0x080043c7    0xe  Code  Gb  bsp_tm7705.o [1]
BspUart::BspUart()      0x08005af9   0x12  Code  Gb  bsp_uart.o [1]
BspUart::BspUart_registered()
                        0x08005b3b   0x22  Code  Gb  bsp_uart.o [1]
BspUart::BspUart_registered()::static guard for t_ms_this
                        0x2000057f    0x1  Data  Lc  bsp_uart.o [1]
BspUart::BspUart_registered()::t_ms_this
                        0x20000534    0x4  Data  Lc  bsp_uart.o [1]
BspUart::bsp_events_handle(BSP_Events_Package_t const *)
                        0x080029b3    0x6  Code  Gb  bsp_uart.o [1]
BspUart::init()         0x08005b19   0x22  Code  Gb  bsp_uart.o [1]
BspUart::init()::count_wake
                        0x20000530    0x4  Data  Lc  bsp_uart.o [1]
BspUart::~BspUart()     0x08005b0b    0xe  Code  Gb  bsp_uart.o [1]
BspUsbhid::BspUsbhid()  0x08005807   0x12  Code  Gb  bsp_usbhid.o [1]
BspUsbhid::BspUsbhid_registered()
                        0x08005827   0x22  Code  Gb  bsp_usbhid.o [1]
BspUsbhid::BspUsbhid_registered()::static guard for t_ms_this
                        0x20000581    0x1  Data  Lc  bsp_usbhid.o [1]
BspUsbhid::BspUsbhid_registered()::t_ms_this
                        0x20000538    0x4  Data  Lc  bsp_usbhid.o [1]
BspUsbhid::bsp_events_handle(BSP_Events_Package_t const *)
                        0x08002a5f    0x6  Code  Gb  bsp_usbhid.o [1]
BspUsbhid::init()       0x08005849   0x24  Code  Gb  bsp_usbhid.o [1]
BspUsbhid::~BspUsbhid()
                        0x08005819    0xe  Code  Gb  bsp_usbhid.o [1]
BusFault_Handler        0x0800557b    0x2  Code  Gb  stm32f10x_it.o [1]
ByteSwap(unsigned short)
                        0x08004109   0x16  Code  Gb  usb_regs.o [1]
CSTACK$$Base            0x20000768          --   Gb  - Linker created -
CSTACK$$Limit           0x20001768          --   Gb  - Linker created -
CTR_LP()                0x080063ad  0x226  Code  Gb  usb_int.o [1]
ClearDTOG_RX(unsigned char)
                        0x08003f89   0x38  Code  Gb  usb_regs.o [1]
ClearDTOG_TX(unsigned char)
                        0x08003fc1   0x38  Code  Gb  usb_regs.o [1]
Clear_Status_Out(unsigned char)
                        0x08003f5f   0x2a  Code  Gb  usb_regs.o [1]
Config_Descriptor       0x200000c4    0x8  Data  Gb  usb_prop.o [1]
CustomHID_ConfigDescriptor
                        0x08007164   0x2c  Data  Gb  usb_desc.o [1]
CustomHID_Data_Setup(unsigned char)
                        0x08006d31   0x86  Code  Gb  usb_prop.o [1]
CustomHID_Descriptor    0x200000d4    0x8  Data  Gb  usb_prop.o [1]
CustomHID_DeviceDescriptor
                        0x0800741c   0x14  Data  Gb  usb_desc.o [1]
CustomHID_GetConfigDescriptor(unsigned short)
                        0x08006deb   0x10  Code  Gb  usb_prop.o [1]
CustomHID_GetDeviceDescriptor(unsigned short)
                        0x08006ddb   0x10  Code  Gb  usb_prop.o [1]
CustomHID_GetHIDDescriptor(unsigned short)
                        0x08006e35   0x10  Code  Gb  usb_prop.o [1]
CustomHID_GetProtocolValue(unsigned short)
                        0x08006e75   0x1a  Code  Gb  usb_prop.o [1]
CustomHID_GetReportDescriptor(unsigned short)
                        0x08006e25   0x10  Code  Gb  usb_prop.o [1]
CustomHID_GetStringDescriptor(unsigned short)
                        0x08006dfb   0x2a  Code  Gb  usb_prop.o [1]
CustomHID_Get_Interface_Setting(unsigned char, unsigned char)
                        0x08006e45   0x1e  Code  Gb  usb_prop.o [1]
CustomHID_NoData_Setup(unsigned char)
                        0x08006db7   0x24  Code  Gb  usb_prop.o [1]
CustomHID_ReportDescriptor
                        0x0800720c   0x24  Data  Gb  usb_desc.o [1]
CustomHID_Report_Descriptor
                        0x200000cc    0x8  Data  Gb  usb_prop.o [1]
CustomHID_Reset()       0x08006c5b   0xba  Code  Gb  usb_prop.o [1]
CustomHID_SetConfiguration()
                        0x08006d15   0x10  Code  Gb  usb_prop.o [1]
CustomHID_SetDeviceAddress()
                        0x08006d25    0x8  Code  Gb  usb_prop.o [1]
CustomHID_SetProtocol()
                        0x08006e63   0x12  Code  Gb  usb_prop.o [1]
CustomHID_Status_In()   0x08006d2d    0x2  Code  Gb  usb_prop.o [1]
CustomHID_Status_Out()  0x08006d2f    0x2  Code  Gb  usb_prop.o [1]
CustomHID_StringLangID  0x08007508    0x4  Data  Gb  usb_desc.o [1]
CustomHID_StringProduct
                        0x080073e0   0x18  Data  Gb  usb_desc.o [1]
CustomHID_StringSerial  0x20000014   0x1c  Data  Gb  usb_desc.o [1]
CustomHID_StringVendor  0x08007430   0x14  Data  Gb  usb_desc.o [1]
CustomHID_init()        0x08006c3d   0x1e  Code  Gb  usb_prop.o [1]
Data_Mul_MaxPacketSize  0x20000582    0x1  Data  Gb  usb_core.o [1]
DebugMon_Handler        0x08005581    0x2  Code  Gb  stm32f10x_it.o [1]
Device_Descriptor       0x200000bc    0x8  Data  Gb  usb_prop.o [1]
Device_Info             0x200004cc   0x1c  Data  Gb  usb_init.o [1]
Device_Property         0x20000068   0x30  Data  Gb  usb_prop.o [1]
Device_Table            0x2000017c    0x2  Data  Gb  usb_prop.o [1]
Dprintf(unsigned char, char const *, char const *, ...)
                        0x08005c5d   0x9e  Code  Gb  dbg_log.o [1]
DtorRecArray            0x20000588    0xc  Data  Lc  cppinit.o [3]
EP1_IN_Callback()       0x08007191    0x2  Code  Gb  usb_endp.o [1]
EP1_OUT_Callback()      0x08007193   0x1e  Code  Gb  usb_endp.o [1]
EP2_IN_Callback()       0x080071b9    0x2  Code  Gb  usb_endp.o [1]
EPindex                 0x20000584    0x1  Data  Gb  usb_init.o [1]
Enter_LowPowerMode()    0x080060ed    0x2  Code  Gb  hw_config.o [1]
FLASH_ErasePage         0x08005417   0x60  Code  Gb  stm32f10x_flash.o [1]
FLASH_GetBank1Status    0x080054fb   0x2c  Code  Gb  stm32f10x_flash.o [1]
FLASH_HalfCycleAccessCmd
                        0x080053af   0x20  Code  Gb  stm32f10x_flash.o [1]
FLASH_Lock              0x08005405   0x12  Code  Gb  stm32f10x_flash.o [1]
FLASH_PrefetchBufferCmd
                        0x080053cf   0x20  Code  Gb  stm32f10x_flash.o [1]
FLASH_ProgramWord       0x08005477   0x84  Code  Gb  stm32f10x_flash.o [1]
FLASH_SetLatency        0x08005399   0x16  Code  Gb  stm32f10x_flash.o [1]
FLASH_Unlock            0x080053ef   0x16  Code  Gb  stm32f10x_flash.o [1]
FLASH_WaitForLastOperation
                        0x08005545   0x30  Code  Gb  stm32f10x_flash.o [1]
GPIO_Init               0x080047a9   0xec  Code  Gb  stm32f10x_gpio.o [1]
GPIO_ResetBits          0x0800489d    0x8  Code  Gb  stm32f10x_gpio.o [1]
GPIO_SetBits            0x08004895    0x8  Code  Gb  stm32f10x_gpio.o [1]
GetEPRxAddr(unsigned char)
                        0x08004061   0x1c  Code  Gb  usb_regs.o [1]
GetEPTxAddr(unsigned char)
                        0x08004045   0x1c  Code  Gb  usb_regs.o [1]
Get_SerialNum()         0x0800611b   0x2a  Code  Gb  hw_config.o [1]
HAL_GetTick             0x08005585    0x6  Code  Gb  stm32f10x_it.o [1]
HEAP$$Base              0x20001768          --   Gb  - Linker created -
HEAP$$Limit             0x20002768          --   Gb  - Linker created -
HardFault_Handler       0x08005577    0x2  Code  Gb  stm32f10x_it.o [1]
In0_Process()           0x08003cd1   0x62  Code  Gb  usb_core.o [1]
Init_AD7705             0x0800421d   0x34  Code  Gb  bsp_tm7705.o [1]
Initialization guard variable for BspDefault::BspDefault_registered()::t_ms_this
                        0x20000579    0x1  Data  Gb  bsp_interface.o [1]
Leave_LowPowerMode()    0x080060ef    0x2  Code  Gb  hw_config.o [1]
LoadInt                 0x08001877   0x7a  Code  Lc  xprintffull_nomb.o [3]
MemManage_Handler       0x08005579    0x2  Code  Gb  stm32f10x_it.o [1]
NMI_Handler             0x08005575    0x2  Code  Gb  stm32f10x_it.o [1]
NOP_Process()           0x08003e45    0x2  Code  Gb  usb_core.o [1]
NVIC_Init               0x080052fb   0x66  Code  Gb  misc.o [1]
NVIC_PriorityGroupConfig
                        0x080052f1    0xa  Code  Gb  misc.o [1]
Out0_Process()          0x08003d33   0x46  Code  Gb  usb_core.o [1]
PMAToUserBufferCopy(unsigned char *, unsigned short, unsigned short)
                        0x0800415f   0x2c  Code  Gb  usb_mem.o [1]
PendSV_Handler          0x08005583    0x2  Code  Gb  stm32f10x_it.o [1]
Post0_Process()         0x08003d7d   0x3c  Code  Gb  usb_core.o [1]
PowerOn()               0x080065f5    0x4  Code  Gb  usb_pwr.o [1]
ProtocolValue           0x2000054c    0x4  Data  Gb  usb_prop.o [1]
RCC_ADCCLKConfig        0x08005049   0x12  Code  Gb  stm32f10x_rcc.o [1]
RCC_APB1PeriphClockCmd  0x0800516f   0x20  Code  Gb  stm32f10x_rcc.o [1]
RCC_APB2PeriphClockCmd  0x0800514f   0x20  Code  Gb  stm32f10x_rcc.o [1]
RCC_DeInit              0x08004ed9   0x60  Code  Gb  stm32f10x_rcc.o [1]
RCC_GetClocksFreq       0x0800505b   0xf4  Code  Gb  stm32f10x_rcc.o [1]
RCC_GetFlagStatus       0x0800518f   0x46  Code  Gb  stm32f10x_rcc.o [1]
RCC_HCLKConfig          0x0800500b   0x12  Code  Gb  stm32f10x_rcc.o [1]
RCC_HSEConfig           0x08004f39   0x56  Code  Gb  stm32f10x_rcc.o [1]
RCC_PCLK1Config         0x0800501d   0x12  Code  Gb  stm32f10x_rcc.o [1]
RCC_PCLK2Config         0x0800502f   0x14  Code  Gb  stm32f10x_rcc.o [1]
RCC_PLLCmd              0x08004fe9    0xc  Code  Gb  stm32f10x_rcc.o [1]
RCC_PLLConfig           0x08004fcb   0x1e  Code  Gb  stm32f10x_rcc.o [1]
RCC_SYSCLKConfig        0x08004ff5   0x16  Code  Gb  stm32f10x_rcc.o [1]
RCC_USBCLKConfig        0x08005043    0x6  Code  Gb  stm32f10x_rcc.o [1]
RCC_WaitForHSEStartUp   0x08004f8f   0x3c  Code  Gb  stm32f10x_rcc.o [1]
Region$$Table$$Base     0x08007230          --   Gb  - Linker created -
Region$$Table$$Limit    0x08007254          --   Gb  - Linker created -
Resume(_RESUME_STATE)   0x08006643   0xc0  Code  Gb  usb_pwr.o [1]
ResumeS                 0x20000576    0x2  Data  Gb  usb_pwr.o [1]
Resume_Init()           0x08006621   0x22  Code  Gb  usb_pwr.o [1]
SHT$$INIT_ARRAY$$Base   0x08007500          --   Gb  - Linker created -
SHT$$INIT_ARRAY$$Limit  0x08007508          --   Gb  - Linker created -
SHT$$PREINIT_ARRAY$$Base
                        0x08007500          --   Gb  - Linker created -
SHT$$PREINIT_ARRAY$$Limit
                        0x08007500          --   Gb  - Linker created -
SPI_CS_ENABLE(unsigned char)
                        0x08004725   0x82  Code  Gb  bsp_spi.o [1]
SPI_Cmd                 0x0800524f   0x1e  Code  Gb  stm32f10x_spi.o [1]
SPI_I2S_GetFlagStatus   0x08005275   0x14  Code  Gb  stm32f10x_spi.o [1]
SPI_I2S_ReceiveData     0x08005271    0x4  Code  Gb  stm32f10x_spi.o [1]
SPI_I2S_SendData        0x0800526d    0x4  Code  Gb  stm32f10x_spi.o [1]
SPI_Init                0x08005211   0x3e  Code  Gb  stm32f10x_spi.o [1]
SVC_Handler             0x0800557f    0x2  Code  Gb  stm32f10x_it.o [1]
SaveRState              0x20000570    0x2  Data  Gb  usb_int.o [1]
SaveTState              0x20000572    0x2  Data  Gb  usb_int.o [1]
SetBTABLE(unsigned short)
                        0x08003e49    0xe  Code  Gb  usb_regs.o [1]
SetDeviceAddress(unsigned char)
                        0x08003db9   0x48  Code  Gb  usb_core.o [1]
SetEPRxAddr(unsigned char, unsigned short)
                        0x0800401f   0x26  Code  Gb  usb_regs.o [1]
SetEPRxCount(unsigned char, unsigned short)
                        0x0800409d   0x54  Code  Gb  usb_regs.o [1]
SetEPRxStatus(unsigned char, unsigned short)
                        0x08003ebd   0x3e  Code  Gb  usb_regs.o [1]
SetEPRxValid(unsigned char)
                        0x08003f2d   0x32  Code  Gb  usb_regs.o [1]
SetEPTxAddr(unsigned char, unsigned short)
                        0x08003ff9   0x26  Code  Gb  usb_regs.o [1]
SetEPTxCount(unsigned char, unsigned short)
                        0x0800407d   0x20  Code  Gb  usb_regs.o [1]
SetEPTxStatus(unsigned char, unsigned short)
                        0x08003e7f   0x3e  Code  Gb  usb_regs.o [1]
SetEPTxValid(unsigned char)
                        0x08003efb   0x32  Code  Gb  usb_regs.o [1]
SetEPType(unsigned char, unsigned short)
                        0x08003e57   0x28  Code  Gb  usb_regs.o [1]
Set_USBClock()          0x080060d9   0x14  Code  Gb  hw_config.o [1]
Setup0_Process()        0x08003c2f   0x96  Code  Gb  usb_core.o [1]
Standard_ClearFeature()
                        0x08003405  0x162  Code  Gb  usb_core.o [1]
Standard_GetConfiguration(unsigned short)
                        0x080031b5   0x2e  Code  Gb  usb_core.o [1]
Standard_GetDescriptorData(unsigned short, OneDescriptor *)
                        0x08003647   0x2c  Code  Gb  usb_core.o [1]
Standard_GetInterface(unsigned short)
                        0x08003231   0x2e  Code  Gb  usb_core.o [1]
Standard_GetStatus(unsigned short)
                        0x080032e7  0x11e  Code  Gb  usb_core.o [1]
Standard_SetConfiguration()
                        0x080031e3   0x4e  Code  Gb  usb_core.o [1]
Standard_SetDeviceFeature()
                        0x08003623   0x24  Code  Gb  usb_core.o [1]
Standard_SetEndPointFeature()
                        0x08003567   0xbc  Code  Gb  usb_core.o [1]
Standard_SetInterface()
                        0x0800325f   0x88  Code  Gb  usb_core.o [1]
StatusInfo              0x2000056c    0x2  Data  Gb  usb_core.o [1]
String_Descriptor       0x200000dc   0x20  Data  Gb  usb_prop.o [1]
SuperInerfaces::SuperInerfaces()
                        0x08006083    0x2  Code  Gb  bsp_interface.o [1]
SuperInerfaces::SuperInerfaces() [subobject]
                        0x0800576f    0xc  Code  Gb  bsp_interface.o [1]
SuperInerfaces::SuperInerfaces_init(SuperInerfaces*, unsigned char)
                        0x080070b9   0x6c  Code  Gb  main.o [1]
SuperInerfaces::SuperInerfaces_init(SuperInerfaces*, unsigned char)::once_fg
                        0x2000017e    0x1  Data  Gb  main.o [1]
SuperInerfaces::bsp_events_handle(BSP_Events_Package_t const *)
                        0x08005d25   0x1c  Code  Gb  bsp_interface.o [1]
SuperInerfaces::t_pApp  0x20000518    0x4  Data  Gb  bsp_interface.o [1]
SuperInerfaces::t_pBsp  0x20000514    0x4  Data  Gb  bsp_interface.o [1]
Suspend()               0x080065f9   0x28  Code  Gb  usb_pwr.o [1]
SysTick_CLKSourceConfig
                        0x08005361   0x20  Code  Gb  misc.o [1]
SysTick_Handler         0x0800558b   0x12  Code  Gb  stm32f10x_it.o [1]
SystemClock_Config()    0x080048f9   0x8c  Code  Gb  bsp_system.o [1]
SystemInit              0x08006ee5   0x54  Code  Gb  system_stm32f10x.o [1]
System_init_hw()        0x080048a5   0x48  Code  Gb  bsp_system.o [1]
USART_ClearFlag         0x0800637b   0x10  Code  Gb  stm32f10x_usart.o [1]
USART_Cmd               0x080062ed   0x1e  Code  Gb  stm32f10x_usart.o [1]
USART_ITConfig          0x0800630b   0x70  Code  Gb  stm32f10x_usart.o [1]
USART_Init              0x08006201   0xe6  Code  Gb  stm32f10x_usart.o [1]
USB_GetData(unsigned char *, unsigned int)
                        0x080060ab   0x22  Code  Gb  usbio.o [1]
USB_Init()              0x080061a9   0x40  Code  Gb  usb_init.o [1]
USB_Interrupts_Config()
                        0x080060f1   0x2a  Code  Gb  hw_config.o [1]
USB_Istr()              0x08005de1   0xec  Code  Gb  usb_istr.o [1]
USB_LP_CAN1_RX0_IRQHandler
                        0x080055a1    0x8  Code  Gb  stm32f10x_it.o [1]
USB_Receive_Buffer      0x20000438   0x40  Data  Gb  usb_endp.o [1]
USB_Received_Flag       0x20000583    0x1  Data  Gb  usb_endp.o [1]
USB_SIL_Init()          0x08006ebd   0x1a  Code  Gb  usb_sil.o [1]
USB_SendData(unsigned char *, unsigned int)
                        0x08006085   0x26  Code  Gb  usbio.o [1]
UsageFault_Handler      0x0800557d    0x2  Code  Gb  stm32f10x_it.o [1]
UsbReceiveCheck()::len  0x20000580    0x1  Data  Lc  bsp_usbhid.o [1]
UsbReceiveCheck()::usb_buf
                        0x200003f8   0x40  Data  Lc  bsp_usbhid.o [1]
UserToPMABufferCopy(unsigned char *, unsigned short, unsigned short)
                        0x08004121   0x3e  Code  Gb  usb_mem.o [1]
User_Standard_Requests  0x20000098   0x24  Data  Gb  usb_prop.o [1]
Virtual function table for BspDefault
                        0x08007294   0x20  Data  Gb  bsp_interface.o [1]
Virtual function table for BspFlash
                        0x08007254   0x20  Data  Gb  bsp_flash.o [1]
Virtual function table for BspInterfaces
                        0x08007274   0x20  Data  Gb  bsp_interface.o [1]
Virtual function table for BspSysPwr
                        0x080072b4   0x20  Data  Gb  bsp_sys_pwr.o [1]
Virtual function table for BspSysTimer
                        0x080072d4   0x20  Data  Gb  bsp_systimer.o [1]
Virtual function table for BspTm7705
                        0x080072f4   0x20  Data  Gb  bsp_tm7705.o [1]
Virtual function table for BspUart
                        0x08007314   0x20  Data  Gb  bsp_uart.o [1]
Virtual function table for BspUsbhid
                        0x08007334   0x20  Data  Gb  bsp_usbhid.o [1]
[local to bsp_flash_cpp]::flash_read(unsigned int, BSP_FlashCh_Package_t *)
                        0x080058d1   0x16  Code  Lc  bsp_flash.o [1]
[local to bsp_flash_cpp]::flash_write(unsigned int, BSP_FlashCh_Package_t *, unsigned char)
                        0x080058e7   0xa4  Code  Lc  bsp_flash.o [1]
[local to bsp_spi_c]::he595_send_update(unsigned char *, unsigned char)
                        0x08004675   0x8c  Code  Lc  bsp_spi.o [1]
[local to bsp_sys_pwr_cpp]::bsp_sleep_stop()
                        0x08005b89   0x1a  Code  Lc  bsp_sys_pwr.o [1]
[local to bsp_tm7705_cpp]::bsp_tm7705_test()
                        0x08004251  0x164  Code  Lc  bsp_tm7705.o [1]
[local to bsp_uart_cpp]::USART_Config(unsigned int)
                        0x08005a5d   0x9c  Code  Lc  bsp_uart.o [1]
[local to bsp_usbhid_cpp]::UsbReceiveCheck()
                        0x080057f3   0x14  Code  Lc  bsp_usbhid.o [1]
[local to bsp_usbhid_cpp]::Usb_read(unsigned char *, unsigned char *)
                        0x0800577d   0x30  Code  Lc  bsp_usbhid.o [1]
[local to bsp_usbhid_cpp]::Usb_send_data()
                        0x080057c1   0x32  Code  Lc  bsp_usbhid.o [1]
[local to bsp_usbhid_cpp]::Usb_write(unsigned char *, unsigned char)
                        0x080057ad   0x14  Code  Lc  bsp_usbhid.o [1]
[local to hw_config_c]::IntToUnicode(unsigned int, unsigned char *, unsigned char)
                        0x08006159   0x4e  Code  Lc  hw_config.o [1]
[local to system_stm32f10x_c]::SetSysClock()
                        0x08006f39    0x8  Code  Lc  system_stm32f10x.o [1]
[local to system_stm32f10x_c]::SetSysClockTo72()
                        0x08006f41   0xe0  Code  Lc  system_stm32f10x.o [1]
[local to usb_core_c]::DataStageIn()
                        0x08003731   0xce  Code  Lc  usb_core.o [1]
[local to usb_core_c]::DataStageOut()
                        0x08003673   0xbe  Code  Lc  usb_core.o [1]
[local to usb_core_c]::Data_Setup0()
                        0x08003963  0x2cc  Code  Lc  usb_core.o [1]
[local to usb_core_c]::NoData_Setup0()
                        0x080037ff  0x164  Code  Lc  usb_core.o [1]
_GenldFullNoMb          0x080021e5  0x274  Code  Lc  xprintffull_nomb.o [3]
_LdtobFullNoMb          0x08001db9  0x3fe  Code  Lc  xprintffull_nomb.o [3]
_LitobFullNoMb          0x08001c61  0x112  Code  Lc  xprintffull_nomb.o [3]
_Locale_lconv           0x200000fc   0x38  Data  Lc  xlocale_c.o [3]
_PrintfFullNoMb         0x080016c5  0x1a4  Code  Gb  xprintffull_nomb.o [3]
_Prout                  0x080073f9   0x16  Code  Gb  xprout.o [3]
_PutcharsFullNoMb       0x08002459   0x2e  Code  Lc  xprintffull_nomb.o [3]
_PutfldFullNoMb         0x080018f1  0x264  Code  Lc  xprintffull_nomb.o [3]
_PuttxtFullNoMb         0x08001b55  0x10c  Code  Lc  xprintffull_nomb.o [3]
__aeabi_atexit          0x08004ecd    0xa  Code  Gb  cxxabi.o [4]
__aeabi_cdcmple         0x08002ad5         Code  Gb  DblCmpLe.o [5]
__aeabi_cdrcmple        0x08002b05         Code  Gb  DblCmpGe.o [5]
__aeabi_d2f             0x080049bd         Code  Gb  DblToFlt.o [5]
__aeabi_d2iz            0x08002c71         Code  Gb  DblToS32.o [5]
__aeabi_d2uiz           0x08002ffd         Code  Gb  DblToU32.o [5]
__aeabi_ddiv            0x08002db5         Code  Gb  DblDiv.o [5]
__aeabi_dmul            0x08002811         Code  Gb  DblMul.o [5]
__aeabi_dsub            0x08002cd1         Code  Gb  DblSub.o [5]
__aeabi_f2uiz           0x08004afd         Code  Gb  FltToU32.o [5]
__aeabi_fmul            0x08004a25         Code  Gb  FltMul.o [5]
__aeabi_i2d             0x08002cad         Code  Gb  S32ToDbl.o [5]
__aeabi_ldiv0           0x08003049         Code  Gb  I64DivZer.o [6]
__aeabi_memclr4         0x080060d1         Code  Gb  ABImemclr4.o [6]
__aeabi_memcpy          0x080029b9         Code  Gb  ABImemcpy.o [6]
__aeabi_memcpy4         0x080029d9         Code  Gb  ABImemcpy.o [6]
__aeabi_memcpy8         0x080029d9         Code  Gb  ABImemcpy.o [6]
__aeabi_memset          0x08005289         Code  Gb  ABImemset.o [6]
__aeabi_ui2d            0x08003025         Code  Gb  U32ToDbl.o [5]
__aeabi_uldivmod        0x080025dd         Code  Gb  I64DivMod.o [6]
__call_ctors            0x08005d41   0x18  Code  Gb  cppinit.o [3]
__call_dtors            0x08005d8f    0xc  Code  Gb  cppinit.o [3]
__call_dtors0           0x08005d9b   0x36  Code  Gb  cppinit.o [3]
__cexit_call_dtors      0x080073b7         Code  Gb  cexit.o [6]
__cmain                 0x08007375         Code  Gb  cmain.o [6]
__cstart_call_dtors     0x080075fc         Data  Gb  cstart_call_dtors.o [6]
__cxa_atexit            0x08005d59   0x36  Code  Gb  cppinit.o [3]
__data_GetMemChunk      0x08001685   0x2c  Code  Gb  xgetmemchunk.o [3]
__data_GetMemChunk::start
                        0x20000564    0x4  Data  Lc  xgetmemchunk.o [3]
__dso_handle            0x20000558    0x4  Data  Gb  cppinit.o [3]
__exit                  0x080016b1   0x14  Code  Gb  exit.o [7]
__iar_Fail_s            0x08002509   0x1c  Code  Gb  xfail_s.o [3]
__iar_Memchr            0x08002585         Code  Gb  memchr.o [6]
__iar_Memset            0x08005289         Code  Gb  ABImemset.o [6]
__iar_Memset4_word      0x080068dd         Code  Gb  ABImemset48.o [6]
__iar_Memset8_word      0x080068dd         Code  Gb  ABImemset48.o [6]
__iar_Memset_word       0x08005291         Code  Gb  ABImemset.o [6]
__iar_Stdout            0x20000134   0x48  Data  Gb  xfiles.o [3]
__iar_Strchr            0x080024ed         Code  Gb  strchr.o [6]
__iar_cstart_call_ctors
                        0x08007355   0x20  Code  Gb  cmain_call_ctors.o [6]
__iar_dadd              0x08002ce1         Code  Gb  DblSub.o [5]
__iar_data_init3        0x080071e5   0x28  Code  Gb  data_init.o [6]
__iar_debug_exceptions  0x08002c6e    0x1  Data  Gb  unwind_debug.o [7]
__iar_dlfree            0x0800110b  0x4f6  Code  Gb  dlmalloc.o [3]
__iar_dlmalloc          0x08000e55  0x2b6  Code  Gb  dlmalloc.o [3]
__iar_dsub              0x0800304d         Code  Gb  DblAdd.o [5]
__iar_dsubStart         0x0800305f         Code  Gb  DblAdd.o [5]
__iar_frexp             0x08002a71         Code  Gb  frexp.o [5]
__iar_frexp64           0x08002a65         Code  Gb  frexp.o [5]
__iar_frexpl            0x08002a71         Code  Gb  frexp.o [5]
__iar_ldexp64           0x08002b35         Code  Gb  ldexp.o [5]
__iar_lz77_init_single3
                        0x0800160b   0x7a  Code  Gb  lz77_init_single.o [6]
__iar_program_start     0x080074ad         Code  Gb  cstartup_M.o [6]
__iar_scalbln64         0x08002b35         Code  Gb  ldexp.o [5]
__iar_scalbn64          0x08002b35         Code  Gb  ldexp.o [5]
__iar_systems$$module {Abs}
                        0x00000001         Data  Gb  command line/config [2]
__iar_tls$$INIT_ARRAY$$Base
                        0x08007508          --   Gb  - Linker created -
__iar_tls$$INIT_ARRAY$$Limit
                        0x08007508          --   Gb  - Linker created -
__iar_zero_init3        0x08007125   0x40  Code  Gb  zero_init3.o [6]
__low_level_init        0x08007393    0x4  Code  Gb  low_level_init.o [3]
__sti__routine          0x08004d1d    0xa  Code  Lc  bsp_interface.o [1]
__sti__routine          0x08004b21   0x12  Code  Lc  bsp_systimer.o [1]
__vector_table          0x08000000         Data  Gb  startup_stm32f10x_hd.o [1]
_call_main              0x08007381         Code  Gb  cmain.o [6]
_exit                   0x080073b5         Code  Gb  cexit.o [6]
_gm_                    0x20000180  0x1d8  Data  Lc  dlmalloc.o [3]
_main                   0x0800738f         Code  Gb  cmain.o [6]
abort                   0x08001605    0x6  Code  Gb  abort.o [3]
add_segment             0x080004f5  0x1f2  Code  Lc  dlmalloc.o [3]
bDeviceState            0x20000550    0x4  Data  Gb  usb_pwr.o [1]
bIntPackSOF             0x20000585    0x1  Data  Gb  usb_istr.o [1]
bsp_active_drv()        0x080049b7    0x2  Code  Gb  bsp_system.o [1]
bsp_clear_dog()         0x080049b5    0x2  Code  Gb  bsp_system.o [1]
bsp_delay_nms(unsigned int)
                        0x08004985   0x16  Code  Gb  bsp_system.o [1]
bsp_delay_nus(unsigned int)
                        0x0800499b   0x18  Code  Gb  bsp_system.o [1]
bsp_drv_type            0x2000057a    0x1  Data  Gb  bsp_interface.o [1]
bsp_events_dat          0x200004a4   0x28  Data  Gb  bsp_interface.o [1]
bsp_init_dog()          0x080049b3    0x2  Code  Gb  bsp_system.o [1]
bsp_sleep_drv()         0x080049b9    0x2  Code  Gb  bsp_system.o [1]
buf                     0x2000056a    0x2  Data  Gb  bsp_tm7705.o [1]
ch_get_value            0x20000358   0x50  Data  Gb  bsp_tm7705.o [1]
check_tm7705()          0x080043f7   0x40  Code  Gb  bsp_tm7705.o [1]
const std::allocator<BSP_Sys_Timer_t>& && std::forward<const std::allocator<BSP_Sys_Timer_t>&>(std::remove_reference<const std::allocator<BSP_Sys_Timer_t>&>::type &)
                        0x08006a55    0x2  Code  Gb  bsp_systimer.o [1]
exit                    0x080073b1    0x4  Code  Gb  exit.o [3]
fSuspendEnabled         0x2000017f    0x1  Data  Gb  usb_pwr.o [1]
fputc                   0x08005c45   0x18  Code  Gb  dbg_log.o [1]
free                    0x08006bf1    0x4  Code  Gb  heaptramp0.o [3]
frexp                   0x08002a65         Code  Gb  frexp.o [5]
frexpl                  0x08002a65         Code  Gb  frexp.o [5]
g_bsp                   0x2000051c    0x4  Data  Gb  bsp_interface.o [1]
init_hc595()            0x080045d7   0x9e  Code  Gb  bsp_spi.o [1]
init_mparams            0x0800014f   0x32  Code  Lc  dlmalloc.o [3]
init_top                0x08000181   0x32  Code  Lc  dlmalloc.o [3]
ldexp                   0x08002b35         Code  Gb  ldexp.o [5]
ldexpl                  0x08002b35         Code  Gb  ldexp.o [5]
localeconv              0x08003041    0x4  Code  Gb  xlocale_c.o [3]
main                    0x08007399   0x18  Code  Gb  main.o [1]
memchr                  0x08002585         Code  Gb  memchr.o [6]
mparams                 0x200004e8   0x18  Data  Lc  dlmalloc.o [3]
next_abi_dtor_rec       0x20000554    0x4  Data  Lc  cppinit.o [3]
obuf                    0x200003a8   0x50  Data  Lc  xfiles.o [3]
operator delete (void *)
                        0x08006bc7    0xa  Code  Gb  delop_0.o [4]
operator new (unsigned int)
                        0x08006b71   0x24  Code  Gb  newop_0.o [4]
operator new (unsigned int, void *)
                        0x08006adf    0x4  Code  Gb  bsp_systimer.o [1]
pEpInt_IN               0x20000030   0x1c  Data  Gb  usb_istr.o [1]
pEpInt_OUT              0x2000004c   0x1c  Data  Gb  usb_istr.o [1]
pInformation            0x20000540    0x4  Data  Gb  usb_init.o [1]
pProperty               0x20000544    0x4  Data  Gb  usb_init.o [1]
pUser_Standard_Requests
                        0x20000548    0x4  Data  Gb  usb_init.o [1]
para_check_ch           0x080071bc   0x28  Data  Lc  bsp_tm7705.o [1]
pre_sys_tick            0x20000524    0x4  Data  Lc  bsp_systimer.o [1]
prepend_alloc           0x080001b3  0x342  Code  Lc  dlmalloc.o [3]
putchar                 0x08007411    0xc  Code  Gb  putchar.o [3]
reset_ic                0x080041b3   0x2e  Code  Gb  bsp_tm7705.o [1]
reset_spi_ic            0x08004191   0x22  Code  Gb  bsp_tm7705.o [1]
scalbln                 0x08002b35         Code  Gb  ldexp.o [5]
scalblnl                0x08002b35         Code  Gb  ldexp.o [5]
scalbn                  0x08002b35         Code  Gb  ldexp.o [5]
scalbnl                 0x08002b35         Code  Gb  ldexp.o [5]
scale                   0x08001d73   0x46  Code  Lc  xprintffull_nomb.o [3]
sec_hand                0x20000560    0x4  Data  Lc  xfail_s.o [3]
segment_holding         0x08000131   0x1e  Code  Lc  dlmalloc.o [3]
spi_init()              0x080044c9   0xca  Code  Gb  bsp_spi.o [1]
spi_read_write(uint8_t)::i
                        0x20000568    0x2  Data  Lc  bsp_spi.o [1]
spi_read_write(unsigned char)
                        0x08004593   0x44  Code  Gb  bsp_spi.o [1]
std::_Compressed_pair<std::_Wrap_alloc<std::allocator<BSP_Sys_Timer_t>>, std::_Vector_val<std::_Simple_types<BSP_Sys_Timer_t>>, (bool)1>::_Compressed_pair<const std::allocator<BSP_Sys_Timer_t>&, >(std::_One_then_variadic_args_t, const std::allocator<BSP_Sys_Timer_t>& &&,  &&...)
                        0x0800690f   0x1e  Code  Gb  bsp_systimer.o [1]
std::_Compressed_pair<std::_Wrap_alloc<std::allocator<BSP_Sys_Timer_t>>, std::_Vector_val<std::_Simple_types<BSP_Sys_Timer_t>>, (bool)1>::_Get_first()
                        0x0800685b    0x2  Code  Gb  bsp_systimer.o [1]
std::_Compressed_pair<std::_Wrap_alloc<std::allocator<BSP_Sys_Timer_t>>, std::_Vector_val<std::_Simple_types<BSP_Sys_Timer_t>>, (bool)1>::_Get_first() const
                        0x08006a73    0x2  Code  Gb  bsp_systimer.o [1]
std::_Compressed_pair<std::_Wrap_alloc<std::allocator<BSP_Sys_Timer_t>>, std::_Vector_val<std::_Simple_types<BSP_Sys_Timer_t>>, (bool)1>::_Get_second()
                        0x0800672d    0x2  Code  Gb  bsp_systimer.o [1]
std::_Compressed_pair<std::_Wrap_alloc<std::allocator<BSP_Sys_Timer_t>>, std::_Vector_val<std::_Simple_types<BSP_Sys_Timer_t>>, (bool)1>::_Get_second() const
                        0x0800692d    0x2  Code  Gb  bsp_systimer.o [1]
std::_Container_base0::_Orphan_all()
                        0x08006add    0x2  Code  Gb  bsp_systimer.o [1]
std::_Iterator_base0::_Adopt(void const *)
                        0x08006a71    0x2  Code  Gb  bsp_systimer.o [1]
std::_NomemoryNothrow()
                        0x08006bd3    0x4  Code  Gb  nomemory.o [4]
std::_Nonscalar_ptr_iterator_tag std::_Ptr_cat<BSP_Sys_Timer_t *, BSP_Sys_Timer_t *>(BSP_Sys_Timer_t * &, BSP_Sys_Timer_t * &)
                        0x0800689b    0x2  Code  Gb  bsp_systimer.o [1]
std::_Vector_alloc<std::_Vec_base_types<BSP_Sys_Timer_t, std::allocator<BSP_Sys_Timer_t>>>::_Get_data()
                        0x08005ef3    0xc  Code  Gb  bsp_systimer.o [1]
std::_Vector_alloc<std::_Vec_base_types<BSP_Sys_Timer_t, std::allocator<BSP_Sys_Timer_t>>>::_Get_data() const
                        0x08006721    0xc  Code  Gb  bsp_systimer.o [1]
std::_Vector_alloc<std::_Vec_base_types<BSP_Sys_Timer_t, std::allocator<BSP_Sys_Timer_t>>>::_Getal()
                        0x08005fe9    0xc  Code  Gb  bsp_systimer.o [1]
std::_Vector_alloc<std::_Vec_base_types<BSP_Sys_Timer_t, std::allocator<BSP_Sys_Timer_t>>>::_Getal() const
                        0x08006953    0xc  Code  Gb  bsp_systimer.o [1]
std::_Vector_alloc<std::_Vec_base_types<BSP_Sys_Timer_t, std::allocator<BSP_Sys_Timer_t>>>::_Myend()
                        0x08005f97    0xe  Code  Gb  bsp_systimer.o [1]
std::_Vector_alloc<std::_Vec_base_types<BSP_Sys_Timer_t, std::allocator<BSP_Sys_Timer_t>>>::_Myend() const
                        0x08006945    0xe  Code  Gb  bsp_systimer.o [1]
std::_Vector_alloc<std::_Vec_base_types<BSP_Sys_Timer_t, std::allocator<BSP_Sys_Timer_t>>>::_Myfirst()
                        0x08005eff    0xc  Code  Gb  bsp_systimer.o [1]
std::_Vector_alloc<std::_Vec_base_types<BSP_Sys_Timer_t, std::allocator<BSP_Sys_Timer_t>>>::_Myfirst() const
                        0x08005ee7    0xc  Code  Gb  bsp_systimer.o [1]
std::_Vector_alloc<std::_Vec_base_types<BSP_Sys_Timer_t, std::allocator<BSP_Sys_Timer_t>>>::_Mylast()
                        0x08005f89    0xe  Code  Gb  bsp_systimer.o [1]
std::_Vector_alloc<std::_Vec_base_types<BSP_Sys_Timer_t, std::allocator<BSP_Sys_Timer_t>>>::_Mylast() const
                        0x08005ed9    0xe  Code  Gb  bsp_systimer.o [1]
std::_Vector_alloc<std::_Vec_base_types<BSP_Sys_Timer_t, std::allocator<BSP_Sys_Timer_t>>>::_Orphan_all()
                        0x080069cb   0x10  Code  Gb  bsp_systimer.o [1]
std::_Vector_alloc<std::_Vec_base_types<BSP_Sys_Timer_t, std::allocator<BSP_Sys_Timer_t>>>::_Vector_alloc(const std::allocator<BSP_Sys_Timer_t>&)
                        0x0800670d   0x14  Code  Gb  bsp_systimer.o [1]
std::_Vector_alloc<std::_Vec_base_types<BSP_Sys_Timer_t, std::allocator<BSP_Sys_Timer_t>>>::_Vector_alloc(const std::allocator<BSP_Sys_Timer_t>&) [subobject]
                        0x08005ecd    0xc  Code  Gb  bsp_systimer.o [1]
std::_Vector_const_iterator<std::_Vector_val<std::_Simple_types<BSP_Sys_Timer_t>>>::_Vector_const_iterator()
                        0x08006895    0x6  Code  Gb  bsp_systimer.o [1]
std::_Vector_const_iterator<std::_Vector_val<std::_Simple_types<BSP_Sys_Timer_t>>>::_Vector_const_iterator() [subobject]
                        0x08006029    0xc  Code  Gb  bsp_systimer.o [1]
std::_Vector_const_iterator<std::_Vector_val<std::_Simple_types<BSP_Sys_Timer_t>>>::_Vector_const_iterator(BSP_Sys_Timer_t *, std::_Container_base0 const *)
                        0x0800692f   0x16  Code  Gb  bsp_systimer.o [1]
std::_Vector_const_iterator<std::_Vector_val<std::_Simple_types<BSP_Sys_Timer_t>>>::_Vector_const_iterator(BSP_Sys_Timer_t *, std::_Container_base0 const *) [subobject]
                        0x0800672f    0xc  Code  Gb  bsp_systimer.o [1]
std::_Vector_const_iterator<std::_Vector_val<std::_Simple_types<BSP_Sys_Timer_t>>>::operator *() const
                        0x0800673b    0x4  Code  Gb  bsp_systimer.o [1]
std::_Vector_const_iterator<std::_Vector_val<std::_Simple_types<BSP_Sys_Timer_t>>>::operator ++()
                        0x08005f39    0x8  Code  Gb  bsp_systimer.o [1]
std::_Vector_iterator<std::_Vector_val<std::_Simple_types<BSP_Sys_Timer_t>>>::_Vector_iterator()
                        0x08005717    0xe  Code  Gb  bsp_systimer.o [1]
std::_Vector_iterator<std::_Vector_val<std::_Simple_types<BSP_Sys_Timer_t>>>::_Vector_iterator(BSP_Sys_Timer_t *, std::_Container_base0 const *)
                        0x08005f0b   0x16  Code  Gb  bsp_systimer.o [1]
std::_Vector_iterator<std::_Vector_val<std::_Simple_types<BSP_Sys_Timer_t>>>::operator *() const
                        0x08005f21    0xc  Code  Gb  bsp_systimer.o [1]
std::_Vector_iterator<std::_Vector_val<std::_Simple_types<BSP_Sys_Timer_t>>>::operator ++()
                        0x08005607    0xe  Code  Gb  bsp_systimer.o [1]
std::_Vector_iterator<std::_Vector_val<std::_Simple_types<BSP_Sys_Timer_t>>>::operator ->() const
                        0x080055f7   0x10  Code  Gb  bsp_systimer.o [1]
std::_Vector_val<std::_Simple_types<BSP_Sys_Timer_t>>::_Vector_val()
                        0x08006a63    0xe  Code  Gb  bsp_systimer.o [1]
std::_Wrap_alloc<std::allocator<BSP_Sys_Timer_t>>::_Wrap_alloc(const std::allocator<BSP_Sys_Timer_t>&)
                        0x08006af3    0x2  Code  Gb  bsp_systimer.o [1]
std::_Wrap_alloc<std::allocator<BSP_Sys_Timer_t>>::_Wrap_alloc(const std::allocator<BSP_Sys_Timer_t>&) [subobject]
                        0x08006a57    0xc  Code  Gb  bsp_systimer.o [1]
std::_Wrap_alloc<std::allocator<BSP_Sys_Timer_t>>::allocate(unsigned int)
                        0x08006989   0x10  Code  Gb  bsp_systimer.o [1]
std::_Wrap_alloc<std::allocator<BSP_Sys_Timer_t>>::deallocate(BSP_Sys_Timer_t *, unsigned int)
                        0x080069b7   0x14  Code  Gb  bsp_systimer.o [1]
std::_Wrap_alloc<std::allocator<BSP_Sys_Timer_t>>::max_size(std::_Nil) const
                        0x0800695f    0xc  Code  Gb  bsp_systimer.o [1]
std::__iar_New_hand     0x2000055c    0x4  Data  Gb  new.o [4]
std::allocator<BSP_Sys_Timer_t>::allocate(unsigned int)
                        0x08006a81   0x12  Code  Gb  bsp_systimer.o [1]
std::allocator<BSP_Sys_Timer_t>::deallocate(BSP_Sys_Timer_t *, unsigned int)
                        0x08006acb   0x12  Code  Gb  bsp_systimer.o [1]
std::allocator<BSP_Sys_Timer_t>::max_size() const
                        0x08006af5    0x8  Code  Gb  bsp_systimer.o [1]
std::allocator_traits<std::allocator<BSP_Sys_Timer_t>>::max_size(const std::allocator<BSP_Sys_Timer_t>&)
                        0x08006a75    0xc  Code  Gb  bsp_systimer.o [1]
std::iterator_traits<BSP_Sys_Timer_t *>::value_type * std::_Val_type<BSP_Sys_Timer_t *>(BSP_Sys_Timer_t *)
                        0x08006b95    0x4  Code  Gb  bsp_systimer.o [1]
std::pointer_traits<BSP_Sys_Timer_t *>::pointer_to(BSP_Sys_Timer_t &)
                        0x08005f2d    0xc  Code  Gb  bsp_systimer.o [1]
std::remove_reference<BSP_Sys_Timer_t &>::type && std::move<BSP_Sys_Timer_t &>(BSP_Sys_Timer_t & &&)
                        0x08006a33    0x2  Code  Gb  bsp_systimer.o [1]
std::vector<BSP_Sys_Timer_t, std::allocator<BSP_Sys_Timer_t>>::_Destroy(BSP_Sys_Timer_t *, BSP_Sys_Timer_t *)
                        0x0800604f   0x1a  Code  Gb  bsp_systimer.o [1]
std::vector<BSP_Sys_Timer_t, std::allocator<BSP_Sys_Timer_t>>::_Grow_to(unsigned int) const
                        0x08006773   0x2e  Code  Gb  bsp_systimer.o [1]
std::vector<BSP_Sys_Timer_t, std::allocator<BSP_Sys_Timer_t>>::_Inside(BSP_Sys_Timer_t const *) const
                        0x08005f4d   0x30  Code  Gb  bsp_systimer.o [1]
std::vector<BSP_Sys_Timer_t, std::allocator<BSP_Sys_Timer_t>>::_Make_iter(std::_Vector_const_iterator<std::_Vector_val<std::_Simple_types<BSP_Sys_Timer_t>>>) const
                        0x08006069   0x1a  Code  Gb  bsp_systimer.o [1]
std::vector<BSP_Sys_Timer_t, std::allocator<BSP_Sys_Timer_t>>::_Orphan_range(BSP_Sys_Timer_t *, BSP_Sys_Timer_t *) const
                        0x08005fe7    0x2  Code  Gb  bsp_systimer.o [1]
std::vector<BSP_Sys_Timer_t, std::allocator<BSP_Sys_Timer_t>>::_Reallocate(unsigned int)
                        0x080067a1   0xba  Code  Gb  bsp_systimer.o [1]
std::vector<BSP_Sys_Timer_t, std::allocator<BSP_Sys_Timer_t>>::_Reserve(unsigned int)
                        0x08005fa5   0x42  Code  Gb  bsp_systimer.o [1]
std::vector<BSP_Sys_Timer_t, std::allocator<BSP_Sys_Timer_t>>::_Tidy()
                        0x0800703d   0x7a  Code  Gb  bsp_systimer.o [1]
std::vector<BSP_Sys_Timer_t, std::allocator<BSP_Sys_Timer_t>>::_Unused_capacity() const
                        0x08006743   0x1e  Code  Gb  bsp_systimer.o [1]
std::vector<BSP_Sys_Timer_t, std::allocator<BSP_Sys_Timer_t>>::begin()
                        0x080055d7   0x20  Code  Gb  bsp_systimer.o [1]
std::vector<BSP_Sys_Timer_t, std::allocator<BSP_Sys_Timer_t>>::capacity() const
                        0x0800696b   0x1e  Code  Gb  bsp_systimer.o [1]
std::vector<BSP_Sys_Timer_t, std::allocator<BSP_Sys_Timer_t>>::erase(std::_Vector_const_iterator<std::_Vector_val<std::_Simple_types<BSP_Sys_Timer_t>>>)
                        0x08005725   0x4a  Code  Gb  bsp_systimer.o [1]
std::vector<BSP_Sys_Timer_t, std::allocator<BSP_Sys_Timer_t>>::max_size() const
                        0x08006761   0x12  Code  Gb  bsp_systimer.o [1]
std::vector<BSP_Sys_Timer_t, std::allocator<BSP_Sys_Timer_t>>::push_back(BSP_Sys_Timer_t const &)
                        0x08005615  0x102  Code  Gb  bsp_systimer.o [1]
std::vector<BSP_Sys_Timer_t, std::allocator<BSP_Sys_Timer_t>>::size() const
                        0x080055b9   0x1e  Code  Gb  bsp_systimer.o [1]
std::vector<BSP_Sys_Timer_t, std::allocator<BSP_Sys_Timer_t>>::vector()
                        0x080055a9   0x10  Code  Gb  bsp_systimer.o [1]
std::vector<BSP_Sys_Timer_t, std::allocator<BSP_Sys_Timer_t>>::~vector()
                        0x08007493    0xe  Code  Gb  bsp_systimer.o [1]
strchr                  0x080024ed         Code  Gb  strchr.o [6]
strlen                  0x08002549         Code  Gb  strlen.o [6]
sys_alloc               0x080006ed  0x164  Code  Lc  dlmalloc.o [3]
sys_sleep_fg            0x2000057b    0x1  Data  Gb  bsp_sys_pwr.o [1]
sys_trim                0x08000851   0x66  Code  Lc  dlmalloc.o [3]
time_count              0x2000053c    0x4  Data  Lc  stm32f10x_it.o [1]
tmalloc_large           0x080008c5  0x384  Code  Lc  dlmalloc.o [3]
tmalloc_small           0x08000c49  0x1fe  Code  Lc  dlmalloc.o [3]
void std::_Deallocate<BSP_Sys_Timer_t>(BSP_Sys_Timer_t *, unsigned int)
                        0x08006b53    0xe  Code  Gb  bsp_systimer.o [1]
void std::_Destroy_range<std::_Wrap_alloc<std::allocator<BSP_Sys_Timer_t>>>(std::_Wrap_alloc<std::allocator<BSP_Sys_Timer_t>>::pointer, std::_Wrap_alloc<std::allocator<BSP_Sys_Timer_t>>::pointer, std::_Wrap_alloc<std::allocator<BSP_Sys_Timer_t>>&)
                        0x080068c3   0x1a  Code  Gb  bsp_systimer.o [1]
void std::_Destroy_range<std::_Wrap_alloc<std::allocator<BSP_Sys_Timer_t>>>(std::_Wrap_alloc<std::allocator<BSP_Sys_Timer_t>>::pointer, std::_Wrap_alloc<std::allocator<BSP_Sys_Timer_t>>::pointer, std::_Wrap_alloc<std::allocator<BSP_Sys_Timer_t>>&, std::_Nonscalar_ptr_iterator_tag)
                        0x08006a35   0x20  Code  Gb  bsp_systimer.o [1]
void std::_Wrap_alloc<std::allocator<BSP_Sys_Timer_t>>::construct<BSP_Sys_Timer_t, BSP_Sys_Timer_t &>(BSP_Sys_Timer_t *, BSP_Sys_Timer_t & &&...)
                        0x08005ff5   0x1a  Code  Gb  bsp_systimer.o [1]
void std::_Wrap_alloc<std::allocator<BSP_Sys_Timer_t>>::construct<BSP_Sys_Timer_t, BSP_Sys_Timer_t const &>(BSP_Sys_Timer_t *, BSP_Sys_Timer_t const & &&...)
                        0x0800600f   0x1a  Code  Gb  bsp_systimer.o [1]
void std::_Wrap_alloc<std::allocator<BSP_Sys_Timer_t>>::construct<BSP_Sys_Timer_t, BSP_Sys_Timer_t>(BSP_Sys_Timer_t *, BSP_Sys_Timer_t &&...)
                        0x08006bd7   0x1a  Code  Gb  bsp_systimer.o [1]
void std::_Wrap_alloc<std::allocator<BSP_Sys_Timer_t>>::destroy<BSP_Sys_Timer_t>(BSP_Sys_Timer_t *)
                        0x08006ae3   0x10  Code  Gb  bsp_systimer.o [1]
void std::allocator<BSP_Sys_Timer_t>::construct<BSP_Sys_Timer_t, BSP_Sys_Timer_t &>(BSP_Sys_Timer_t *, BSP_Sys_Timer_t & &&...)
                        0x080069db   0x2c  Code  Gb  bsp_systimer.o [1]
void std::allocator<BSP_Sys_Timer_t>::construct<BSP_Sys_Timer_t, BSP_Sys_Timer_t const &>(BSP_Sys_Timer_t *, BSP_Sys_Timer_t const & &&...)
                        0x08006a07   0x2c  Code  Gb  bsp_systimer.o [1]
void std::allocator<BSP_Sys_Timer_t>::construct<BSP_Sys_Timer_t, BSP_Sys_Timer_t>(BSP_Sys_Timer_t *, BSP_Sys_Timer_t &&...)
                        0x08006c11   0x2c  Code  Gb  bsp_systimer.o [1]
void std::allocator<BSP_Sys_Timer_t>::destroy<BSP_Sys_Timer_t>(BSP_Sys_Timer_t *)
                        0x08006bd1    0x2  Code  Gb  bsp_systimer.o [1]
void std::allocator_traits<std::allocator<BSP_Sys_Timer_t>>::construct<BSP_Sys_Timer_t, BSP_Sys_Timer_t &>(std::allocator<BSP_Sys_Timer_t>&, BSP_Sys_Timer_t *, BSP_Sys_Timer_t & &&...)
                        0x0800685f   0x1a  Code  Gb  bsp_systimer.o [1]
void std::allocator_traits<std::allocator<BSP_Sys_Timer_t>>::construct<BSP_Sys_Timer_t, BSP_Sys_Timer_t const &>(std::allocator<BSP_Sys_Timer_t>&, BSP_Sys_Timer_t *, BSP_Sys_Timer_t const & &&...)
                        0x0800687b   0x1a  Code  Gb  bsp_systimer.o [1]
void std::allocator_traits<std::allocator<BSP_Sys_Timer_t>>::construct<BSP_Sys_Timer_t, BSP_Sys_Timer_t>(std::allocator<BSP_Sys_Timer_t>&, BSP_Sys_Timer_t *, BSP_Sys_Timer_t &&...)
                        0x08006bf7   0x1a  Code  Gb  bsp_systimer.o [1]
void std::allocator_traits<std::allocator<BSP_Sys_Timer_t>>::destroy<BSP_Sys_Timer_t>(std::allocator<BSP_Sys_Timer_t>&, BSP_Sys_Timer_t *)
                        0x08006b61   0x10  Code  Gb  bsp_systimer.o [1]
vprintf                 0x0800638d   0x20  Code  Gb  vprintf.o [3]
wInterrupt_Mask         0x2000056e    0x2  Data  Gb  usb_init.o [1]
wIstr                   0x20000574    0x2  Data  Gb  usb_istr.o [1]


[1] = F:\PrivateWork\stm32_va_measuring\App\Debug\Obj
[2] = command line
[3] = dl7M_tlf.a
[4] = dlpp7M_tl_fc.a
[5] = m7M_tl.a
[6] = rt7M_tl.a
[7] = shb_l.a

  29 547 bytes of readonly  code memory
     862 bytes of readonly  data memory
  10 086 bytes of readwrite data memory

Errors: none
Warnings: none
