###############################################################################
#
# IAR ELF Linker V8.22.2.15995/W32 for ARM                19/Oct/2019  15:57:25
# Copyright 2007-2018 IAR Systems AB.
#
#    Output file  =  
#        F:\PrivateWork\stm32_va_measuring\App\Debug\Exe\va_measure_app.out
#    Map file     =  
#        F:\PrivateWork\stm32_va_measuring\App\Debug\List\va_measure_app.map
#    Command line =  
#        -f C:\Users\ADMINI~1\AppData\Local\Temp\EW432C.tmp
#        (F:\PrivateWork\stm32_va_measuring\App\Debug\Obj\bsp_interface.o
#        F:\PrivateWork\stm32_va_measuring\App\Debug\Obj\bsp_spi.o
#        F:\PrivateWork\stm32_va_measuring\App\Debug\Obj\bsp_sys_pwr.o
#        F:\PrivateWork\stm32_va_measuring\App\Debug\Obj\bsp_system.o
#        F:\PrivateWork\stm32_va_measuring\App\Debug\Obj\bsp_systimer.o
#        F:\PrivateWork\stm32_va_measuring\App\Debug\Obj\bsp_tm7705.o
#        F:\PrivateWork\stm32_va_measuring\App\Debug\Obj\bsp_uart.o
#        F:\PrivateWork\stm32_va_measuring\App\Debug\Obj\bsp_usbhid.o
#        F:\PrivateWork\stm32_va_measuring\App\Debug\Obj\dbg_log.o
#        F:\PrivateWork\stm32_va_measuring\App\Debug\Obj\hw_config.o
#        F:\PrivateWork\stm32_va_measuring\App\Debug\Obj\main.o
#        F:\PrivateWork\stm32_va_measuring\App\Debug\Obj\misc.o
#        F:\PrivateWork\stm32_va_measuring\App\Debug\Obj\startup_stm32f10x_hd.o
#        F:\PrivateWork\stm32_va_measuring\App\Debug\Obj\stm32f10x_adc.o
#        F:\PrivateWork\stm32_va_measuring\App\Debug\Obj\stm32f10x_bkp.o
#        F:\PrivateWork\stm32_va_measuring\App\Debug\Obj\stm32f10x_cec.o
#        F:\PrivateWork\stm32_va_measuring\App\Debug\Obj\stm32f10x_crc.o
#        F:\PrivateWork\stm32_va_measuring\App\Debug\Obj\stm32f10x_dac.o
#        F:\PrivateWork\stm32_va_measuring\App\Debug\Obj\stm32f10x_dbgmcu.o
#        F:\PrivateWork\stm32_va_measuring\App\Debug\Obj\stm32f10x_dma.o
#        F:\PrivateWork\stm32_va_measuring\App\Debug\Obj\stm32f10x_exti.o
#        F:\PrivateWork\stm32_va_measuring\App\Debug\Obj\stm32f10x_flash.o
#        F:\PrivateWork\stm32_va_measuring\App\Debug\Obj\stm32f10x_gpio.o
#        F:\PrivateWork\stm32_va_measuring\App\Debug\Obj\stm32f10x_i2c.o
#        F:\PrivateWork\stm32_va_measuring\App\Debug\Obj\stm32f10x_it.o
#        F:\PrivateWork\stm32_va_measuring\App\Debug\Obj\stm32f10x_iwdg.o
#        F:\PrivateWork\stm32_va_measuring\App\Debug\Obj\stm32f10x_pwr.o
#        F:\PrivateWork\stm32_va_measuring\App\Debug\Obj\stm32f10x_rcc.o
#        F:\PrivateWork\stm32_va_measuring\App\Debug\Obj\stm32f10x_rtc.o
#        F:\PrivateWork\stm32_va_measuring\App\Debug\Obj\stm32f10x_sdio.o
#        F:\PrivateWork\stm32_va_measuring\App\Debug\Obj\stm32f10x_spi.o
#        F:\PrivateWork\stm32_va_measuring\App\Debug\Obj\stm32f10x_tim.o
#        F:\PrivateWork\stm32_va_measuring\App\Debug\Obj\stm32f10x_usart.o
#        F:\PrivateWork\stm32_va_measuring\App\Debug\Obj\stm32f10x_wwdg.o
#        F:\PrivateWork\stm32_va_measuring\App\Debug\Obj\system_stm32f10x.o
#        F:\PrivateWork\stm32_va_measuring\App\Debug\Obj\usb_core.o
#        F:\PrivateWork\stm32_va_measuring\App\Debug\Obj\usb_desc.o
#        F:\PrivateWork\stm32_va_measuring\App\Debug\Obj\usb_endp.o
#        F:\PrivateWork\stm32_va_measuring\App\Debug\Obj\usb_init.o
#        F:\PrivateWork\stm32_va_measuring\App\Debug\Obj\usb_int.o
#        F:\PrivateWork\stm32_va_measuring\App\Debug\Obj\usb_istr.o
#        F:\PrivateWork\stm32_va_measuring\App\Debug\Obj\usb_mem.o
#        F:\PrivateWork\stm32_va_measuring\App\Debug\Obj\usb_prop.o
#        F:\PrivateWork\stm32_va_measuring\App\Debug\Obj\usb_pwr.o
#        F:\PrivateWork\stm32_va_measuring\App\Debug\Obj\usb_regs.o
#        F:\PrivateWork\stm32_va_measuring\App\Debug\Obj\usb_sil.o
#        F:\PrivateWork\stm32_va_measuring\App\Debug\Obj\usbio.o -o
#        F:\PrivateWork\stm32_va_measuring\App\Debug\Exe\va_measure_app.out
#        --redirect _Printf=_PrintfFullNoMb --redirect _Scanf=_ScanfFullNoMb
#        --map
#        F:\PrivateWork\stm32_va_measuring\App\Debug\List\va_measure_app.map
#        --config F:\PrivateWork\stm32_va_measuring\App\System\stm32f103x8.icf
#        --semihosting --entry __iar_program_start --vfe --text_out locale)
#
###############################################################################

*******************************************************************************
*** RUNTIME MODEL ATTRIBUTES
***

CppFlavor                     = *
__CPP_Exceptions              = Disabled
__CPP_Language                = C++14
__Heap_Handler                = DLMalloc
__SystemLibrary               = DLib
__dlib_dynamic_initialization = normal
__dlib_version                = 6


*******************************************************************************
*** HEAP SELECTION
***

The advanced heap was selected because the application calls memory
allocation functions outside of system library functions, and there
are calls to deallocation functions in the application.


*******************************************************************************
*** PLACEMENT SUMMARY
***

"A0":  place at 0x08000000 { ro section .intvec };
"P1":  place in [from 0x08000000 to 0x0800ffff] { ro };
define block CSTACK with size = 4K, alignment = 8 { };
define block HEAP with size = 4K, alignment = 8 { };
"P2":  place in [from 0x20000000 to 0x20004fff] {
          rw, block CSTACK, block HEAP };
initialize by copy { rw };

  Section                Kind        Address    Size  Object
  -------                ----        -------    ----  ------
"A0":                                          0x130
  .intvec                ro code  0x08000000   0x130  startup_stm32f10x_hd.o [1]
                                - 0x08000130   0x130

"P1":                                         0x6f40
  .text                  ro code  0x08000130  0x14d4  dlmalloc.o [3]
  .text                  ro code  0x08001604     0x6  abort.o [3]
  .text                  ro code  0x0800160a    0x7a  lz77_init_single.o [6]
  .text                  ro code  0x08001684    0x2c  xgetmemchunk.o [3]
  .text                  ro code  0x080016b0    0x14  exit.o [7]
  .text                  ro code  0x080016c4   0xe22  xprintffull_nomb.o [3]
  .text                  ro code  0x080024e6     0xa  xsprout.o [3]
  .text                  ro code  0x080024f0    0x16  strchr.o [6]
  .text                  ro code  0x08002506     0x6  bsp_interface.o [1]
  .text                  ro code  0x0800250c    0x40  xfail_s.o [3]
  .text                  ro code  0x0800254c    0x36  strlen.o [6]
  .text                  ro code  0x08002582     0x6  bsp_sys_pwr.o [1]
  .text                  ro code  0x08002588    0x58  memchr.o [6]
  .text                  ro code  0x080025e0   0x22e  I64DivMod.o [6]
  .text                  ro code  0x0800280e     0x6  bsp_tm7705.o [1]
  .text                  ro code  0x08002814   0x1a2  DblMul.o [5]
  .text                  ro code  0x080029b6     0x6  bsp_uart.o [1]
  .text                  ro code  0x080029bc    0xa6  ABImemcpy.o [6]
  .text                  ro code  0x08002a62     0x6  bsp_usbhid.o [1]
  .text                  ro code  0x08002a68    0x70  frexp.o [5]
  .text                  ro code  0x08002ad8    0x2e  DblCmpLe.o [5]
  .text                  ro code  0x08002b06     0x2  bsp_interface.o [1]
  .text                  ro code  0x08002b08    0x2e  DblCmpGe.o [5]
  .text                  ro code  0x08002b36     0x2  bsp_systimer.o [1]
  .text                  ro code  0x08002b38   0x13a  ldexp.o [5]
  .rodata                const    0x08002c72     0x1  unwind_debug.o [7]
  .text                  ro code  0x08002c74    0x3a  DblToS32.o [5]
  .text                  ro code  0x08002cb0    0x22  S32ToDbl.o [5]
  .text                  ro code  0x08002cd4    0xe2  DblSub.o [5]
  .text                  ro code  0x08002db8   0x246  DblDiv.o [5]
  .text                  ro code  0x08003000    0x28  DblToU32.o [5]
  .text                  ro code  0x08003028    0x1a  U32ToDbl.o [5]
  .text                  ro code  0x08003044     0x8  xlocale_c.o [3]
  .text                  ro code  0x0800304c     0x2  I64DivZer.o [6]
  .text                  ro code  0x08003050   0x168  DblAdd.o [5]
  .text                  ro code  0x080031b8   0xc92  usb_core.o [1]
  .text                  ro code  0x08003e4c   0x2d6  usb_regs.o [1]
  .text                  ro code  0x08004124    0x70  usb_mem.o [1]
  .text                  ro code  0x08004194   0x338  stm32f10x_rcc.o [1]
  .text                  ro code  0x080044cc   0x280  usb_prop.o [1]
  .text                  ro code  0x0800474c    0xce  hw_config.o [1]
  .text                  ro code  0x0800481c   0x118  usb_pwr.o [1]
  .text                  ro code  0x08004934    0x28  usb_sil.o [1]
  .text                  ro code  0x0800495c    0xa8  misc.o [1]
  .text                  ro code  0x08004a04   0x248  usb_int.o [1]
  .text                  ro code  0x08004c4c   0x1f0  bsp_tm7705.o [1]
  .text                  ro code  0x08004e3c   0x130  bsp_spi.o [1]
  .text                  ro code  0x08004f6c   0x116  bsp_system.o [1]
  .text                  ro code  0x08005084    0xfc  stm32f10x_gpio.o [1]
  .text                  ro code  0x08005180    0xe0  dbg_log.o [1]
  .text                  ro code  0x08005260    0x68  DblToFlt.o [5]
  .text                  ro code  0x080052c8    0x48  FltToDbl.o [5]
  .text                  ro code  0x08005310   0x1e4  bsp_systimer.o [1]
  .text                  ro code  0x080054f4   0x1c8  bsp_interface.o [1]
  .text                  ro code  0x080056bc     0xa  cxxabi.o [4]
  .text                  ro code  0x080056c8    0x78  stm32f10x_spi.o [1]
  .text                  ro code  0x08005740    0x5c  stm32f10x_flash.o [1]
  .text                  ro code  0x0800579c    0x34  stm32f10x_it.o [1]
  .text                  ro code  0x080057d0    0x20  vprintf.o [3]
  .text                  ro code  0x080057f0    0x10  bsp_systimer.o [1]
  .text                  ro code  0x08005800    0x1e  bsp_systimer.o [1]
  .text                  ro code  0x0800581e    0x20  bsp_systimer.o [1]
  .text                  ro code  0x0800583e    0x10  bsp_systimer.o [1]
  .text                  ro code  0x0800584e     0xe  bsp_systimer.o [1]
  .text                  ro code  0x0800585c   0x102  bsp_systimer.o [1]
  .text                  ro code  0x0800595e     0xe  bsp_systimer.o [1]
  .text                  ro code  0x0800596c    0x4a  bsp_systimer.o [1]
  .text                  ro code  0x080059b6     0xc  bsp_interface.o [1]
  .text                  ro code  0x080059c4   0x12c  bsp_usbhid.o [1]
  .text                  ro code  0x08005af0    0x34  bsp_interface.o [1]
  .text                  ro code  0x08005b24   0x12c  bsp_uart.o [1]
  .text                  ro code  0x08005c50    0xbc  bsp_sys_pwr.o [1]
  .text                  ro code  0x08005d0c    0x66  ABImemset.o [6]
  .text                  ro code  0x08005d74    0x1c  bsp_interface.o [1]
  .text                  ro code  0x08005d90    0xa0  cppinit.o [3]
  .text                  ro code  0x08005e30    0xec  usb_istr.o [1]
  .text                  ro code  0x08005f1c     0xc  bsp_systimer.o [1]
  .text                  ro code  0x08005f28     0xe  bsp_systimer.o [1]
  .text                  ro code  0x08005f36     0xc  bsp_systimer.o [1]
  .text                  ro code  0x08005f42     0xc  bsp_systimer.o [1]
  .text                  ro code  0x08005f4e     0xc  bsp_systimer.o [1]
  .text                  ro code  0x08005f5a    0x16  bsp_systimer.o [1]
  .text                  ro code  0x08005f70     0xc  bsp_systimer.o [1]
  .text                  ro code  0x08005f7c     0xc  bsp_systimer.o [1]
  .text                  ro code  0x08005f88     0x8  bsp_systimer.o [1]
  .text                  ro code  0x08005f90     0xc  bsp_systimer.o [1]
  .text                  ro code  0x08005f9c    0x30  bsp_systimer.o [1]
  .text                  ro code  0x08005fcc     0xc  bsp_systimer.o [1]
  .text                  ro code  0x08005fd8     0xe  bsp_systimer.o [1]
  .text                  ro code  0x08005fe6     0xe  bsp_systimer.o [1]
  .text                  ro code  0x08005ff4    0x42  bsp_systimer.o [1]
  .text                  ro code  0x08006036     0x2  bsp_systimer.o [1]
  .text                  ro code  0x08006038     0xc  bsp_systimer.o [1]
  .text                  ro code  0x08006044    0x1a  bsp_systimer.o [1]
  .text                  ro code  0x0800605e    0x1a  bsp_systimer.o [1]
  .text                  ro code  0x08006078     0xc  bsp_systimer.o [1]
  .text                  ro code  0x08006084    0x1a  bsp_systimer.o [1]
  .text                  ro code  0x0800609e    0x1a  bsp_systimer.o [1]
  .text                  ro code  0x080060b8    0x1a  bsp_systimer.o [1]
  .text                  ro code  0x080060d2     0x2  bsp_interface.o [1]
  .text                  ro code  0x080060d4    0x4c  usbio.o [1]
  .text                  ro code  0x08006120     0x6  ABImemclr4.o [6]
  .text                  ro code  0x08006128    0x40  sprintf.o [3]
  .text                  ro code  0x08006168    0x40  usb_init.o [1]
  .text                  ro code  0x080061a8    0x18  bsp_interface.o [1]
  .text                  ro code  0x080061c0   0x18a  stm32f10x_usart.o [1]
  .text                  ro code  0x0800634a    0x14  bsp_systimer.o [1]
  .text                  ro code  0x0800635e     0xc  bsp_systimer.o [1]
  .text                  ro code  0x0800636a     0x2  bsp_systimer.o [1]
  .text                  ro code  0x0800636c     0xc  bsp_systimer.o [1]
  .text                  ro code  0x08006378     0x4  bsp_systimer.o [1]
  .text                  ro code  0x0800637c     0x2  bsp_systimer.o [1]
  .text                  ro code  0x0800637e     0x2  bsp_systimer.o [1]
  .text                  ro code  0x08006380    0x1e  bsp_systimer.o [1]
  .text                  ro code  0x0800639e    0x12  bsp_systimer.o [1]
  .text                  ro code  0x080063b0    0x2e  bsp_systimer.o [1]
  .text                  ro code  0x080063de    0xba  bsp_systimer.o [1]
  .text                  ro code  0x08006498     0x2  bsp_systimer.o [1]
  .text                  ro code  0x0800649a     0x2  bsp_systimer.o [1]
  .text                  ro code  0x0800649c    0x1a  bsp_systimer.o [1]
  .text                  ro code  0x080064b6     0x2  bsp_systimer.o [1]
  .text                  ro code  0x080064b8    0x1a  bsp_systimer.o [1]
  .text                  ro code  0x080064d2     0x6  bsp_systimer.o [1]
  .text                  ro code  0x080064d8     0x2  bsp_systimer.o [1]
  .text                  ro code  0x080064da    0x26  bsp_systimer.o [1]
  .text                  ro code  0x08006500    0x1a  bsp_systimer.o [1]
  .text                  ro code  0x0800651c    0x32  ABImemset48.o [6]
  .text                  ro code  0x0800654e    0x1e  bsp_systimer.o [1]
  .text                  ro code  0x0800656c     0x2  bsp_systimer.o [1]
  .text                  ro code  0x0800656e    0x16  bsp_systimer.o [1]
  .text                  ro code  0x08006584     0xe  bsp_systimer.o [1]
  .text                  ro code  0x08006592     0xc  bsp_systimer.o [1]
  .text                  ro code  0x0800659e     0xc  bsp_systimer.o [1]
  .text                  ro code  0x080065aa    0x1e  bsp_systimer.o [1]
  .text                  ro code  0x080065c8    0x10  bsp_systimer.o [1]
  .text                  ro code  0x080065d8    0x1e  bsp_systimer.o [1]
  .text                  ro code  0x080065f6    0x14  bsp_systimer.o [1]
  .text                  ro code  0x0800660a    0x10  bsp_systimer.o [1]
  .text                  ro code  0x0800661a    0x2c  bsp_systimer.o [1]
  .text                  ro code  0x08006646    0x2c  bsp_systimer.o [1]
  .text                  ro code  0x08006672     0x2  bsp_systimer.o [1]
  .text                  ro code  0x08006674    0x20  bsp_systimer.o [1]
  .text                  ro code  0x08006694     0x2  bsp_systimer.o [1]
  .text                  ro code  0x08006696     0xc  bsp_systimer.o [1]
  .text                  ro code  0x080066a2     0xe  bsp_systimer.o [1]
  .text                  ro code  0x080066b0     0x2  bsp_systimer.o [1]
  .text                  ro code  0x080066b2     0x2  bsp_systimer.o [1]
  .text                  ro code  0x080066b4     0xc  bsp_systimer.o [1]
  .text                  ro code  0x080066c0    0x12  bsp_systimer.o [1]
  .text                  ro code  0x080066d2    0x38  bsp_systimer.o [1]
  .text                  ro code  0x0800670a    0x12  bsp_systimer.o [1]
  .text                  ro code  0x0800671c     0x2  bsp_systimer.o [1]
  .text                  ro code  0x0800671e     0x4  bsp_systimer.o [1]
  .text                  ro code  0x08006722    0x10  bsp_systimer.o [1]
  .text                  ro code  0x08006732     0x2  bsp_systimer.o [1]
  .text                  ro code  0x08006734     0x8  bsp_systimer.o [1]
  .text                  ro code  0x0800673c    0x24  bsp_systimer.o [1]
  .text                  ro code  0x08006760     0x2  bsp_systimer.o [1]
  .text                  ro code  0x08006762    0x2c  bsp_systimer.o [1]
  .text                  ro code  0x0800678e     0x4  bsp_systimer.o [1]
  .text                  ro code  0x08006792     0xe  bsp_systimer.o [1]
  .text                  ro code  0x080067a0    0x10  bsp_systimer.o [1]
  .text                  ro code  0x080067b0    0x24  newop_0.o [4]
  .text                  ro code  0x080067d4     0x4  bsp_systimer.o [1]
  .text                  ro code  0x080067d8    0x2e  bsp_systimer.o [1]
  .text                  ro code  0x08006806     0xa  delop_0.o [4]
  .text                  ro code  0x08006810     0x2  bsp_systimer.o [1]
  .text                  ro code  0x08006812     0x4  nomemory.o [4]
  .text                  ro code  0x08006816    0x1a  bsp_systimer.o [1]
  .text                  ro code  0x08006830     0x4  heaptramp0.o [3]
  .text                  ro code  0x08006834     0x2  bsp_systimer.o [1]
  .text                  ro code  0x08006836    0x1a  bsp_systimer.o [1]
  .text                  ro code  0x08006850    0x2c  bsp_systimer.o [1]
  .text                  ro code  0x0800687c   0x158  system_stm32f10x.o [1]
  .text                  ro code  0x080069d4    0x7a  bsp_systimer.o [1]
  .text                  ro code  0x08006a50    0x6c  main.o [1]
  .text                  ro code  0x08006abc    0x40  zero_init3.o [6]
  .rodata                const    0x08006afc    0x2c  usb_desc.o [1]
  .text                  ro code  0x08006b28    0x2a  usb_endp.o [1]
  .text                  ro code  0x08006b54    0x28  data_init.o [6]
  .rodata                const    0x08006b7c    0x24  usb_desc.o [1]
  .iar.init_table        const    0x08006ba0    0x24  - Linker created -
  .rodata                const    0x08006bc4    0x20  bsp_interface.o [1]
  .rodata                const    0x08006be4    0x20  bsp_interface.o [1]
  .rodata                const    0x08006c04    0x20  bsp_sys_pwr.o [1]
  .rodata                const    0x08006c24    0x20  bsp_systimer.o [1]
  .rodata                const    0x08006c44    0x20  bsp_tm7705.o [1]
  .rodata                const    0x08006c64    0x20  bsp_uart.o [1]
  .rodata                const    0x08006c84    0x20  bsp_usbhid.o [1]
  .text                  ro code  0x08006ca4    0x20  cmain_call_ctors.o [6]
  .text                  ro code  0x08006cc4    0x1e  cmain.o [6]
  .text                  ro code  0x08006ce2     0x4  low_level_init.o [3]
  .text                  ro code  0x08006ce8    0x18  main.o [1]
  .text                  ro code  0x08006d00     0x4  exit.o [3]
  .text                  ro code  0x08006d04     0xe  cexit.o [6]
  .rodata                const    0x08006d14    0x1c  bsp_tm7705.o [1]
  .rodata                const    0x08006d30    0x1c  bsp_uart.o [1]
  .rodata                const    0x08006d4c    0x18  bsp_tm7705.o [1]
  .rodata                const    0x08006d64    0x18  usb_desc.o [1]
  .text                  ro code  0x08006d7c    0x16  xprout.o [3]
  .text                  ro code  0x08006d94     0xc  putchar.o [3]
  .rodata                const    0x08006da0    0x14  bsp_usbhid.o [1]
  .rodata                const    0x08006db4    0x14  usb_desc.o [1]
  .rodata                const    0x08006dc8    0x14  usb_desc.o [1]
  .rodata                const    0x08006ddc    0x10  bsp_interface.o [1]
  .rodata                const    0x08006dec    0x10  bsp_interface.o [1]
  .rodata                const    0x08006dfc    0x10  bsp_interface.o [1]
  .rodata                const    0x08006e0c    0x10  bsp_tm7705.o [1]
  .text                  ro code  0x08006e1c    0x10  startup_stm32f10x_hd.o [1]
  .text                  ro code  0x08006e2c     0xe  bsp_interface.o [1]
  .text                  ro code  0x08006e3a     0xe  bsp_systimer.o [1]
  .rodata                const    0x08006e48     0xc  bsp_uart.o [1]
  .text                  ro code  0x08006e54     0xc  cstartup_M.o [6]
  .rodata                const    0x08006e60     0x8  dbg_log.o [1]
  .rodata                const    0x08006e68     0x8  dbg_log.o [1]
  .rodata                const    0x08006e70     0x8  dbg_log.o [1]
  .rodata                const    0x08006e78     0x8  dbg_log.o [1]
  .rodata                const    0x08006e80     0x8  dbg_log.o [1]
  .rodata                const    0x08006e88     0x8  dbg_log.o [1]
  .rodata                const    0x08006e90     0x8  dbg_log.o [1]
  .rodata                const    0x08006e98     0x8  dbg_log.o [1]
  .rodata                const    0x08006ea0     0x8  dbg_log.o [1]
  SHT$$PREINIT_ARRAY              0x08006ea8     0x0  <Block>
  SHT$$INIT_ARRAY                 0x08006ea8     0x8  <Block>
    .init_array          const    0x08006ea8     0x4  bsp_interface.o [1]
    .init_array          const    0x08006eac     0x4  bsp_systimer.o [1]
  __iar_tls$$INIT_ARRAY           0x08006eb0     0x0  <Block>
  .rodata                const    0x08006eb0     0x4  usb_desc.o [1]
  .rodata                const    0x08006eb4     0x4  xlocale_c.o [3]
  .text                  ro code  0x08006eb8     0x4  startup_stm32f10x_hd.o [1]
  .text                  ro code  0x08006ebc     0x4  startup_stm32f10x_hd.o [1]
  .text                  ro code  0x08006ec0     0x4  startup_stm32f10x_hd.o [1]
  .text                  ro code  0x08006ec4     0x4  startup_stm32f10x_hd.o [1]
  .text                  ro code  0x08006ec8     0x4  startup_stm32f10x_hd.o [1]
  .text                  ro code  0x08006ecc     0x4  startup_stm32f10x_hd.o [1]
  .text                  ro code  0x08006ed0     0x4  startup_stm32f10x_hd.o [1]
  .text                  ro code  0x08006ed4     0x4  startup_stm32f10x_hd.o [1]
  .text                  ro code  0x08006ed8     0x4  startup_stm32f10x_hd.o [1]
  .text                  ro code  0x08006edc     0x4  startup_stm32f10x_hd.o [1]
  .text                  ro code  0x08006ee0     0x4  startup_stm32f10x_hd.o [1]
  .text                  ro code  0x08006ee4     0x4  startup_stm32f10x_hd.o [1]
  .text                  ro code  0x08006ee8     0x4  startup_stm32f10x_hd.o [1]
  .text                  ro code  0x08006eec     0x4  startup_stm32f10x_hd.o [1]
  .text                  ro code  0x08006ef0     0x4  startup_stm32f10x_hd.o [1]
  .text                  ro code  0x08006ef4     0x4  startup_stm32f10x_hd.o [1]
  .text                  ro code  0x08006ef8     0x4  startup_stm32f10x_hd.o [1]
  .text                  ro code  0x08006efc     0x4  startup_stm32f10x_hd.o [1]
  .text                  ro code  0x08006f00     0x4  startup_stm32f10x_hd.o [1]
  .text                  ro code  0x08006f04     0x4  startup_stm32f10x_hd.o [1]
  .text                  ro code  0x08006f08     0x4  startup_stm32f10x_hd.o [1]
  .text                  ro code  0x08006f0c     0x4  startup_stm32f10x_hd.o [1]
  .text                  ro code  0x08006f10     0x4  startup_stm32f10x_hd.o [1]
  .text                  ro code  0x08006f14     0x4  startup_stm32f10x_hd.o [1]
  .text                  ro code  0x08006f18     0x4  startup_stm32f10x_hd.o [1]
  .text                  ro code  0x08006f1c     0x4  startup_stm32f10x_hd.o [1]
  .text                  ro code  0x08006f20     0x4  startup_stm32f10x_hd.o [1]
  .text                  ro code  0x08006f24     0x4  startup_stm32f10x_hd.o [1]
  .text                  ro code  0x08006f28     0x4  startup_stm32f10x_hd.o [1]
  .text                  ro code  0x08006f2c     0x4  startup_stm32f10x_hd.o [1]
  .text                  ro code  0x08006f30     0x4  startup_stm32f10x_hd.o [1]
  .text                  ro code  0x08006f34     0x4  startup_stm32f10x_hd.o [1]
  .text                  ro code  0x08006f38     0x4  startup_stm32f10x_hd.o [1]
  .text                  ro code  0x08006f3c     0x4  startup_stm32f10x_hd.o [1]
  .text                  ro code  0x08006f40     0x4  startup_stm32f10x_hd.o [1]
  .text                  ro code  0x08006f44     0x4  startup_stm32f10x_hd.o [1]
  .text                  ro code  0x08006f48     0x4  startup_stm32f10x_hd.o [1]
  .text                  ro code  0x08006f4c     0x4  startup_stm32f10x_hd.o [1]
  .text                  ro code  0x08006f50     0x4  startup_stm32f10x_hd.o [1]
  .text                  ro code  0x08006f54     0x4  startup_stm32f10x_hd.o [1]
  .text                  ro code  0x08006f58     0x4  startup_stm32f10x_hd.o [1]
  .text                  ro code  0x08006f5c     0x4  startup_stm32f10x_hd.o [1]
  .text                  ro code  0x08006f60     0x4  startup_stm32f10x_hd.o [1]
  .text                  ro code  0x08006f64     0x4  startup_stm32f10x_hd.o [1]
  .text                  ro code  0x08006f68     0x4  startup_stm32f10x_hd.o [1]
  .text                  ro code  0x08006f6c     0x4  startup_stm32f10x_hd.o [1]
  .text                  ro code  0x08006f70     0x4  startup_stm32f10x_hd.o [1]
  .text                  ro code  0x08006f74     0x4  startup_stm32f10x_hd.o [1]
  .text                  ro code  0x08006f78     0x4  startup_stm32f10x_hd.o [1]
  .text                  ro code  0x08006f7c     0x4  startup_stm32f10x_hd.o [1]
  .text                  ro code  0x08006f80     0x4  startup_stm32f10x_hd.o [1]
  .text                  ro code  0x08006f84     0x4  startup_stm32f10x_hd.o [1]
  .text                  ro code  0x08006f88     0x4  startup_stm32f10x_hd.o [1]
  .text                  ro code  0x08006f8c     0x4  startup_stm32f10x_hd.o [1]
  .text                  ro code  0x08006f90     0x4  startup_stm32f10x_hd.o [1]
  .text                  ro code  0x08006f94     0x4  startup_stm32f10x_hd.o [1]
  .text                  ro code  0x08006f98     0x4  startup_stm32f10x_hd.o [1]
  .text                  ro code  0x08006f9c     0x4  startup_stm32f10x_hd.o [1]
  .text                  ro code  0x08006fa0     0x4  startup_stm32f10x_hd.o [1]
  .text                  ro code  0x08006fa4     0x0  cstart_call_dtors.o [6]
  .rodata                const    0x08006fa4     0x0  zero_init3.o [6]
  .rodata                const    0x08006fa4     0x0  lz77_init_single.o [6]
  Initializer bytes      const    0x08006fa4    0xcc  <for P2-1>
                                - 0x08007070  0x6f40

"P2", part 1 of 3:                             0x180
  P2-1                            0x20000000   0x180  <Init block>
    .data                inited   0x20000000    0x10  stm32f10x_rcc.o [1]
    .data                inited   0x20000010     0x4  stm32f10x_rcc.o [1]
    .data                inited   0x20000014    0x1c  usb_desc.o [1]
    .data                inited   0x20000030    0x1c  usb_istr.o [1]
    .data                inited   0x2000004c    0x1c  usb_istr.o [1]
    .data                inited   0x20000068    0x30  usb_prop.o [1]
    .data                inited   0x20000098    0x24  usb_prop.o [1]
    .data                inited   0x200000bc     0x8  usb_prop.o [1]
    .data                inited   0x200000c4     0x8  usb_prop.o [1]
    .data                inited   0x200000cc     0x8  usb_prop.o [1]
    .data                inited   0x200000d4     0x8  usb_prop.o [1]
    .data                inited   0x200000dc    0x20  usb_prop.o [1]
    .data                inited   0x200000fc    0x38  xlocale_c.o [3]
    .data                inited   0x20000134    0x48  xfiles.o [3]
    .data                inited   0x2000017c     0x2  usb_prop.o [1]
    .data                inited   0x2000017e     0x1  main.o [1]
    .data                inited   0x2000017f     0x1  usb_pwr.o [1]
                                - 0x20000180   0x180

"P2", part 2 of 3:                             0x3b4
  .bss                   zero     0x20000180   0x1d8  dlmalloc.o [3]
  .bss                   zero     0x20000358    0x50  xfiles.o [3]
  .bss                   zero     0x200003a8    0x40  bsp_usbhid.o [1]
  .bss                   zero     0x200003e8    0x40  usb_endp.o [1]
  .bss                   zero     0x20000428    0x2c  bsp_interface.o [1]
  .bss                   zero     0x20000454    0x28  bsp_interface.o [1]
  .bss                   zero     0x2000047c    0x1c  usb_init.o [1]
  .bss                   zero     0x20000498    0x18  dlmalloc.o [3]
  .bss                   zero     0x200004b0     0xc  bsp_systimer.o [1]
  .bss                   zero     0x200004bc     0x4  bsp_interface.o [1]
  .bss                   zero     0x200004c0     0x4  bsp_interface.o [1]
  .bss                   zero     0x200004c4     0x4  bsp_interface.o [1]
  .bss                   zero     0x200004c8     0x4  bsp_interface.o [1]
  .bss                   zero     0x200004cc     0x4  bsp_sys_pwr.o [1]
  .bss                   zero     0x200004d0     0x4  bsp_systimer.o [1]
  .bss                   zero     0x200004d4     0x4  bsp_systimer.o [1]
  .bss                   zero     0x200004d8     0x4  bsp_tm7705.o [1]
  .bss                   zero     0x200004dc     0x4  bsp_uart.o [1]
  .bss                   zero     0x200004e0     0x4  bsp_uart.o [1]
  .bss                   zero     0x200004e4     0x4  bsp_usbhid.o [1]
  .bss                   zero     0x200004e8     0x4  bsp_usbhid.o [1]
  .bss                   zero     0x200004ec     0x4  stm32f10x_it.o [1]
  .bss                   zero     0x200004f0     0x4  usb_init.o [1]
  .bss                   zero     0x200004f4     0x4  usb_init.o [1]
  .bss                   zero     0x200004f8     0x4  usb_init.o [1]
  .bss                   zero     0x200004fc     0x4  usb_prop.o [1]
  .bss                   zero     0x20000500     0x4  usb_pwr.o [1]
  .bss                   zero     0x20000504     0x4  cppinit.o [3]
  .bss                   zero     0x20000508     0x4  cppinit.o [3]
  .bss                   zero     0x2000050c     0x4  new.o [4]
  .bss                   zero     0x20000510     0x4  xfail_s.o [3]
  .bss                   zero     0x20000514     0x4  xgetmemchunk.o [3]
  .bss                   zero     0x20000518     0x2  bsp_spi.o [1]
  .bss                   zero     0x2000051a     0x2  usb_core.o [1]
  .bss                   zero     0x2000051c     0x2  usb_init.o [1]
  .bss                   zero     0x2000051e     0x2  usb_int.o [1]
  .bss                   zero     0x20000520     0x2  usb_int.o [1]
  .bss                   zero     0x20000522     0x2  usb_istr.o [1]
  .bss                   zero     0x20000524     0x2  usb_pwr.o [1]
  .bss                   zero     0x20000526     0x1  bsp_interface.o [1]
  .bss                   zero     0x20000527     0x1  bsp_interface.o [1]
  .bss                   zero     0x20000528     0x1  bsp_sys_pwr.o [1]
  .bss                   zero     0x20000529     0x1  bsp_sys_pwr.o [1]
  .bss                   zero     0x2000052a     0x1  bsp_systimer.o [1]
  .bss                   zero     0x2000052b     0x1  bsp_tm7705.o [1]
  .bss                   zero     0x2000052c     0x1  bsp_uart.o [1]
  .bss                   zero     0x2000052d     0x1  bsp_usbhid.o [1]
  .bss                   zero     0x2000052e     0x1  bsp_usbhid.o [1]
  .bss                   zero     0x2000052f     0x1  usb_core.o [1]
  .bss                   zero     0x20000530     0x1  usb_endp.o [1]
  .bss                   zero     0x20000531     0x1  usb_init.o [1]
  .bss                   zero     0x20000532     0x1  usb_istr.o [1]
                                - 0x20000533   0x3b3

"P2", part 3 of 3:                            0x21d4
  .iar.dynexit                    0x20000534   0x1d4  <Block>
    .iar.dynexit         uninit   0x20000534     0xc  cppinit.o [3]
    .iar.dynexit         uninit   0x20000540   0x1c8  <Block tail>
  CSTACK                          0x20000708  0x1000  <Block>
    CSTACK               uninit   0x20000708  0x1000  <Block tail>
  HEAP                            0x20001708  0x1000  <Block>
    HEAP                 uninit   0x20001708  0x1000  <Block tail>
                                - 0x20002708  0x21d4


*******************************************************************************
*** INIT TABLE
***

          Address     Size
          -------     ----
Zero (__iar_zero_init3)
    1 destination range, total size 0x3b3:
          0x20000180  0x3b3

Copy/lz77 (__iar_lz77_init_single3)
    1 source range, total size 0xcc (53% of destination):
          0x08006fa4   0xcc
    1 destination range, total size 0x180:
          0x20000000  0x180

Extra (__iar_cstart_call_ctors)



*******************************************************************************
*** MODULE SUMMARY
***

    Module                  ro code  ro data  rw data
    ------                  -------  -------  -------
F:\PrivateWork\stm32_va_measuring\App\Debug\Obj: [1]
    bsp_interface.o             596      116      102
    bsp_spi.o                   304                 2
    bsp_sys_pwr.o               194       32        6
    bsp_system.o                278
    bsp_systimer.o            2 738       36       21
    bsp_tm7705.o                502      100        5
    bsp_uart.o                  306       72        9
    bsp_usbhid.o                306       52       74
    dbg_log.o                   224       72
    hw_config.o                 206
    main.o                      132        1        1
    misc.o                      168
    startup_stm32f10x_hd.o      556
    stm32f10x_flash.o            92
    stm32f10x_gpio.o            252
    stm32f10x_it.o               52                 4
    stm32f10x_rcc.o             824       10       20
    stm32f10x_spi.o             120
    stm32f10x_usart.o           394
    system_stm32f10x.o          344
    usb_core.o                3 218                 3
    usb_desc.o                           163       28
    usb_endp.o                   42                65
    usb_init.o                   64                43
    usb_int.o                   584                 4
    usb_istr.o                  236       30       59
    usb_mem.o                   112
    usb_prop.o                  640       79      154
    usb_pwr.o                   280        1        7
    usb_regs.o                  726
    usb_sil.o                    40
    usbio.o                      76
    -------------------------------------------------
    Total:                   14 606      764      607

command line: [2]
    -------------------------------------------------
    Total:

dl7M_tlf.a: [3]
    abort.o                       6
    cppinit.o                   160                20
    dlmalloc.o                5 332               496
    exit.o                        4
    heaptramp0.o                  4
    low_level_init.o              4
    putchar.o                    12
    sprintf.o                    64
    vprintf.o                    32
    xfail_s.o                    64                 4
    xfiles.o                              38      152
    xgetmemchunk.o               44                 4
    xlocale_c.o                   8       34       56
    xprintffull_nomb.o        3 618
    xprout.o                     22
    xsprout.o                    10
    -------------------------------------------------
    Total:                    9 384       72      732

dlpp7M_tl_fc.a: [4]
    cxxabi.o                     10
    delop_0.o                    10
    new.o                                           4
    newop_0.o                    36
    nomemory.o                    4
    -------------------------------------------------
    Total:                       60                 4

m7M_tl.a: [5]
    DblAdd.o                    360
    DblCmpGe.o                   46
    DblCmpLe.o                   46
    DblDiv.o                    582
    DblMul.o                    418
    DblSub.o                    226
    DblToFlt.o                  104
    DblToS32.o                   58
    DblToU32.o                   40
    FltToDbl.o                   72
    S32ToDbl.o                   34
    U32ToDbl.o                   26
    frexp.o                     112
    ldexp.o                     314
    -------------------------------------------------
    Total:                    2 438

rt7M_tl.a: [6]
    ABImemclr4.o                  6
    ABImemcpy.o                 166
    ABImemset.o                 102
    ABImemset48.o                50
    I64DivMod.o                 558
    I64DivZer.o                   2
    cexit.o                      14
    cmain.o                      30
    cmain_call_ctors.o           32
    cstart_call_dtors.o
    cstartup_M.o                 12
    data_init.o                  40
    lz77_init_single.o          122
    memchr.o                     88
    strchr.o                     22
    strlen.o                     54
    zero_init3.o                 64
    -------------------------------------------------
    Total:                    1 362

shb_l.a: [7]
    exit.o                       20
    unwind_debug.o                         1
    -------------------------------------------------
    Total:                       20        1

    Gaps                         39        2
    Linker created                        36    8 648
-----------------------------------------------------
    Grand Total:             27 909      875    9 991


*******************************************************************************
*** ENTRY LIST
***

Entry                      Address   Size  Type      Object
-----                      -------   ----  ----      ------
.iar.dynexit$$Base      0x20000534          --   Gb  - Linker created -
.iar.dynexit$$Limit     0x20000708          --   Gb  - Linker created -
.iar.init_table$$Base   0x08006ba0          --   Gb  - Linker created -
.iar.init_table$$Limit  0x08006bc4          --   Gb  - Linker created -
?main                   0x08006cc5         Code  Gb  cmain.o [6]
AD7705_CalibSelf        0x08004c4d   0x3c  Code  Gb  bsp_tm7705.o [1]
ADCPrescTable           0x20000010    0x4  Data  Lc  stm32f10x_rcc.o [1]
APBAHBPrescTable        0x20000000   0x10  Data  Lc  stm32f10x_rcc.o [1]
BSP_SYS_TIMER_Callback()
                        0x08005323   0x22  Code  Gb  bsp_systimer.o [1]
BSP_Sys_Timer_t & && std::forward<BSP_Sys_Timer_t &>(std::remove_reference<BSP_Sys_Timer_t &>::type &)
                        0x0800649b    0x2  Code  Gb  bsp_systimer.o [1]
BSP_Sys_Timer_t && std::forward<BSP_Sys_Timer_t>(std::remove_reference<BSP_Sys_Timer_t>::type &)
                        0x08006835    0x2  Code  Gb  bsp_systimer.o [1]
BSP_Sys_Timer_t * & std::_Rechecked<BSP_Sys_Timer_t *, BSP_Sys_Timer_t *>(BSP_Sys_Timer_t * &, BSP_Sys_Timer_t *)
                        0x0800678f    0x4  Code  Gb  bsp_systimer.o [1]
BSP_Sys_Timer_t * std::_Addressof<BSP_Sys_Timer_t>(BSP_Sys_Timer_t &, std::integral_constant<bool, (bool)0>)
                        0x0800637f    0x2  Code  Gb  bsp_systimer.o [1]
BSP_Sys_Timer_t * std::_Allocate<BSP_Sys_Timer_t>(unsigned int, BSP_Sys_Timer_t *, bool)
                        0x0800673d   0x24  Code  Gb  bsp_systimer.o [1]
BSP_Sys_Timer_t * std::_Move<BSP_Sys_Timer_t *, BSP_Sys_Timer_t *>(BSP_Sys_Timer_t *, BSP_Sys_Timer_t *, BSP_Sys_Timer_t *)
                        0x08006085   0x1a  Code  Gb  bsp_systimer.o [1]
BSP_Sys_Timer_t * std::_Move<BSP_Sys_Timer_t *, BSP_Sys_Timer_t *>(BSP_Sys_Timer_t *, BSP_Sys_Timer_t *, BSP_Sys_Timer_t *, std::_Nonscalar_ptr_iterator_tag)
                        0x080064db   0x26  Code  Gb  bsp_systimer.o [1]
BSP_Sys_Timer_t * std::_Unchecked<BSP_Sys_Timer_t *>(BSP_Sys_Timer_t *)
                        0x08006761    0x2  Code  Gb  bsp_systimer.o [1]
BSP_Sys_Timer_t * std::_Uninit_move<BSP_Sys_Timer_t *, BSP_Sys_Timer_t *, std::_Wrap_alloc<std::allocator<BSP_Sys_Timer_t>>>(BSP_Sys_Timer_t *, BSP_Sys_Timer_t *, BSP_Sys_Timer_t *, std::_Wrap_alloc<std::allocator<BSP_Sys_Timer_t>> &)
                        0x08006763   0x2c  Code  Gb  bsp_systimer.o [1]
BSP_Sys_Timer_t * std::_Uninit_move<BSP_Sys_Timer_t *, BSP_Sys_Timer_t *, std::allocator<BSP_Sys_Timer_t>, BSP_Sys_Timer_t>(BSP_Sys_Timer_t *, BSP_Sys_Timer_t *, BSP_Sys_Timer_t *, std::_Wrap_alloc<std::allocator<BSP_Sys_Timer_t>> &, BSP_Sys_Timer_t *, std::_Nonscalar_ptr_iterator_tag)
                        0x080067d9   0x2e  Code  Gb  bsp_systimer.o [1]
BSP_Sys_Timer_t * std::_Uninitialized_move<BSP_Sys_Timer_t *, BSP_Sys_Timer_t *, std::_Wrap_alloc<std::allocator<BSP_Sys_Timer_t>>>(BSP_Sys_Timer_t *, BSP_Sys_Timer_t *, BSP_Sys_Timer_t *, std::_Wrap_alloc<std::allocator<BSP_Sys_Timer_t>> &)
                        0x080066d3   0x38  Code  Gb  bsp_systimer.o [1]
BSP_Sys_Timer_t * std::addressof<BSP_Sys_Timer_t>(BSP_Sys_Timer_t &)
                        0x08005fcd    0xc  Code  Gb  bsp_systimer.o [1]
BSP_Sys_Timer_t * std::vector<BSP_Sys_Timer_t, std::allocator<BSP_Sys_Timer_t>>::_Umove<BSP_Sys_Timer_t *>(BSP_Sys_Timer_t *, BSP_Sys_Timer_t *, BSP_Sys_Timer_t *)
                        0x080065d9   0x1e  Code  Gb  bsp_systimer.o [1]
BSP_Sys_Timer_t const & && std::forward<BSP_Sys_Timer_t const &>(std::remove_reference<BSP_Sys_Timer_t const &>::type &)
                        0x080064b7    0x2  Code  Gb  bsp_systimer.o [1]
BSP_Sys_Timer_t const * std::_Addressof<BSP_Sys_Timer_t const>(BSP_Sys_Timer_t const &, std::integral_constant<bool, (bool)0>)
                        0x0800637d    0x2  Code  Gb  bsp_systimer.o [1]
BSP_Sys_Timer_t const * std::addressof<BSP_Sys_Timer_t const>(BSP_Sys_Timer_t const &)
                        0x08005f91    0xc  Code  Gb  bsp_systimer.o [1]
BspDefault::BspDefault()
                        0x080061a9   0x18  Code  Gb  bsp_interface.o [1]
BspDefault::BspDefault_registered()
                        0x08005af1   0x34  Code  Gb  bsp_interface.o [1]
BspDefault::BspDefault_registered()::t_ms_this
                        0x200004bc    0x4  Data  Gb  bsp_interface.o [1]
BspDefault::bsp_events_handle(BSP_Events_Package_t const *)
                        0x08002507    0x6  Code  Gb  bsp_interface.o [1]
BspDefault::init()      0x08002b07    0x2  Code  Gb  bsp_interface.o [1]
BspDefault::~BspDefault()
                        0x08006e2d    0xe  Code  Gb  bsp_interface.o [1]
BspInterfaces::BspInterfaces()
                        0x08005517   0x88  Code  Gb  bsp_interface.o [1]
BspInterfaces::BspInterfaces() [subobject]
                        0x080054f5    0xc  Code  Gb  bsp_interface.o [1]
BspInterfaces::bsp_active()
                        0x080055a1   0x64  Code  Gb  bsp_interface.o [1]
BspInterfaces::bsp_events_handle(BSP_Events_Package_t const *)
                        0x08005689   0x10  Code  Gb  bsp_interface.o [1]
BspInterfaces::bsp_mian()
                        0x0800562f   0x1a  Code  Gb  bsp_interface.o [1]
BspInterfaces::bsp_sleep()
                        0x08005605   0x2a  Code  Gb  bsp_interface.o [1]
BspInterfaces::init()   0x08005649   0x40  Code  Gb  bsp_interface.o [1]
BspInterfaces::m_pdrv   0x20000428   0x2c  Data  Gb  bsp_interface.o [1]
BspInterfaces::~BspInterfaces()
                        0x0800559f    0x2  Code  Gb  bsp_interface.o [1]
BspInterfaces::~BspInterfaces() [subobject]
                        0x08005501    0xc  Code  Gb  bsp_interface.o [1]
BspSysPwr::BspSysPwr()  0x08005c6b   0x12  Code  Gb  bsp_sys_pwr.o [1]
BspSysPwr::BspSysPwr_registered()
                        0x08005c8b   0x22  Code  Gb  bsp_sys_pwr.o [1]
BspSysPwr::BspSysPwr_registered()::static guard for t_ms_this
                        0x20000529    0x1  Data  Lc  bsp_sys_pwr.o [1]
BspSysPwr::BspSysPwr_registered()::t_ms_this
                        0x200004cc    0x4  Data  Lc  bsp_sys_pwr.o [1]
BspSysPwr::bsp_events_handle(BSP_Events_Package_t const *)
                        0x08002583    0x6  Code  Gb  bsp_sys_pwr.o [1]
BspSysPwr::init()       0x08005cad   0x3e  Code  Gb  bsp_sys_pwr.o [1]
BspSysPwr::~BspSysPwr()
                        0x08005c7d    0xe  Code  Gb  bsp_sys_pwr.o [1]
BspSysTimer::BspSysTimer()
                        0x08005345   0x12  Code  Gb  bsp_systimer.o [1]
BspSysTimer::BspSysTimer_AddFun(void (*)(), unsigned int)
                        0x08005387   0x6e  Code  Gb  bsp_systimer.o [1]
BspSysTimer::BspSysTimer_registered()
                        0x08005365   0x22  Code  Gb  bsp_systimer.o [1]
BspSysTimer::BspSysTimer_registered()::static guard for t_ms_this
                        0x2000052a    0x1  Data  Lc  bsp_systimer.o [1]
BspSysTimer::BspSysTimer_registered()::t_ms_this
                        0x200004d4    0x4  Data  Lc  bsp_systimer.o [1]
BspSysTimer::bsp_events_handle(BSP_Events_Package_t const *)
                        0x080053f5   0xd2  Code  Gb  bsp_systimer.o [1]
BspSysTimer::init()     0x08002b37    0x2  Code  Gb  bsp_systimer.o [1]
BspSysTimer::m_fun_timer
                        0x200004b0    0xc  Data  Gb  bsp_systimer.o [1]
BspSysTimer::~BspSysTimer()
                        0x08005357    0xe  Code  Gb  bsp_systimer.o [1]
BspTm7705::BspTm7705()  0x08004d99   0x12  Code  Gb  bsp_tm7705.o [1]
BspTm7705::BspTm7705_registered()
                        0x08004db9   0x22  Code  Gb  bsp_tm7705.o [1]
BspTm7705::BspTm7705_registered()::static guard for t_ms_this
                        0x2000052b    0x1  Data  Lc  bsp_tm7705.o [1]
BspTm7705::BspTm7705_registered()::t_ms_this
                        0x200004d8    0x4  Data  Lc  bsp_tm7705.o [1]
BspTm7705::bsp_events_handle(BSP_Events_Package_t const *)
                        0x0800280f    0x6  Code  Gb  bsp_tm7705.o [1]
BspTm7705::init()       0x08004ddb   0x2c  Code  Gb  bsp_tm7705.o [1]
BspTm7705::~BspTm7705()
                        0x08004dab    0xe  Code  Gb  bsp_tm7705.o [1]
BspUart::BspUart()      0x08005bc1   0x12  Code  Gb  bsp_uart.o [1]
BspUart::BspUart_registered()
                        0x08005c03   0x22  Code  Gb  bsp_uart.o [1]
BspUart::BspUart_registered()::static guard for t_ms_this
                        0x2000052c    0x1  Data  Lc  bsp_uart.o [1]
BspUart::BspUart_registered()::t_ms_this
                        0x200004e0    0x4  Data  Lc  bsp_uart.o [1]
BspUart::bsp_events_handle(BSP_Events_Package_t const *)
                        0x080029b7    0x6  Code  Gb  bsp_uart.o [1]
BspUart::init()         0x08005be1   0x22  Code  Gb  bsp_uart.o [1]
BspUart::init()::count_wake
                        0x200004dc    0x4  Data  Lc  bsp_uart.o [1]
BspUart::~BspUart()     0x08005bd3    0xe  Code  Gb  bsp_uart.o [1]
BspUsbhid::BspUsbhid()  0x08005a59   0x12  Code  Gb  bsp_usbhid.o [1]
BspUsbhid::BspUsbhid_registered()
                        0x08005a79   0x22  Code  Gb  bsp_usbhid.o [1]
BspUsbhid::BspUsbhid_registered()::static guard for t_ms_this
                        0x2000052e    0x1  Data  Lc  bsp_usbhid.o [1]
BspUsbhid::BspUsbhid_registered()::t_ms_this
                        0x200004e8    0x4  Data  Lc  bsp_usbhid.o [1]
BspUsbhid::bsp_events_handle(BSP_Events_Package_t const *)
                        0x08002a63    0x6  Code  Gb  bsp_usbhid.o [1]
BspUsbhid::init()       0x08005a9b   0x24  Code  Gb  bsp_usbhid.o [1]
BspUsbhid::~BspUsbhid()
                        0x08005a6b    0xe  Code  Gb  bsp_usbhid.o [1]
BusFault_Handler        0x080057a3    0x2  Code  Gb  stm32f10x_it.o [1]
ByteSwap(unsigned short)
                        0x0800410d   0x16  Code  Gb  usb_regs.o [1]
CSTACK$$Base            0x20000708          --   Gb  - Linker created -
CSTACK$$Limit           0x20001708          --   Gb  - Linker created -
CTR_LP()                0x08004a05  0x226  Code  Gb  usb_int.o [1]
ClearDTOG_RX(unsigned char)
                        0x08003f8d   0x38  Code  Gb  usb_regs.o [1]
ClearDTOG_TX(unsigned char)
                        0x08003fc5   0x38  Code  Gb  usb_regs.o [1]
Clear_Status_Out(unsigned char)
                        0x08003f63   0x2a  Code  Gb  usb_regs.o [1]
Config_Descriptor       0x200000c4    0x8  Data  Gb  usb_prop.o [1]
CustomHID_ConfigDescriptor
                        0x08006afc   0x2c  Data  Gb  usb_desc.o [1]
CustomHID_Data_Setup(unsigned char)
                        0x080045c1   0x86  Code  Gb  usb_prop.o [1]
CustomHID_Descriptor    0x200000d4    0x8  Data  Gb  usb_prop.o [1]
CustomHID_DeviceDescriptor
                        0x08006db4   0x14  Data  Gb  usb_desc.o [1]
CustomHID_GetConfigDescriptor(unsigned short)
                        0x0800467b   0x10  Code  Gb  usb_prop.o [1]
CustomHID_GetDeviceDescriptor(unsigned short)
                        0x0800466b   0x10  Code  Gb  usb_prop.o [1]
CustomHID_GetHIDDescriptor(unsigned short)
                        0x080046c5   0x10  Code  Gb  usb_prop.o [1]
CustomHID_GetProtocolValue(unsigned short)
                        0x08004705   0x1a  Code  Gb  usb_prop.o [1]
CustomHID_GetReportDescriptor(unsigned short)
                        0x080046b5   0x10  Code  Gb  usb_prop.o [1]
CustomHID_GetStringDescriptor(unsigned short)
                        0x0800468b   0x2a  Code  Gb  usb_prop.o [1]
CustomHID_Get_Interface_Setting(unsigned char, unsigned char)
                        0x080046d5   0x1e  Code  Gb  usb_prop.o [1]
CustomHID_NoData_Setup(unsigned char)
                        0x08004647   0x24  Code  Gb  usb_prop.o [1]
CustomHID_ReportDescriptor
                        0x08006b7c   0x24  Data  Gb  usb_desc.o [1]
CustomHID_Report_Descriptor
                        0x200000cc    0x8  Data  Gb  usb_prop.o [1]
CustomHID_Reset()       0x080044eb   0xba  Code  Gb  usb_prop.o [1]
CustomHID_SetConfiguration()
                        0x080045a5   0x10  Code  Gb  usb_prop.o [1]
CustomHID_SetDeviceAddress()
                        0x080045b5    0x8  Code  Gb  usb_prop.o [1]
CustomHID_SetProtocol()
                        0x080046f3   0x12  Code  Gb  usb_prop.o [1]
CustomHID_Status_In()   0x080045bd    0x2  Code  Gb  usb_prop.o [1]
CustomHID_Status_Out()  0x080045bf    0x2  Code  Gb  usb_prop.o [1]
CustomHID_StringLangID  0x08006eb0    0x4  Data  Gb  usb_desc.o [1]
CustomHID_StringProduct
                        0x08006d64   0x18  Data  Gb  usb_desc.o [1]
CustomHID_StringSerial  0x20000014   0x1c  Data  Gb  usb_desc.o [1]
CustomHID_StringVendor  0x08006dc8   0x14  Data  Gb  usb_desc.o [1]
CustomHID_init()        0x080044cd   0x1e  Code  Gb  usb_prop.o [1]
Data_Mul_MaxPacketSize  0x2000052f    0x1  Data  Gb  usb_core.o [1]
DebugMon_Handler        0x080057a9    0x2  Code  Gb  stm32f10x_it.o [1]
Device_Descriptor       0x200000bc    0x8  Data  Gb  usb_prop.o [1]
Device_Info             0x2000047c   0x1c  Data  Gb  usb_init.o [1]
Device_Property         0x20000068   0x30  Data  Gb  usb_prop.o [1]
Device_Table            0x2000017c    0x2  Data  Gb  usb_prop.o [1]
Dprintf(unsigned char, char const *, char const *, ...)
                        0x08005199   0x9e  Code  Gb  dbg_log.o [1]
DtorRecArray            0x20000534    0xc  Data  Lc  cppinit.o [3]
EP1_IN_Callback()       0x08006b29    0x2  Code  Gb  usb_endp.o [1]
EP1_OUT_Callback()      0x08006b2b   0x1e  Code  Gb  usb_endp.o [1]
EP2_IN_Callback()       0x08006b51    0x2  Code  Gb  usb_endp.o [1]
EPindex                 0x20000531    0x1  Data  Gb  usb_init.o [1]
Enter_LowPowerMode()    0x08004761    0x2  Code  Gb  hw_config.o [1]
FLASH_HalfCycleAccessCmd
                        0x08005757   0x20  Code  Gb  stm32f10x_flash.o [1]
FLASH_PrefetchBufferCmd
                        0x08005777   0x20  Code  Gb  stm32f10x_flash.o [1]
FLASH_SetLatency        0x08005741   0x16  Code  Gb  stm32f10x_flash.o [1]
GPIO_Init               0x08005085   0xec  Code  Gb  stm32f10x_gpio.o [1]
GPIO_ResetBits          0x08005179    0x8  Code  Gb  stm32f10x_gpio.o [1]
GPIO_SetBits            0x08005171    0x8  Code  Gb  stm32f10x_gpio.o [1]
GetEPRxAddr(unsigned char)
                        0x08004065   0x1c  Code  Gb  usb_regs.o [1]
GetEPTxAddr(unsigned char)
                        0x08004049   0x1c  Code  Gb  usb_regs.o [1]
Get_SerialNum()         0x0800478f   0x2a  Code  Gb  hw_config.o [1]
HAL_GetTick             0x080057ad    0x6  Code  Gb  stm32f10x_it.o [1]
HEAP$$Base              0x20001708          --   Gb  - Linker created -
HEAP$$Limit             0x20002708          --   Gb  - Linker created -
HardFault_Handler       0x0800579f    0x2  Code  Gb  stm32f10x_it.o [1]
In0_Process()           0x08003cd5   0x62  Code  Gb  usb_core.o [1]
Init_AD7705             0x08004c89   0x88  Code  Gb  bsp_tm7705.o [1]
Initialization guard variable for BspDefault::BspDefault_registered()::t_ms_this
                        0x20000526    0x1  Data  Gb  bsp_interface.o [1]
Leave_LowPowerMode()    0x08004763    0x2  Code  Gb  hw_config.o [1]
LoadInt                 0x08001877   0x7a  Code  Lc  xprintffull_nomb.o [3]
MemManage_Handler       0x080057a1    0x2  Code  Gb  stm32f10x_it.o [1]
NMI_Handler             0x0800579d    0x2  Code  Gb  stm32f10x_it.o [1]
NOP_Process()           0x08003e49    0x2  Code  Gb  usb_core.o [1]
NVIC_Init               0x08004967   0x66  Code  Gb  misc.o [1]
NVIC_PriorityGroupConfig
                        0x0800495d    0xa  Code  Gb  misc.o [1]
Out0_Process()          0x08003d37   0x46  Code  Gb  usb_core.o [1]
PMAToUserBufferCopy(unsigned char *, unsigned short, unsigned short)
                        0x08004163   0x2c  Code  Gb  usb_mem.o [1]
PendSV_Handler          0x080057ab    0x2  Code  Gb  stm32f10x_it.o [1]
Post0_Process()         0x08003d81   0x3c  Code  Gb  usb_core.o [1]
PowerOn()               0x0800481d    0x4  Code  Gb  usb_pwr.o [1]
ProtocolValue           0x200004fc    0x4  Data  Gb  usb_prop.o [1]
RCC_ADCCLKConfig        0x08004305   0x12  Code  Gb  stm32f10x_rcc.o [1]
RCC_APB1PeriphClockCmd  0x0800442b   0x20  Code  Gb  stm32f10x_rcc.o [1]
RCC_APB2PeriphClockCmd  0x0800440b   0x20  Code  Gb  stm32f10x_rcc.o [1]
RCC_DeInit              0x08004195   0x60  Code  Gb  stm32f10x_rcc.o [1]
RCC_GetClocksFreq       0x08004317   0xf4  Code  Gb  stm32f10x_rcc.o [1]
RCC_GetFlagStatus       0x0800444b   0x46  Code  Gb  stm32f10x_rcc.o [1]
RCC_HCLKConfig          0x080042c7   0x12  Code  Gb  stm32f10x_rcc.o [1]
RCC_HSEConfig           0x080041f5   0x56  Code  Gb  stm32f10x_rcc.o [1]
RCC_PCLK1Config         0x080042d9   0x12  Code  Gb  stm32f10x_rcc.o [1]
RCC_PCLK2Config         0x080042eb   0x14  Code  Gb  stm32f10x_rcc.o [1]
RCC_PLLCmd              0x080042a5    0xc  Code  Gb  stm32f10x_rcc.o [1]
RCC_PLLConfig           0x08004287   0x1e  Code  Gb  stm32f10x_rcc.o [1]
RCC_SYSCLKConfig        0x080042b1   0x16  Code  Gb  stm32f10x_rcc.o [1]
RCC_USBCLKConfig        0x080042ff    0x6  Code  Gb  stm32f10x_rcc.o [1]
RCC_WaitForHSEStartUp   0x0800424b   0x3c  Code  Gb  stm32f10x_rcc.o [1]
Region$$Table$$Base     0x08006ba0          --   Gb  - Linker created -
Region$$Table$$Limit    0x08006bc4          --   Gb  - Linker created -
Resume(_RESUME_STATE)   0x0800486b   0xc0  Code  Gb  usb_pwr.o [1]
ResumeS                 0x20000524    0x2  Data  Gb  usb_pwr.o [1]
Resume_Init()           0x08004849   0x22  Code  Gb  usb_pwr.o [1]
SHT$$INIT_ARRAY$$Base   0x08006ea8          --   Gb  - Linker created -
SHT$$INIT_ARRAY$$Limit  0x08006eb0          --   Gb  - Linker created -
SHT$$PREINIT_ARRAY$$Base
                        0x08006ea8          --   Gb  - Linker created -
SHT$$PREINIT_ARRAY$$Limit
                        0x08006ea8          --   Gb  - Linker created -
SPI_CS_ENABLE(unsigned char)
                        0x08004f53    0xe  Code  Gb  bsp_spi.o [1]
SPI_Cmd                 0x08005707   0x1e  Code  Gb  stm32f10x_spi.o [1]
SPI_I2S_GetFlagStatus   0x0800572d   0x14  Code  Gb  stm32f10x_spi.o [1]
SPI_I2S_ReceiveData     0x08005729    0x4  Code  Gb  stm32f10x_spi.o [1]
SPI_I2S_SendData        0x08005725    0x4  Code  Gb  stm32f10x_spi.o [1]
SPI_Init                0x080056c9   0x3e  Code  Gb  stm32f10x_spi.o [1]
SVC_Handler             0x080057a7    0x2  Code  Gb  stm32f10x_it.o [1]
SaveRState              0x2000051e    0x2  Data  Gb  usb_int.o [1]
SaveTState              0x20000520    0x2  Data  Gb  usb_int.o [1]
SetBTABLE(unsigned short)
                        0x08003e4d    0xe  Code  Gb  usb_regs.o [1]
SetDeviceAddress(unsigned char)
                        0x08003dbd   0x48  Code  Gb  usb_core.o [1]
SetEPRxAddr(unsigned char, unsigned short)
                        0x08004023   0x26  Code  Gb  usb_regs.o [1]
SetEPRxCount(unsigned char, unsigned short)
                        0x080040a1   0x54  Code  Gb  usb_regs.o [1]
SetEPRxStatus(unsigned char, unsigned short)
                        0x08003ec1   0x3e  Code  Gb  usb_regs.o [1]
SetEPRxValid(unsigned char)
                        0x08003f31   0x32  Code  Gb  usb_regs.o [1]
SetEPTxAddr(unsigned char, unsigned short)
                        0x08003ffd   0x26  Code  Gb  usb_regs.o [1]
SetEPTxCount(unsigned char, unsigned short)
                        0x08004081   0x20  Code  Gb  usb_regs.o [1]
SetEPTxStatus(unsigned char, unsigned short)
                        0x08003e83   0x3e  Code  Gb  usb_regs.o [1]
SetEPTxValid(unsigned char)
                        0x08003eff   0x32  Code  Gb  usb_regs.o [1]
SetEPType(unsigned char, unsigned short)
                        0x08003e5b   0x28  Code  Gb  usb_regs.o [1]
Set_USBClock()          0x0800474d   0x14  Code  Gb  hw_config.o [1]
Setup0_Process()        0x08003c33   0x96  Code  Gb  usb_core.o [1]
Standard_ClearFeature()
                        0x08003409  0x162  Code  Gb  usb_core.o [1]
Standard_GetConfiguration(unsigned short)
                        0x080031b9   0x2e  Code  Gb  usb_core.o [1]
Standard_GetDescriptorData(unsigned short, OneDescriptor *)
                        0x0800364b   0x2c  Code  Gb  usb_core.o [1]
Standard_GetInterface(unsigned short)
                        0x08003235   0x2e  Code  Gb  usb_core.o [1]
Standard_GetStatus(unsigned short)
                        0x080032eb  0x11e  Code  Gb  usb_core.o [1]
Standard_SetConfiguration()
                        0x080031e7   0x4e  Code  Gb  usb_core.o [1]
Standard_SetDeviceFeature()
                        0x08003627   0x24  Code  Gb  usb_core.o [1]
Standard_SetEndPointFeature()
                        0x0800356b   0xbc  Code  Gb  usb_core.o [1]
Standard_SetInterface()
                        0x08003263   0x88  Code  Gb  usb_core.o [1]
StatusInfo              0x2000051a    0x2  Data  Gb  usb_core.o [1]
String_Descriptor       0x200000dc   0x20  Data  Gb  usb_prop.o [1]
SuperInerfaces::SuperInerfaces()
                        0x080060d3    0x2  Code  Gb  bsp_interface.o [1]
SuperInerfaces::SuperInerfaces() [subobject]
                        0x080059b7    0xc  Code  Gb  bsp_interface.o [1]
SuperInerfaces::SuperInerfaces_init(SuperInerfaces*, unsigned char)
                        0x08006a51   0x6c  Code  Gb  main.o [1]
SuperInerfaces::SuperInerfaces_init(SuperInerfaces*, unsigned char)::once_fg
                        0x2000017e    0x1  Data  Gb  main.o [1]
SuperInerfaces::bsp_events_handle(BSP_Events_Package_t const *)
                        0x08005d75   0x1c  Code  Gb  bsp_interface.o [1]
SuperInerfaces::t_pApp  0x200004c4    0x4  Data  Gb  bsp_interface.o [1]
SuperInerfaces::t_pBsp  0x200004c0    0x4  Data  Gb  bsp_interface.o [1]
Suspend()               0x08004821   0x28  Code  Gb  usb_pwr.o [1]
SysTick_CLKSourceConfig
                        0x080049cd   0x20  Code  Gb  misc.o [1]
SysTick_Handler         0x080057b3   0x12  Code  Gb  stm32f10x_it.o [1]
SystemClock_Config()    0x08004fc1   0x8c  Code  Gb  bsp_system.o [1]
SystemInit              0x0800687d   0x54  Code  Gb  system_stm32f10x.o [1]
System_init_hw()        0x08004f6d   0x48  Code  Gb  bsp_system.o [1]
USART_ClearFlag         0x0800633b   0x10  Code  Gb  stm32f10x_usart.o [1]
USART_Cmd               0x080062ad   0x1e  Code  Gb  stm32f10x_usart.o [1]
USART_ITConfig          0x080062cb   0x70  Code  Gb  stm32f10x_usart.o [1]
USART_Init              0x080061c1   0xe6  Code  Gb  stm32f10x_usart.o [1]
USB_GetData(unsigned char *, unsigned int)
                        0x080060fb   0x22  Code  Gb  usbio.o [1]
USB_Init()              0x08006169   0x40  Code  Gb  usb_init.o [1]
USB_Interrupts_Config()
                        0x08004765   0x2a  Code  Gb  hw_config.o [1]
USB_Istr()              0x08005e31   0xec  Code  Gb  usb_istr.o [1]
USB_LP_CAN1_RX0_IRQHandler
                        0x080057c9    0x8  Code  Gb  stm32f10x_it.o [1]
USB_Receive_Buffer      0x200003e8   0x40  Data  Gb  usb_endp.o [1]
USB_Received_Flag       0x20000530    0x1  Data  Gb  usb_endp.o [1]
USB_SIL_Init()          0x08004935   0x1a  Code  Gb  usb_sil.o [1]
USB_SendData(unsigned char *, unsigned int)
                        0x080060d5   0x26  Code  Gb  usbio.o [1]
UsageFault_Handler      0x080057a5    0x2  Code  Gb  stm32f10x_it.o [1]
UsbReceiveCheck()::len  0x2000052d    0x1  Data  Lc  bsp_usbhid.o [1]
UsbReceiveCheck()::usb_buf
                        0x200003a8   0x40  Data  Lc  bsp_usbhid.o [1]
Usb_send_data()::count_usb
                        0x200004e4    0x4  Data  Lc  bsp_usbhid.o [1]
UserToPMABufferCopy(unsigned char *, unsigned short, unsigned short)
                        0x08004125   0x3e  Code  Gb  usb_mem.o [1]
User_Standard_Requests  0x20000098   0x24  Data  Gb  usb_prop.o [1]
Virtual function table for BspDefault
                        0x08006be4   0x20  Data  Gb  bsp_interface.o [1]
Virtual function table for BspInterfaces
                        0x08006bc4   0x20  Data  Gb  bsp_interface.o [1]
Virtual function table for BspSysPwr
                        0x08006c04   0x20  Data  Gb  bsp_sys_pwr.o [1]
Virtual function table for BspSysTimer
                        0x08006c24   0x20  Data  Gb  bsp_systimer.o [1]
Virtual function table for BspTm7705
                        0x08006c44   0x20  Data  Gb  bsp_tm7705.o [1]
Virtual function table for BspUart
                        0x08006c64   0x20  Data  Gb  bsp_uart.o [1]
Virtual function table for BspUsbhid
                        0x08006c84   0x20  Data  Gb  bsp_usbhid.o [1]
[local to bsp_sys_pwr_cpp]::bsp_sleep_stop()
                        0x08005c51   0x1a  Code  Lc  bsp_sys_pwr.o [1]
[local to bsp_tm7705_cpp]::bsp_tm7705_test()
                        0x08004d11   0x88  Code  Lc  bsp_tm7705.o [1]
[local to bsp_uart_cpp]::USART_Config(unsigned int)
                        0x08005b25   0x9c  Code  Lc  bsp_uart.o [1]
[local to bsp_usbhid_cpp]::UsbReceiveCheck()
                        0x08005a45   0x14  Code  Lc  bsp_usbhid.o [1]
[local to bsp_usbhid_cpp]::Usb_read(unsigned char *, unsigned char *)
                        0x080059c5   0x30  Code  Lc  bsp_usbhid.o [1]
[local to bsp_usbhid_cpp]::Usb_send_data()
                        0x08005a09   0x3c  Code  Lc  bsp_usbhid.o [1]
[local to bsp_usbhid_cpp]::Usb_write(unsigned char *, unsigned char)
                        0x080059f5   0x14  Code  Lc  bsp_usbhid.o [1]
[local to hw_config_c]::IntToUnicode(unsigned int, unsigned char *, unsigned char)
                        0x080047cd   0x4e  Code  Lc  hw_config.o [1]
[local to system_stm32f10x_c]::SetSysClock()
                        0x080068d1    0x8  Code  Lc  system_stm32f10x.o [1]
[local to system_stm32f10x_c]::SetSysClockTo72()
                        0x080068d9   0xe0  Code  Lc  system_stm32f10x.o [1]
[local to usb_core_c]::DataStageIn()
                        0x08003735   0xce  Code  Lc  usb_core.o [1]
[local to usb_core_c]::DataStageOut()
                        0x08003677   0xbe  Code  Lc  usb_core.o [1]
[local to usb_core_c]::Data_Setup0()
                        0x08003967  0x2cc  Code  Lc  usb_core.o [1]
[local to usb_core_c]::NoData_Setup0()
                        0x08003803  0x164  Code  Lc  usb_core.o [1]
_GenldFullNoMb          0x080021e5  0x274  Code  Lc  xprintffull_nomb.o [3]
_LdtobFullNoMb          0x08001db9  0x3fe  Code  Lc  xprintffull_nomb.o [3]
_LitobFullNoMb          0x08001c61  0x112  Code  Lc  xprintffull_nomb.o [3]
_Locale_lconv           0x200000fc   0x38  Data  Lc  xlocale_c.o [3]
_PrintfFullNoMb         0x080016c5  0x1a4  Code  Gb  xprintffull_nomb.o [3]
_Prout                  0x08006d7d   0x16  Code  Gb  xprout.o [3]
_PutcharsFullNoMb       0x08002459   0x2e  Code  Lc  xprintffull_nomb.o [3]
_PutfldFullNoMb         0x080018f1  0x264  Code  Lc  xprintffull_nomb.o [3]
_PuttxtFullNoMb         0x08001b55  0x10c  Code  Lc  xprintffull_nomb.o [3]
_SProut                 0x080024e7    0xa  Code  Gb  xsprout.o [3]
__aeabi_atexit          0x080056bd    0xa  Code  Gb  cxxabi.o [4]
__aeabi_cdcmple         0x08002ad9         Code  Gb  DblCmpLe.o [5]
__aeabi_cdrcmple        0x08002b09         Code  Gb  DblCmpGe.o [5]
__aeabi_d2f             0x08005261         Code  Gb  DblToFlt.o [5]
__aeabi_d2iz            0x08002c75         Code  Gb  DblToS32.o [5]
__aeabi_d2uiz           0x08003001         Code  Gb  DblToU32.o [5]
__aeabi_ddiv            0x08002db9         Code  Gb  DblDiv.o [5]
__aeabi_dmul            0x08002815         Code  Gb  DblMul.o [5]
__aeabi_dsub            0x08002cd5         Code  Gb  DblSub.o [5]
__aeabi_f2d             0x080052c9         Code  Gb  FltToDbl.o [5]
__aeabi_i2d             0x08002cb1         Code  Gb  S32ToDbl.o [5]
__aeabi_ldiv0           0x0800304d         Code  Gb  I64DivZer.o [6]
__aeabi_memclr4         0x08006121         Code  Gb  ABImemclr4.o [6]
__aeabi_memcpy          0x080029bd         Code  Gb  ABImemcpy.o [6]
__aeabi_memcpy4         0x080029dd         Code  Gb  ABImemcpy.o [6]
__aeabi_memcpy8         0x080029dd         Code  Gb  ABImemcpy.o [6]
__aeabi_memset          0x08005d0d         Code  Gb  ABImemset.o [6]
__aeabi_ui2d            0x08003029         Code  Gb  U32ToDbl.o [5]
__aeabi_uldivmod        0x080025e1         Code  Gb  I64DivMod.o [6]
__call_ctors            0x08005d91   0x18  Code  Gb  cppinit.o [3]
__call_dtors            0x08005ddf    0xc  Code  Gb  cppinit.o [3]
__call_dtors0           0x08005deb   0x36  Code  Gb  cppinit.o [3]
__cexit_call_dtors      0x08006d07         Code  Gb  cexit.o [6]
__cmain                 0x08006cc5         Code  Gb  cmain.o [6]
__cstart_call_dtors     0x08006fa4         Data  Gb  cstart_call_dtors.o [6]
__cxa_atexit            0x08005da9   0x36  Code  Gb  cppinit.o [3]
__data_GetMemChunk      0x08001685   0x2c  Code  Gb  xgetmemchunk.o [3]
__data_GetMemChunk::start
                        0x20000514    0x4  Data  Lc  xgetmemchunk.o [3]
__dso_handle            0x20000508    0x4  Data  Gb  cppinit.o [3]
__exit                  0x080016b1   0x14  Code  Gb  exit.o [7]
__iar_Fail_s            0x0800250d   0x1c  Code  Gb  xfail_s.o [3]
__iar_Memchr            0x08002589         Code  Gb  memchr.o [6]
__iar_Memset            0x08005d0d         Code  Gb  ABImemset.o [6]
__iar_Memset4_word      0x0800651d         Code  Gb  ABImemset48.o [6]
__iar_Memset8_word      0x0800651d         Code  Gb  ABImemset48.o [6]
__iar_Memset_word       0x08005d15         Code  Gb  ABImemset.o [6]
__iar_Stdout            0x20000134   0x48  Data  Gb  xfiles.o [3]
__iar_Strchr            0x080024f1         Code  Gb  strchr.o [6]
__iar_cstart_call_ctors
                        0x08006ca5   0x20  Code  Gb  cmain_call_ctors.o [6]
__iar_dadd              0x08002ce5         Code  Gb  DblSub.o [5]
__iar_data_init3        0x08006b55   0x28  Code  Gb  data_init.o [6]
__iar_debug_exceptions  0x08002c72    0x1  Data  Gb  unwind_debug.o [7]
__iar_dlfree            0x0800110b  0x4f6  Code  Gb  dlmalloc.o [3]
__iar_dlmalloc          0x08000e55  0x2b6  Code  Gb  dlmalloc.o [3]
__iar_dsub              0x08003051         Code  Gb  DblAdd.o [5]
__iar_dsubStart         0x08003063         Code  Gb  DblAdd.o [5]
__iar_frexp             0x08002a75         Code  Gb  frexp.o [5]
__iar_frexp64           0x08002a69         Code  Gb  frexp.o [5]
__iar_frexpl            0x08002a75         Code  Gb  frexp.o [5]
__iar_ldexp64           0x08002b39         Code  Gb  ldexp.o [5]
__iar_lz77_init_single3
                        0x0800160b   0x7a  Code  Gb  lz77_init_single.o [6]
__iar_program_start     0x08006e55         Code  Gb  cstartup_M.o [6]
__iar_scalbln64         0x08002b39         Code  Gb  ldexp.o [5]
__iar_scalbn64          0x08002b39         Code  Gb  ldexp.o [5]
__iar_systems$$module {Abs}
                        0x00000001         Data  Gb  command line/config [2]
__iar_tls$$INIT_ARRAY$$Base
                        0x08006eb0          --   Gb  - Linker created -
__iar_tls$$INIT_ARRAY$$Limit
                        0x08006eb0          --   Gb  - Linker created -
__iar_zero_init3        0x08006abd   0x40  Code  Gb  zero_init3.o [6]
__low_level_init        0x08006ce3    0x4  Code  Gb  low_level_init.o [3]
__sti__routine          0x0800550d    0xa  Code  Lc  bsp_interface.o [1]
__sti__routine          0x08005311   0x12  Code  Lc  bsp_systimer.o [1]
__vector_table          0x08000000         Data  Gb  startup_stm32f10x_hd.o [1]
_call_main              0x08006cd1         Code  Gb  cmain.o [6]
_exit                   0x08006d05         Code  Gb  cexit.o [6]
_gm_                    0x20000180  0x1d8  Data  Lc  dlmalloc.o [3]
_main                   0x08006cdf         Code  Gb  cmain.o [6]
abort                   0x08001605    0x6  Code  Gb  abort.o [3]
add_segment             0x080004f5  0x1f2  Code  Lc  dlmalloc.o [3]
bDeviceState            0x20000500    0x4  Data  Gb  usb_pwr.o [1]
bIntPackSOF             0x20000532    0x1  Data  Gb  usb_istr.o [1]
bsp_active_drv()        0x0800507f    0x2  Code  Gb  bsp_system.o [1]
bsp_clear_dog()         0x0800507d    0x2  Code  Gb  bsp_system.o [1]
bsp_delay_nms(unsigned int)
                        0x0800504d   0x16  Code  Gb  bsp_system.o [1]
bsp_delay_nus(unsigned int)
                        0x08005063   0x18  Code  Gb  bsp_system.o [1]
bsp_drv_type            0x20000527    0x1  Data  Gb  bsp_interface.o [1]
bsp_events_dat          0x20000454   0x28  Data  Gb  bsp_interface.o [1]
bsp_init_dog()          0x0800507b    0x2  Code  Gb  bsp_system.o [1]
bsp_sleep_drv()         0x08005081    0x2  Code  Gb  bsp_system.o [1]
const std::allocator<BSP_Sys_Timer_t>& && std::forward<const std::allocator<BSP_Sys_Timer_t>&>(std::remove_reference<const std::allocator<BSP_Sys_Timer_t>&>::type &)
                        0x08006695    0x2  Code  Gb  bsp_systimer.o [1]
exit                    0x08006d01    0x4  Code  Gb  exit.o [3]
fSuspendEnabled         0x2000017f    0x1  Data  Gb  usb_pwr.o [1]
fputc                   0x08005181   0x18  Code  Gb  dbg_log.o [1]
free                    0x08006831    0x4  Code  Gb  heaptramp0.o [3]
frexp                   0x08002a69         Code  Gb  frexp.o [5]
frexpl                  0x08002a69         Code  Gb  frexp.o [5]
g_bsp                   0x200004c8    0x4  Data  Gb  bsp_interface.o [1]
init_mparams            0x0800014f   0x32  Code  Lc  dlmalloc.o [3]
init_top                0x08000181   0x32  Code  Lc  dlmalloc.o [3]
ldexp                   0x08002b39         Code  Gb  ldexp.o [5]
ldexpl                  0x08002b39         Code  Gb  ldexp.o [5]
localeconv              0x08003045    0x4  Code  Gb  xlocale_c.o [3]
main                    0x08006ce9   0x18  Code  Gb  main.o [1]
memchr                  0x08002589         Code  Gb  memchr.o [6]
mparams                 0x20000498   0x18  Data  Lc  dlmalloc.o [3]
next_abi_dtor_rec       0x20000504    0x4  Data  Lc  cppinit.o [3]
obuf                    0x20000358   0x50  Data  Lc  xfiles.o [3]
operator delete (void *)
                        0x08006807    0xa  Code  Gb  delop_0.o [4]
operator new (unsigned int)
                        0x080067b1   0x24  Code  Gb  newop_0.o [4]
operator new (unsigned int, void *)
                        0x0800671f    0x4  Code  Gb  bsp_systimer.o [1]
pEpInt_IN               0x20000030   0x1c  Data  Gb  usb_istr.o [1]
pEpInt_OUT              0x2000004c   0x1c  Data  Gb  usb_istr.o [1]
pInformation            0x200004f0    0x4  Data  Gb  usb_init.o [1]
pProperty               0x200004f4    0x4  Data  Gb  usb_init.o [1]
pUser_Standard_Requests
                        0x200004f8    0x4  Data  Gb  usb_init.o [1]
pre_sys_tick            0x200004d0    0x4  Data  Lc  bsp_systimer.o [1]
prepend_alloc           0x080001b3  0x342  Code  Lc  dlmalloc.o [3]
putchar                 0x08006d95    0xc  Code  Gb  putchar.o [3]
scalbln                 0x08002b39         Code  Gb  ldexp.o [5]
scalblnl                0x08002b39         Code  Gb  ldexp.o [5]
scalbn                  0x08002b39         Code  Gb  ldexp.o [5]
scalbnl                 0x08002b39         Code  Gb  ldexp.o [5]
scale                   0x08001d73   0x46  Code  Lc  xprintffull_nomb.o [3]
sec_hand                0x20000510    0x4  Data  Lc  xfail_s.o [3]
segment_holding         0x08000131   0x1e  Code  Lc  dlmalloc.o [3]
spi_init()              0x08004e3d   0xd2  Code  Gb  bsp_spi.o [1]
spi_read_write(uint8_t)::i
                        0x20000518    0x2  Data  Lc  bsp_spi.o [1]
spi_read_write(unsigned char)
                        0x08004f0f   0x44  Code  Gb  bsp_spi.o [1]
sprintf                 0x08006129   0x40  Code  Gb  sprintf.o [3]
std::_Compressed_pair<std::_Wrap_alloc<std::allocator<BSP_Sys_Timer_t>>, std::_Vector_val<std::_Simple_types<BSP_Sys_Timer_t>>, (bool)1>::_Compressed_pair<const std::allocator<BSP_Sys_Timer_t>&, >(std::_One_then_variadic_args_t, const std::allocator<BSP_Sys_Timer_t>& &&,  &&...)
                        0x0800654f   0x1e  Code  Gb  bsp_systimer.o [1]
std::_Compressed_pair<std::_Wrap_alloc<std::allocator<BSP_Sys_Timer_t>>, std::_Vector_val<std::_Simple_types<BSP_Sys_Timer_t>>, (bool)1>::_Get_first()
                        0x08006499    0x2  Code  Gb  bsp_systimer.o [1]
std::_Compressed_pair<std::_Wrap_alloc<std::allocator<BSP_Sys_Timer_t>>, std::_Vector_val<std::_Simple_types<BSP_Sys_Timer_t>>, (bool)1>::_Get_first() const
                        0x080066b3    0x2  Code  Gb  bsp_systimer.o [1]
std::_Compressed_pair<std::_Wrap_alloc<std::allocator<BSP_Sys_Timer_t>>, std::_Vector_val<std::_Simple_types<BSP_Sys_Timer_t>>, (bool)1>::_Get_second()
                        0x0800636b    0x2  Code  Gb  bsp_systimer.o [1]
std::_Compressed_pair<std::_Wrap_alloc<std::allocator<BSP_Sys_Timer_t>>, std::_Vector_val<std::_Simple_types<BSP_Sys_Timer_t>>, (bool)1>::_Get_second() const
                        0x0800656d    0x2  Code  Gb  bsp_systimer.o [1]
std::_Container_base0::_Orphan_all()
                        0x0800671d    0x2  Code  Gb  bsp_systimer.o [1]
std::_Iterator_base0::_Adopt(void const *)
                        0x080066b1    0x2  Code  Gb  bsp_systimer.o [1]
std::_NomemoryNothrow()
                        0x08006813    0x4  Code  Gb  nomemory.o [4]
std::_Nonscalar_ptr_iterator_tag std::_Ptr_cat<BSP_Sys_Timer_t *, BSP_Sys_Timer_t *>(BSP_Sys_Timer_t * &, BSP_Sys_Timer_t * &)
                        0x080064d9    0x2  Code  Gb  bsp_systimer.o [1]
std::_Vector_alloc<std::_Vec_base_types<BSP_Sys_Timer_t, std::allocator<BSP_Sys_Timer_t>>>::_Get_data()
                        0x08005f43    0xc  Code  Gb  bsp_systimer.o [1]
std::_Vector_alloc<std::_Vec_base_types<BSP_Sys_Timer_t, std::allocator<BSP_Sys_Timer_t>>>::_Get_data() const
                        0x0800635f    0xc  Code  Gb  bsp_systimer.o [1]
std::_Vector_alloc<std::_Vec_base_types<BSP_Sys_Timer_t, std::allocator<BSP_Sys_Timer_t>>>::_Getal()
                        0x08006039    0xc  Code  Gb  bsp_systimer.o [1]
std::_Vector_alloc<std::_Vec_base_types<BSP_Sys_Timer_t, std::allocator<BSP_Sys_Timer_t>>>::_Getal() const
                        0x08006593    0xc  Code  Gb  bsp_systimer.o [1]
std::_Vector_alloc<std::_Vec_base_types<BSP_Sys_Timer_t, std::allocator<BSP_Sys_Timer_t>>>::_Myend()
                        0x08005fe7    0xe  Code  Gb  bsp_systimer.o [1]
std::_Vector_alloc<std::_Vec_base_types<BSP_Sys_Timer_t, std::allocator<BSP_Sys_Timer_t>>>::_Myend() const
                        0x08006585    0xe  Code  Gb  bsp_systimer.o [1]
std::_Vector_alloc<std::_Vec_base_types<BSP_Sys_Timer_t, std::allocator<BSP_Sys_Timer_t>>>::_Myfirst()
                        0x08005f4f    0xc  Code  Gb  bsp_systimer.o [1]
std::_Vector_alloc<std::_Vec_base_types<BSP_Sys_Timer_t, std::allocator<BSP_Sys_Timer_t>>>::_Myfirst() const
                        0x08005f37    0xc  Code  Gb  bsp_systimer.o [1]
std::_Vector_alloc<std::_Vec_base_types<BSP_Sys_Timer_t, std::allocator<BSP_Sys_Timer_t>>>::_Mylast()
                        0x08005fd9    0xe  Code  Gb  bsp_systimer.o [1]
std::_Vector_alloc<std::_Vec_base_types<BSP_Sys_Timer_t, std::allocator<BSP_Sys_Timer_t>>>::_Mylast() const
                        0x08005f29    0xe  Code  Gb  bsp_systimer.o [1]
std::_Vector_alloc<std::_Vec_base_types<BSP_Sys_Timer_t, std::allocator<BSP_Sys_Timer_t>>>::_Orphan_all()
                        0x0800660b   0x10  Code  Gb  bsp_systimer.o [1]
std::_Vector_alloc<std::_Vec_base_types<BSP_Sys_Timer_t, std::allocator<BSP_Sys_Timer_t>>>::_Vector_alloc(const std::allocator<BSP_Sys_Timer_t>&)
                        0x0800634b   0x14  Code  Gb  bsp_systimer.o [1]
std::_Vector_alloc<std::_Vec_base_types<BSP_Sys_Timer_t, std::allocator<BSP_Sys_Timer_t>>>::_Vector_alloc(const std::allocator<BSP_Sys_Timer_t>&) [subobject]
                        0x08005f1d    0xc  Code  Gb  bsp_systimer.o [1]
std::_Vector_const_iterator<std::_Vector_val<std::_Simple_types<BSP_Sys_Timer_t>>>::_Vector_const_iterator()
                        0x080064d3    0x6  Code  Gb  bsp_systimer.o [1]
std::_Vector_const_iterator<std::_Vector_val<std::_Simple_types<BSP_Sys_Timer_t>>>::_Vector_const_iterator() [subobject]
                        0x08006079    0xc  Code  Gb  bsp_systimer.o [1]
std::_Vector_const_iterator<std::_Vector_val<std::_Simple_types<BSP_Sys_Timer_t>>>::_Vector_const_iterator(BSP_Sys_Timer_t *, std::_Container_base0 const *)
                        0x0800656f   0x16  Code  Gb  bsp_systimer.o [1]
std::_Vector_const_iterator<std::_Vector_val<std::_Simple_types<BSP_Sys_Timer_t>>>::_Vector_const_iterator(BSP_Sys_Timer_t *, std::_Container_base0 const *) [subobject]
                        0x0800636d    0xc  Code  Gb  bsp_systimer.o [1]
std::_Vector_const_iterator<std::_Vector_val<std::_Simple_types<BSP_Sys_Timer_t>>>::operator *() const
                        0x08006379    0x4  Code  Gb  bsp_systimer.o [1]
std::_Vector_const_iterator<std::_Vector_val<std::_Simple_types<BSP_Sys_Timer_t>>>::operator ++()
                        0x08005f89    0x8  Code  Gb  bsp_systimer.o [1]
std::_Vector_iterator<std::_Vector_val<std::_Simple_types<BSP_Sys_Timer_t>>>::_Vector_iterator()
                        0x0800595f    0xe  Code  Gb  bsp_systimer.o [1]
std::_Vector_iterator<std::_Vector_val<std::_Simple_types<BSP_Sys_Timer_t>>>::_Vector_iterator(BSP_Sys_Timer_t *, std::_Container_base0 const *)
                        0x08005f5b   0x16  Code  Gb  bsp_systimer.o [1]
std::_Vector_iterator<std::_Vector_val<std::_Simple_types<BSP_Sys_Timer_t>>>::operator *() const
                        0x08005f71    0xc  Code  Gb  bsp_systimer.o [1]
std::_Vector_iterator<std::_Vector_val<std::_Simple_types<BSP_Sys_Timer_t>>>::operator ++()
                        0x0800584f    0xe  Code  Gb  bsp_systimer.o [1]
std::_Vector_iterator<std::_Vector_val<std::_Simple_types<BSP_Sys_Timer_t>>>::operator ->() const
                        0x0800583f   0x10  Code  Gb  bsp_systimer.o [1]
std::_Vector_val<std::_Simple_types<BSP_Sys_Timer_t>>::_Vector_val()
                        0x080066a3    0xe  Code  Gb  bsp_systimer.o [1]
std::_Wrap_alloc<std::allocator<BSP_Sys_Timer_t>>::_Wrap_alloc(const std::allocator<BSP_Sys_Timer_t>&)
                        0x08006733    0x2  Code  Gb  bsp_systimer.o [1]
std::_Wrap_alloc<std::allocator<BSP_Sys_Timer_t>>::_Wrap_alloc(const std::allocator<BSP_Sys_Timer_t>&) [subobject]
                        0x08006697    0xc  Code  Gb  bsp_systimer.o [1]
std::_Wrap_alloc<std::allocator<BSP_Sys_Timer_t>>::allocate(unsigned int)
                        0x080065c9   0x10  Code  Gb  bsp_systimer.o [1]
std::_Wrap_alloc<std::allocator<BSP_Sys_Timer_t>>::deallocate(BSP_Sys_Timer_t *, unsigned int)
                        0x080065f7   0x14  Code  Gb  bsp_systimer.o [1]
std::_Wrap_alloc<std::allocator<BSP_Sys_Timer_t>>::max_size(std::_Nil) const
                        0x0800659f    0xc  Code  Gb  bsp_systimer.o [1]
std::__iar_New_hand     0x2000050c    0x4  Data  Gb  new.o [4]
std::allocator<BSP_Sys_Timer_t>::allocate(unsigned int)
                        0x080066c1   0x12  Code  Gb  bsp_systimer.o [1]
std::allocator<BSP_Sys_Timer_t>::deallocate(BSP_Sys_Timer_t *, unsigned int)
                        0x0800670b   0x12  Code  Gb  bsp_systimer.o [1]
std::allocator<BSP_Sys_Timer_t>::max_size() const
                        0x08006735    0x8  Code  Gb  bsp_systimer.o [1]
std::allocator_traits<std::allocator<BSP_Sys_Timer_t>>::max_size(const std::allocator<BSP_Sys_Timer_t>&)
                        0x080066b5    0xc  Code  Gb  bsp_systimer.o [1]
std::iterator_traits<BSP_Sys_Timer_t *>::value_type * std::_Val_type<BSP_Sys_Timer_t *>(BSP_Sys_Timer_t *)
                        0x080067d5    0x4  Code  Gb  bsp_systimer.o [1]
std::pointer_traits<BSP_Sys_Timer_t *>::pointer_to(BSP_Sys_Timer_t &)
                        0x08005f7d    0xc  Code  Gb  bsp_systimer.o [1]
std::remove_reference<BSP_Sys_Timer_t &>::type && std::move<BSP_Sys_Timer_t &>(BSP_Sys_Timer_t & &&)
                        0x08006673    0x2  Code  Gb  bsp_systimer.o [1]
std::vector<BSP_Sys_Timer_t, std::allocator<BSP_Sys_Timer_t>>::_Destroy(BSP_Sys_Timer_t *, BSP_Sys_Timer_t *)
                        0x0800609f   0x1a  Code  Gb  bsp_systimer.o [1]
std::vector<BSP_Sys_Timer_t, std::allocator<BSP_Sys_Timer_t>>::_Grow_to(unsigned int) const
                        0x080063b1   0x2e  Code  Gb  bsp_systimer.o [1]
std::vector<BSP_Sys_Timer_t, std::allocator<BSP_Sys_Timer_t>>::_Inside(BSP_Sys_Timer_t const *) const
                        0x08005f9d   0x30  Code  Gb  bsp_systimer.o [1]
std::vector<BSP_Sys_Timer_t, std::allocator<BSP_Sys_Timer_t>>::_Make_iter(std::_Vector_const_iterator<std::_Vector_val<std::_Simple_types<BSP_Sys_Timer_t>>>) const
                        0x080060b9   0x1a  Code  Gb  bsp_systimer.o [1]
std::vector<BSP_Sys_Timer_t, std::allocator<BSP_Sys_Timer_t>>::_Orphan_range(BSP_Sys_Timer_t *, BSP_Sys_Timer_t *) const
                        0x08006037    0x2  Code  Gb  bsp_systimer.o [1]
std::vector<BSP_Sys_Timer_t, std::allocator<BSP_Sys_Timer_t>>::_Reallocate(unsigned int)
                        0x080063df   0xba  Code  Gb  bsp_systimer.o [1]
std::vector<BSP_Sys_Timer_t, std::allocator<BSP_Sys_Timer_t>>::_Reserve(unsigned int)
                        0x08005ff5   0x42  Code  Gb  bsp_systimer.o [1]
std::vector<BSP_Sys_Timer_t, std::allocator<BSP_Sys_Timer_t>>::_Tidy()
                        0x080069d5   0x7a  Code  Gb  bsp_systimer.o [1]
std::vector<BSP_Sys_Timer_t, std::allocator<BSP_Sys_Timer_t>>::_Unused_capacity() const
                        0x08006381   0x1e  Code  Gb  bsp_systimer.o [1]
std::vector<BSP_Sys_Timer_t, std::allocator<BSP_Sys_Timer_t>>::begin()
                        0x0800581f   0x20  Code  Gb  bsp_systimer.o [1]
std::vector<BSP_Sys_Timer_t, std::allocator<BSP_Sys_Timer_t>>::capacity() const
                        0x080065ab   0x1e  Code  Gb  bsp_systimer.o [1]
std::vector<BSP_Sys_Timer_t, std::allocator<BSP_Sys_Timer_t>>::erase(std::_Vector_const_iterator<std::_Vector_val<std::_Simple_types<BSP_Sys_Timer_t>>>)
                        0x0800596d   0x4a  Code  Gb  bsp_systimer.o [1]
std::vector<BSP_Sys_Timer_t, std::allocator<BSP_Sys_Timer_t>>::max_size() const
                        0x0800639f   0x12  Code  Gb  bsp_systimer.o [1]
std::vector<BSP_Sys_Timer_t, std::allocator<BSP_Sys_Timer_t>>::push_back(BSP_Sys_Timer_t const &)
                        0x0800585d  0x102  Code  Gb  bsp_systimer.o [1]
std::vector<BSP_Sys_Timer_t, std::allocator<BSP_Sys_Timer_t>>::size() const
                        0x08005801   0x1e  Code  Gb  bsp_systimer.o [1]
std::vector<BSP_Sys_Timer_t, std::allocator<BSP_Sys_Timer_t>>::vector()
                        0x080057f1   0x10  Code  Gb  bsp_systimer.o [1]
std::vector<BSP_Sys_Timer_t, std::allocator<BSP_Sys_Timer_t>>::~vector()
                        0x08006e3b    0xe  Code  Gb  bsp_systimer.o [1]
strchr                  0x080024f1         Code  Gb  strchr.o [6]
strlen                  0x0800254d         Code  Gb  strlen.o [6]
sys_alloc               0x080006ed  0x164  Code  Lc  dlmalloc.o [3]
sys_sleep_fg            0x20000528    0x1  Data  Gb  bsp_sys_pwr.o [1]
sys_trim                0x08000851   0x66  Code  Lc  dlmalloc.o [3]
time_count              0x200004ec    0x4  Data  Lc  stm32f10x_it.o [1]
tmalloc_large           0x080008c5  0x384  Code  Lc  dlmalloc.o [3]
tmalloc_small           0x08000c49  0x1fe  Code  Lc  dlmalloc.o [3]
void std::_Deallocate<BSP_Sys_Timer_t>(BSP_Sys_Timer_t *, unsigned int)
                        0x08006793    0xe  Code  Gb  bsp_systimer.o [1]
void std::_Destroy_range<std::_Wrap_alloc<std::allocator<BSP_Sys_Timer_t>>>(std::_Wrap_alloc<std::allocator<BSP_Sys_Timer_t>>::pointer, std::_Wrap_alloc<std::allocator<BSP_Sys_Timer_t>>::pointer, std::_Wrap_alloc<std::allocator<BSP_Sys_Timer_t>>&)
                        0x08006501   0x1a  Code  Gb  bsp_systimer.o [1]
void std::_Destroy_range<std::_Wrap_alloc<std::allocator<BSP_Sys_Timer_t>>>(std::_Wrap_alloc<std::allocator<BSP_Sys_Timer_t>>::pointer, std::_Wrap_alloc<std::allocator<BSP_Sys_Timer_t>>::pointer, std::_Wrap_alloc<std::allocator<BSP_Sys_Timer_t>>&, std::_Nonscalar_ptr_iterator_tag)
                        0x08006675   0x20  Code  Gb  bsp_systimer.o [1]
void std::_Wrap_alloc<std::allocator<BSP_Sys_Timer_t>>::construct<BSP_Sys_Timer_t, BSP_Sys_Timer_t &>(BSP_Sys_Timer_t *, BSP_Sys_Timer_t & &&...)
                        0x08006045   0x1a  Code  Gb  bsp_systimer.o [1]
void std::_Wrap_alloc<std::allocator<BSP_Sys_Timer_t>>::construct<BSP_Sys_Timer_t, BSP_Sys_Timer_t const &>(BSP_Sys_Timer_t *, BSP_Sys_Timer_t const & &&...)
                        0x0800605f   0x1a  Code  Gb  bsp_systimer.o [1]
void std::_Wrap_alloc<std::allocator<BSP_Sys_Timer_t>>::construct<BSP_Sys_Timer_t, BSP_Sys_Timer_t>(BSP_Sys_Timer_t *, BSP_Sys_Timer_t &&...)
                        0x08006817   0x1a  Code  Gb  bsp_systimer.o [1]
void std::_Wrap_alloc<std::allocator<BSP_Sys_Timer_t>>::destroy<BSP_Sys_Timer_t>(BSP_Sys_Timer_t *)
                        0x08006723   0x10  Code  Gb  bsp_systimer.o [1]
void std::allocator<BSP_Sys_Timer_t>::construct<BSP_Sys_Timer_t, BSP_Sys_Timer_t &>(BSP_Sys_Timer_t *, BSP_Sys_Timer_t & &&...)
                        0x0800661b   0x2c  Code  Gb  bsp_systimer.o [1]
void std::allocator<BSP_Sys_Timer_t>::construct<BSP_Sys_Timer_t, BSP_Sys_Timer_t const &>(BSP_Sys_Timer_t *, BSP_Sys_Timer_t const & &&...)
                        0x08006647   0x2c  Code  Gb  bsp_systimer.o [1]
void std::allocator<BSP_Sys_Timer_t>::construct<BSP_Sys_Timer_t, BSP_Sys_Timer_t>(BSP_Sys_Timer_t *, BSP_Sys_Timer_t &&...)
                        0x08006851   0x2c  Code  Gb  bsp_systimer.o [1]
void std::allocator<BSP_Sys_Timer_t>::destroy<BSP_Sys_Timer_t>(BSP_Sys_Timer_t *)
                        0x08006811    0x2  Code  Gb  bsp_systimer.o [1]
void std::allocator_traits<std::allocator<BSP_Sys_Timer_t>>::construct<BSP_Sys_Timer_t, BSP_Sys_Timer_t &>(std::allocator<BSP_Sys_Timer_t>&, BSP_Sys_Timer_t *, BSP_Sys_Timer_t & &&...)
                        0x0800649d   0x1a  Code  Gb  bsp_systimer.o [1]
void std::allocator_traits<std::allocator<BSP_Sys_Timer_t>>::construct<BSP_Sys_Timer_t, BSP_Sys_Timer_t const &>(std::allocator<BSP_Sys_Timer_t>&, BSP_Sys_Timer_t *, BSP_Sys_Timer_t const & &&...)
                        0x080064b9   0x1a  Code  Gb  bsp_systimer.o [1]
void std::allocator_traits<std::allocator<BSP_Sys_Timer_t>>::construct<BSP_Sys_Timer_t, BSP_Sys_Timer_t>(std::allocator<BSP_Sys_Timer_t>&, BSP_Sys_Timer_t *, BSP_Sys_Timer_t &&...)
                        0x08006837   0x1a  Code  Gb  bsp_systimer.o [1]
void std::allocator_traits<std::allocator<BSP_Sys_Timer_t>>::destroy<BSP_Sys_Timer_t>(std::allocator<BSP_Sys_Timer_t>&, BSP_Sys_Timer_t *)
                        0x080067a1   0x10  Code  Gb  bsp_systimer.o [1]
vprintf                 0x080057d1   0x20  Code  Gb  vprintf.o [3]
wInterrupt_Mask         0x2000051c    0x2  Data  Gb  usb_init.o [1]
wIstr                   0x20000522    0x2  Data  Gb  usb_istr.o [1]


[1] = F:\PrivateWork\stm32_va_measuring\App\Debug\Obj
[2] = command line
[3] = dl7M_tlf.a
[4] = dlpp7M_tl_fc.a
[5] = m7M_tl.a
[6] = rt7M_tl.a
[7] = shb_l.a

  27 909 bytes of readonly  code memory
     875 bytes of readonly  data memory
   9 991 bytes of readwrite data memory

Errors: none
Warnings: none
