###############################################################################
#
# IAR ELF Linker V8.22.2.15995/W32 for ARM                16/Oct/2019  21:39:45
# Copyright 2007-2018 IAR Systems AB.
#
#    Output file  =  
#        D:\QT\My_Qt_design\va_measuring\App\Debug\Exe\va_measure_app.out
#    Map file     =  
#        D:\QT\My_Qt_design\va_measuring\App\Debug\List\va_measure_app.map
#    Command line =  
#        -f C:\Users\admin\AppData\Local\Temp\EW5BEB.tmp
#        (D:\QT\My_Qt_design\va_measuring\App\Debug\Obj\bsp_interface.o
#        D:\QT\My_Qt_design\va_measuring\App\Debug\Obj\bsp_sys_pwr.o
#        D:\QT\My_Qt_design\va_measuring\App\Debug\Obj\bsp_system.o
#        D:\QT\My_Qt_design\va_measuring\App\Debug\Obj\bsp_systimer.o
#        D:\QT\My_Qt_design\va_measuring\App\Debug\Obj\CUsb.o
#        D:\QT\My_Qt_design\va_measuring\App\Debug\Obj\hw_config.o
#        D:\QT\My_Qt_design\va_measuring\App\Debug\Obj\IUsb.o
#        D:\QT\My_Qt_design\va_measuring\App\Debug\Obj\main.o
#        D:\QT\My_Qt_design\va_measuring\App\Debug\Obj\misc.o
#        D:\QT\My_Qt_design\va_measuring\App\Debug\Obj\startup_stm32f10x_hd.o
#        D:\QT\My_Qt_design\va_measuring\App\Debug\Obj\stm32f10x_adc.o
#        D:\QT\My_Qt_design\va_measuring\App\Debug\Obj\stm32f10x_bkp.o
#        D:\QT\My_Qt_design\va_measuring\App\Debug\Obj\stm32f10x_cec.o
#        D:\QT\My_Qt_design\va_measuring\App\Debug\Obj\stm32f10x_crc.o
#        D:\QT\My_Qt_design\va_measuring\App\Debug\Obj\stm32f10x_dac.o
#        D:\QT\My_Qt_design\va_measuring\App\Debug\Obj\stm32f10x_dbgmcu.o
#        D:\QT\My_Qt_design\va_measuring\App\Debug\Obj\stm32f10x_dma.o
#        D:\QT\My_Qt_design\va_measuring\App\Debug\Obj\stm32f10x_exti.o
#        D:\QT\My_Qt_design\va_measuring\App\Debug\Obj\stm32f10x_flash.o
#        D:\QT\My_Qt_design\va_measuring\App\Debug\Obj\stm32f10x_gpio.o
#        D:\QT\My_Qt_design\va_measuring\App\Debug\Obj\stm32f10x_i2c.o
#        D:\QT\My_Qt_design\va_measuring\App\Debug\Obj\stm32f10x_it.o
#        D:\QT\My_Qt_design\va_measuring\App\Debug\Obj\stm32f10x_iwdg.o
#        D:\QT\My_Qt_design\va_measuring\App\Debug\Obj\stm32f10x_pwr.o
#        D:\QT\My_Qt_design\va_measuring\App\Debug\Obj\stm32f10x_rcc.o
#        D:\QT\My_Qt_design\va_measuring\App\Debug\Obj\stm32f10x_rtc.o
#        D:\QT\My_Qt_design\va_measuring\App\Debug\Obj\stm32f10x_sdio.o
#        D:\QT\My_Qt_design\va_measuring\App\Debug\Obj\stm32f10x_spi.o
#        D:\QT\My_Qt_design\va_measuring\App\Debug\Obj\stm32f10x_tim.o
#        D:\QT\My_Qt_design\va_measuring\App\Debug\Obj\stm32f10x_usart.o
#        D:\QT\My_Qt_design\va_measuring\App\Debug\Obj\stm32f10x_wwdg.o
#        D:\QT\My_Qt_design\va_measuring\App\Debug\Obj\system_stm32f10x.o
#        D:\QT\My_Qt_design\va_measuring\App\Debug\Obj\usb_core.o
#        D:\QT\My_Qt_design\va_measuring\App\Debug\Obj\usb_desc.o
#        D:\QT\My_Qt_design\va_measuring\App\Debug\Obj\usb_endp.o
#        D:\QT\My_Qt_design\va_measuring\App\Debug\Obj\usb_init.o
#        D:\QT\My_Qt_design\va_measuring\App\Debug\Obj\usb_int.o
#        D:\QT\My_Qt_design\va_measuring\App\Debug\Obj\usb_istr.o
#        D:\QT\My_Qt_design\va_measuring\App\Debug\Obj\usb_mem.o
#        D:\QT\My_Qt_design\va_measuring\App\Debug\Obj\usb_prop.o
#        D:\QT\My_Qt_design\va_measuring\App\Debug\Obj\usb_pwr.o
#        D:\QT\My_Qt_design\va_measuring\App\Debug\Obj\usb_regs.o
#        D:\QT\My_Qt_design\va_measuring\App\Debug\Obj\usb_sil.o
#        D:\QT\My_Qt_design\va_measuring\App\Debug\Obj\usbio.o -o
#        D:\QT\My_Qt_design\va_measuring\App\Debug\Exe\va_measure_app.out
#        --redirect _Printf=_PrintfFullNoMb --redirect _Scanf=_ScanfFullNoMb
#        --map
#        D:\QT\My_Qt_design\va_measuring\App\Debug\List\va_measure_app.map
#        --config D:\QT\My_Qt_design\va_measuring\App\System\stm32f103x8.icf
#        --semihosting --entry __iar_program_start --vfe --text_out locale)
#
###############################################################################

*******************************************************************************
*** RUNTIME MODEL ATTRIBUTES
***

CppFlavor                     = *
__CPP_Exceptions              = Disabled
__CPP_Language                = C++14
__Heap_Handler                = DLMalloc
__SystemLibrary               = DLib
__dlib_dynamic_initialization = normal
__dlib_version                = 6


*******************************************************************************
*** HEAP SELECTION
***

The advanced heap was selected because the application calls memory
allocation functions outside of system library functions, and there
are calls to deallocation functions in the application.


*******************************************************************************
*** PLACEMENT SUMMARY
***

"A0":  place at 0x08000000 { ro section .intvec };
"P1":  place in [from 0x08000000 to 0x0800ffff] { ro };
define block CSTACK with size = 4K, alignment = 8 { };
define block HEAP with size = 4K, alignment = 8 { };
"P2":  place in [from 0x20000000 to 0x20004fff] {
          rw, block CSTACK, block HEAP };
initialize by copy { rw };

  Section                Kind        Address    Size  Object
  -------                ----        -------    ----  ------
"A0":                                          0x130
  .intvec                ro code  0x08000000   0x130  startup_stm32f10x_hd.o [1]
                                - 0x08000130   0x130

"P1":                                         0x3632
  .text                  ro code  0x08000130  0x14d4  dlmalloc.o [3]
  .text                  ro code  0x08001604     0x6  abort.o [3]
  .text                  ro code  0x0800160a    0x7a  lz77_init_single.o [5]
  .text                  ro code  0x08001684    0x2c  xgetmemchunk.o [3]
  .text                  ro code  0x080016b0    0x14  exit.o [6]
  .text                  ro code  0x080016c4   0x280  usb_prop.o [1]
  .text                  ro code  0x08001944    0xca  hw_config.o [1]
  .text                  ro code  0x08001a0e     0x6  bsp_interface.o [1]
  .text                  ro code  0x08001a14     0x4  usb_pwr.o [1]
  .text                  ro code  0x08001a18    0x28  usb_sil.o [1]
  .text                  ro code  0x08001a40   0x1e8  usb_regs.o [1]
  .text                  ro code  0x08001c28    0x86  usb_core.o [1]
  .text                  ro code  0x08001cae     0x6  bsp_sys_pwr.o [1]
  .text                  ro code  0x08001cb4   0x234  stm32f10x_rcc.o [1]
  .text                  ro code  0x08001ee8    0xa8  misc.o [1]
  .text                  ro code  0x08001f90   0x1e0  bsp_systimer.o [1]
  .text                  ro code  0x08002170    0x10  bsp_systimer.o [1]
  .text                  ro code  0x08002180     0xa  cxxabi.o [4]
  .text                  ro code  0x0800218a     0x2  bsp_interface.o [1]
  .text                  ro code  0x0800218c   0x18c  bsp_interface.o [1]
  .text                  ro code  0x08002318    0x1e  bsp_systimer.o [1]
  .text                  ro code  0x08002336    0x20  bsp_systimer.o [1]
  .text                  ro code  0x08002356    0x10  bsp_systimer.o [1]
  .text                  ro code  0x08002366     0xe  bsp_systimer.o [1]
  .text                  ro code  0x08002374   0x102  bsp_systimer.o [1]
  .text                  ro code  0x08002476     0x2  bsp_systimer.o [1]
  .text                  ro code  0x08002478    0x2c  stm32f10x_it.o [1]
  .text                  ro code  0x080024a4    0x4a  bsp_systimer.o [1]
  .text                  ro code  0x080024ee     0xc  bsp_systimer.o [1]
  .rodata                const    0x080024fa     0x1  unwind_debug.o [6]
  .text                  ro code  0x080024fc    0xa0  cppinit.o [3]
  .text                  ro code  0x0800259c     0xc  bsp_interface.o [1]
  .text                  ro code  0x080025a8    0x34  bsp_interface.o [1]
  .text                  ro code  0x080025dc    0xbc  bsp_sys_pwr.o [1]
  .text                  ro code  0x08002698    0x66  ABImemset.o [5]
  .text                  ro code  0x08002700    0xe8  bsp_system.o [1]
  .text                  ro code  0x080027e8    0x1c  bsp_interface.o [1]
  .text                  ro code  0x08002804     0xe  bsp_systimer.o [1]
  .text                  ro code  0x08002812     0xc  bsp_systimer.o [1]
  .text                  ro code  0x0800281e     0xc  bsp_systimer.o [1]
  .text                  ro code  0x0800282a     0xc  bsp_systimer.o [1]
  .text                  ro code  0x08002836    0x16  bsp_systimer.o [1]
  .text                  ro code  0x0800284c     0xc  bsp_systimer.o [1]
  .text                  ro code  0x08002858     0xc  bsp_systimer.o [1]
  .text                  ro code  0x08002864     0x8  bsp_systimer.o [1]
  .text                  ro code  0x0800286c     0xc  bsp_systimer.o [1]
  .text                  ro code  0x08002878    0x30  bsp_systimer.o [1]
  .text                  ro code  0x080028a8     0xc  bsp_systimer.o [1]
  .text                  ro code  0x080028b4     0xe  bsp_systimer.o [1]
  .text                  ro code  0x080028c2     0xe  bsp_systimer.o [1]
  .text                  ro code  0x080028d0    0x42  bsp_systimer.o [1]
  .text                  ro code  0x08002912     0x2  bsp_systimer.o [1]
  .text                  ro code  0x08002914     0xc  bsp_systimer.o [1]
  .text                  ro code  0x08002920    0x1a  bsp_systimer.o [1]
  .text                  ro code  0x0800293a    0x1a  bsp_systimer.o [1]
  .text                  ro code  0x08002954    0x1a  bsp_systimer.o [1]
  .text                  ro code  0x0800296e    0x1a  bsp_systimer.o [1]
  .text                  ro code  0x08002988    0x1a  bsp_systimer.o [1]
  .text                  ro code  0x080029a2    0x14  bsp_systimer.o [1]
  .text                  ro code  0x080029b6     0x2  bsp_interface.o [1]
  .text                  ro code  0x080029b8    0x18  bsp_interface.o [1]
  .text                  ro code  0x080029d0    0xf4  stm32f10x_gpio.o [1]
  .text                  ro code  0x08002ac4    0x5c  stm32f10x_flash.o [1]
  .text                  ro code  0x08002b20     0xc  bsp_systimer.o [1]
  .text                  ro code  0x08002b2c     0x2  bsp_systimer.o [1]
  .text                  ro code  0x08002b2e     0xc  bsp_systimer.o [1]
  .text                  ro code  0x08002b3a     0x4  bsp_systimer.o [1]
  .text                  ro code  0x08002b3e     0x2  bsp_systimer.o [1]
  .text                  ro code  0x08002b40     0x2  bsp_systimer.o [1]
  .text                  ro code  0x08002b42    0x1e  bsp_systimer.o [1]
  .text                  ro code  0x08002b60    0x12  bsp_systimer.o [1]
  .text                  ro code  0x08002b72    0x2e  bsp_systimer.o [1]
  .text                  ro code  0x08002ba0    0xba  bsp_systimer.o [1]
  .text                  ro code  0x08002c5a     0x2  bsp_systimer.o [1]
  .text                  ro code  0x08002c5c     0x2  bsp_systimer.o [1]
  .text                  ro code  0x08002c5e    0x1a  bsp_systimer.o [1]
  .text                  ro code  0x08002c78     0x2  bsp_systimer.o [1]
  .text                  ro code  0x08002c7a    0x1a  bsp_systimer.o [1]
  .text                  ro code  0x08002c94     0x2  bsp_systimer.o [1]
  .text                  ro code  0x08002c96    0x26  bsp_systimer.o [1]
  .text                  ro code  0x08002cbc    0x1a  bsp_systimer.o [1]
  .text                  ro code  0x08002cd6    0x1e  bsp_systimer.o [1]
  .text                  ro code  0x08002cf4     0x2  bsp_systimer.o [1]
  .text                  ro code  0x08002cf6    0x16  bsp_systimer.o [1]
  .text                  ro code  0x08002d0c     0xe  bsp_systimer.o [1]
  .text                  ro code  0x08002d1a     0xc  bsp_systimer.o [1]
  .text                  ro code  0x08002d26     0xc  bsp_systimer.o [1]
  .text                  ro code  0x08002d32    0x1e  bsp_systimer.o [1]
  .text                  ro code  0x08002d50    0x10  bsp_systimer.o [1]
  .text                  ro code  0x08002d60    0x1e  bsp_systimer.o [1]
  .text                  ro code  0x08002d7e    0x14  bsp_systimer.o [1]
  .text                  ro code  0x08002d92    0x10  bsp_systimer.o [1]
  .text                  ro code  0x08002da2    0x2c  bsp_systimer.o [1]
  .text                  ro code  0x08002dce    0x2c  bsp_systimer.o [1]
  .text                  ro code  0x08002dfa     0x2  bsp_systimer.o [1]
  .text                  ro code  0x08002dfc    0xa6  ABImemcpy.o [5]
  .text                  ro code  0x08002ea2    0x20  bsp_systimer.o [1]
  .text                  ro code  0x08002ec2     0x2  bsp_systimer.o [1]
  .text                  ro code  0x08002ec4     0xc  bsp_systimer.o [1]
  .text                  ro code  0x08002ed0     0xe  bsp_systimer.o [1]
  .text                  ro code  0x08002ede     0x2  bsp_systimer.o [1]
  .text                  ro code  0x08002ee0     0x2  bsp_systimer.o [1]
  .text                  ro code  0x08002ee2     0xc  bsp_systimer.o [1]
  .text                  ro code  0x08002eee    0x12  bsp_systimer.o [1]
  .text                  ro code  0x08002f00    0x38  bsp_systimer.o [1]
  .text                  ro code  0x08002f38    0x12  bsp_systimer.o [1]
  .text                  ro code  0x08002f4a     0x2  bsp_systimer.o [1]
  .text                  ro code  0x08002f4c     0x4  bsp_systimer.o [1]
  .text                  ro code  0x08002f50    0x10  bsp_systimer.o [1]
  .text                  ro code  0x08002f60     0x2  bsp_systimer.o [1]
  .text                  ro code  0x08002f62     0x8  bsp_systimer.o [1]
  .text                  ro code  0x08002f6a    0x24  bsp_systimer.o [1]
  .text                  ro code  0x08002f8e     0x2  bsp_systimer.o [1]
  .text                  ro code  0x08002f90    0x2c  bsp_systimer.o [1]
  .text                  ro code  0x08002fbc     0x4  bsp_systimer.o [1]
  .text                  ro code  0x08002fc0     0xe  bsp_systimer.o [1]
  .text                  ro code  0x08002fce    0x10  bsp_systimer.o [1]
  .text                  ro code  0x08002fe0    0x24  newop_0.o [4]
  .text                  ro code  0x08003004     0x4  bsp_systimer.o [1]
  .text                  ro code  0x08003008    0x2e  bsp_systimer.o [1]
  .text                  ro code  0x08003036     0xa  delop_0.o [4]
  .text                  ro code  0x08003040     0x2  bsp_systimer.o [1]
  .text                  ro code  0x08003042     0x4  nomemory.o [4]
  .text                  ro code  0x08003046    0x1a  bsp_systimer.o [1]
  .text                  ro code  0x08003060     0x4  heaptramp0.o [3]
  .text                  ro code  0x08003064     0x2  bsp_systimer.o [1]
  .text                  ro code  0x08003066    0x1a  bsp_systimer.o [1]
  .text                  ro code  0x08003080    0x2c  bsp_systimer.o [1]
  .text                  ro code  0x080030ac   0x158  system_stm32f10x.o [1]
  .text                  ro code  0x08003204    0x7a  bsp_systimer.o [1]
  .text                  ro code  0x08003280    0x6c  main.o [1]
  .text                  ro code  0x080032ec    0x40  usb_init.o [1]
  .text                  ro code  0x0800332c    0x40  zero_init3.o [5]
  .text                  ro code  0x0800336c    0x2e  IUsb.o [1]
  .rodata                const    0x0800339c    0x2c  usb_desc.o [1]
  .text                  ro code  0x080033c8    0x2c  main.o [1]
  .text                  ro code  0x080033f4    0x26  CUsb.o [1]
  .text                  ro code  0x0800341c    0x28  data_init.o [5]
  .rodata                const    0x08003444    0x24  usb_desc.o [1]
  .iar.init_table        const    0x08003468    0x24  - Linker created -
  .rodata                const    0x0800348c    0x20  bsp_interface.o [1]
  .rodata                const    0x080034ac    0x20  bsp_interface.o [1]
  .rodata                const    0x080034cc    0x20  bsp_sys_pwr.o [1]
  .rodata                const    0x080034ec    0x20  bsp_systimer.o [1]
  .text                  ro code  0x0800350c    0x20  cmain_call_ctors.o [5]
  .text                  ro code  0x0800352c    0x1e  cmain.o [5]
  .text                  ro code  0x0800354a     0x4  low_level_init.o [3]
  .text                  ro code  0x0800354e     0x4  exit.o [3]
  .text                  ro code  0x08003554     0xe  cexit.o [5]
  .rodata                const    0x08003564    0x18  usb_desc.o [1]
  .rodata                const    0x0800357c    0x14  usb_desc.o [1]
  .rodata                const    0x08003590    0x14  usb_desc.o [1]
  .rodata                const    0x080035a4    0x10  CUsb.o [1]
  .text                  ro code  0x080035b4    0x10  startup_stm32f10x_hd.o [1]
  .text                  ro code  0x080035c4     0xe  bsp_interface.o [1]
  .text                  ro code  0x080035d2     0xe  bsp_systimer.o [1]
  .text                  ro code  0x080035e0     0xc  cstartup_M.o [5]
  SHT$$PREINIT_ARRAY              0x080035ec     0x0  <Block>
  SHT$$INIT_ARRAY                 0x080035ec     0x8  <Block>
    .init_array          const    0x080035ec     0x4  bsp_interface.o [1]
    .init_array          const    0x080035f0     0x4  bsp_systimer.o [1]
  __iar_tls$$INIT_ARRAY           0x080035f4     0x0  <Block>
  .rodata                const    0x080035f4     0x4  usb_desc.o [1]
  .text                  ro code  0x080035f8     0x4  startup_stm32f10x_hd.o [1]
  .text                  ro code  0x080035fc     0x4  startup_stm32f10x_hd.o [1]
  .text                  ro code  0x08003600     0x4  startup_stm32f10x_hd.o [1]
  .text                  ro code  0x08003604     0x4  startup_stm32f10x_hd.o [1]
  .text                  ro code  0x08003608     0x4  startup_stm32f10x_hd.o [1]
  .text                  ro code  0x0800360c     0x4  startup_stm32f10x_hd.o [1]
  .text                  ro code  0x08003610     0x4  startup_stm32f10x_hd.o [1]
  .text                  ro code  0x08003614     0x4  startup_stm32f10x_hd.o [1]
  .text                  ro code  0x08003618     0x4  startup_stm32f10x_hd.o [1]
  .text                  ro code  0x0800361c     0x4  startup_stm32f10x_hd.o [1]
  .text                  ro code  0x08003620     0x4  startup_stm32f10x_hd.o [1]
  .text                  ro code  0x08003624     0x4  startup_stm32f10x_hd.o [1]
  .text                  ro code  0x08003628     0x4  startup_stm32f10x_hd.o [1]
  .text                  ro code  0x0800362c     0x4  startup_stm32f10x_hd.o [1]
  .text                  ro code  0x08003630     0x4  startup_stm32f10x_hd.o [1]
  .text                  ro code  0x08003634     0x4  startup_stm32f10x_hd.o [1]
  .text                  ro code  0x08003638     0x4  startup_stm32f10x_hd.o [1]
  .text                  ro code  0x0800363c     0x4  startup_stm32f10x_hd.o [1]
  .text                  ro code  0x08003640     0x4  startup_stm32f10x_hd.o [1]
  .text                  ro code  0x08003644     0x4  startup_stm32f10x_hd.o [1]
  .text                  ro code  0x08003648     0x4  startup_stm32f10x_hd.o [1]
  .text                  ro code  0x0800364c     0x4  startup_stm32f10x_hd.o [1]
  .text                  ro code  0x08003650     0x4  startup_stm32f10x_hd.o [1]
  .text                  ro code  0x08003654     0x4  startup_stm32f10x_hd.o [1]
  .text                  ro code  0x08003658     0x4  startup_stm32f10x_hd.o [1]
  .text                  ro code  0x0800365c     0x4  startup_stm32f10x_hd.o [1]
  .text                  ro code  0x08003660     0x4  startup_stm32f10x_hd.o [1]
  .text                  ro code  0x08003664     0x4  startup_stm32f10x_hd.o [1]
  .text                  ro code  0x08003668     0x4  startup_stm32f10x_hd.o [1]
  .text                  ro code  0x0800366c     0x4  startup_stm32f10x_hd.o [1]
  .text                  ro code  0x08003670     0x4  startup_stm32f10x_hd.o [1]
  .text                  ro code  0x08003674     0x4  startup_stm32f10x_hd.o [1]
  .text                  ro code  0x08003678     0x4  startup_stm32f10x_hd.o [1]
  .text                  ro code  0x0800367c     0x4  startup_stm32f10x_hd.o [1]
  .text                  ro code  0x08003680     0x4  startup_stm32f10x_hd.o [1]
  .text                  ro code  0x08003684     0x4  startup_stm32f10x_hd.o [1]
  .text                  ro code  0x08003688     0x4  startup_stm32f10x_hd.o [1]
  .text                  ro code  0x0800368c     0x4  startup_stm32f10x_hd.o [1]
  .text                  ro code  0x08003690     0x4  startup_stm32f10x_hd.o [1]
  .text                  ro code  0x08003694     0x4  startup_stm32f10x_hd.o [1]
  .text                  ro code  0x08003698     0x4  startup_stm32f10x_hd.o [1]
  .text                  ro code  0x0800369c     0x4  startup_stm32f10x_hd.o [1]
  .text                  ro code  0x080036a0     0x4  startup_stm32f10x_hd.o [1]
  .text                  ro code  0x080036a4     0x4  startup_stm32f10x_hd.o [1]
  .text                  ro code  0x080036a8     0x4  startup_stm32f10x_hd.o [1]
  .text                  ro code  0x080036ac     0x4  startup_stm32f10x_hd.o [1]
  .text                  ro code  0x080036b0     0x4  startup_stm32f10x_hd.o [1]
  .text                  ro code  0x080036b4     0x4  startup_stm32f10x_hd.o [1]
  .text                  ro code  0x080036b8     0x4  startup_stm32f10x_hd.o [1]
  .text                  ro code  0x080036bc     0x4  startup_stm32f10x_hd.o [1]
  .text                  ro code  0x080036c0     0x4  startup_stm32f10x_hd.o [1]
  .text                  ro code  0x080036c4     0x4  startup_stm32f10x_hd.o [1]
  .text                  ro code  0x080036c8     0x4  startup_stm32f10x_hd.o [1]
  .text                  ro code  0x080036cc     0x4  startup_stm32f10x_hd.o [1]
  .text                  ro code  0x080036d0     0x4  startup_stm32f10x_hd.o [1]
  .text                  ro code  0x080036d4     0x4  startup_stm32f10x_hd.o [1]
  .text                  ro code  0x080036d8     0x4  startup_stm32f10x_hd.o [1]
  .text                  ro code  0x080036dc     0x4  startup_stm32f10x_hd.o [1]
  .text                  ro code  0x080036e0     0x4  startup_stm32f10x_hd.o [1]
  .text                  ro code  0x080036e4     0x4  startup_stm32f10x_hd.o [1]
  .text                  ro code  0x080036e8     0x0  cstart_call_dtors.o [5]
  .rodata                const    0x080036e8     0x0  zero_init3.o [5]
  .rodata                const    0x080036e8     0x0  lz77_init_single.o [5]
  Initializer bytes      const    0x080036e8    0x7a  <for P2-1>
                                - 0x08003762  0x3632

"P2", part 1 of 3:                              0xb3
  P2-1                            0x20000000    0xb3  <Init block>
    .data                inited   0x20000000    0x1c  usb_desc.o [1]
    .data                inited   0x2000001c    0x30  usb_prop.o [1]
    .data                inited   0x2000004c    0x24  usb_prop.o [1]
    .data                inited   0x20000070     0x8  usb_prop.o [1]
    .data                inited   0x20000078     0x8  usb_prop.o [1]
    .data                inited   0x20000080     0x8  usb_prop.o [1]
    .data                inited   0x20000088     0x8  usb_prop.o [1]
    .data                inited   0x20000090    0x20  usb_prop.o [1]
    .data                inited   0x200000b0     0x2  usb_prop.o [1]
    .data                inited   0x200000b2     0x1  main.o [1]
                                - 0x200000b3    0xb3

"P2", part 2 of 3:                             0x2b8
  .bss                   zero     0x200000b4   0x1d8  dlmalloc.o [3]
  .bss                   zero     0x2000028c    0x2c  bsp_interface.o [1]
  .bss                   zero     0x200002b8    0x28  bsp_interface.o [1]
  .bss                   zero     0x200002e0    0x1c  usb_init.o [1]
  .bss                   zero     0x200002fc    0x18  dlmalloc.o [3]
  .bss                   zero     0x20000314     0xc  bsp_systimer.o [1]
  .bss                   zero     0x20000320     0x4  bsp_interface.o [1]
  .bss                   zero     0x20000324     0x4  bsp_interface.o [1]
  .bss                   zero     0x20000328     0x4  bsp_interface.o [1]
  .bss                   zero     0x2000032c     0x4  bsp_interface.o [1]
  .bss                   zero     0x20000330     0x4  bsp_sys_pwr.o [1]
  .bss                   zero     0x20000334     0x4  bsp_systimer.o [1]
  .bss                   zero     0x20000338     0x4  bsp_systimer.o [1]
  .bss                   zero     0x2000033c     0x4  stm32f10x_it.o [1]
  .bss                   zero     0x20000340     0x4  usb_init.o [1]
  .bss                   zero     0x20000344     0x4  usb_init.o [1]
  .bss                   zero     0x20000348     0x4  usb_init.o [1]
  .bss                   zero     0x2000034c     0x4  usb_prop.o [1]
  .bss                   zero     0x20000350     0x4  usb_pwr.o [1]
  .bss                   zero     0x20000354     0x4  cppinit.o [3]
  .bss                   zero     0x20000358     0x4  cppinit.o [3]
  .bss                   zero     0x2000035c     0x4  new.o [4]
  .bss                   zero     0x20000360     0x4  xgetmemchunk.o [3]
  .bss                   zero     0x20000364     0x2  usb_init.o [1]
  .bss                   zero     0x20000366     0x1  bsp_interface.o [1]
  .bss                   zero     0x20000367     0x1  bsp_interface.o [1]
  .bss                   zero     0x20000368     0x1  bsp_sys_pwr.o [1]
  .bss                   zero     0x20000369     0x1  bsp_sys_pwr.o [1]
  .bss                   zero     0x2000036a     0x1  bsp_systimer.o [1]
                                - 0x2000036b   0x2b7

"P2", part 3 of 3:                            0x21b4
  .iar.dynexit                    0x2000036c   0x1b0  <Block>
    .iar.dynexit         uninit   0x2000036c     0xc  cppinit.o [3]
    .iar.dynexit         uninit   0x20000378   0x1a4  <Block tail>
  CSTACK                          0x20000520  0x1000  <Block>
    CSTACK               uninit   0x20000520  0x1000  <Block tail>
  HEAP                            0x20001520  0x1000  <Block>
    HEAP                 uninit   0x20001520  0x1000  <Block tail>
                                - 0x20002520  0x21b4


*******************************************************************************
*** INIT TABLE
***

          Address     Size
          -------     ----
Zero (__iar_zero_init3)
    1 destination range, total size 0x2b7:
          0x200000b4  0x2b7

Copy/lz77 (__iar_lz77_init_single3)
    1 source range, total size 0x7a (68% of destination):
          0x080036e8   0x7a
    1 destination range, total size 0xb3:
          0x20000000   0xb3

Extra (__iar_cstart_call_ctors)



*******************************************************************************
*** MODULE SUMMARY
***

    Module                  ro code  ro data  rw data
    ------                  -------  -------  -------
D:\QT\My_Qt_design\va_measuring\App\Debug\Obj: [1]
    CUsb.o                       38       16
    IUsb.o                       46
    bsp_interface.o             536       68      102
    bsp_sys_pwr.o               194       32        6
    bsp_system.o                232
    bsp_systimer.o            2 702       36       21
    hw_config.o                 202
    main.o                      152                 1
    misc.o                      168
    startup_stm32f10x_hd.o      560
    stm32f10x_flash.o            92
    stm32f10x_gpio.o            244
    stm32f10x_it.o               44                 4
    stm32f10x_rcc.o             564
    system_stm32f10x.o          344
    usb_core.o                  134
    usb_desc.o                           167       28
    usb_init.o                   64                42
    usb_prop.o                  640      102      154
    usb_pwr.o                     4                 4
    usb_regs.o                  488
    usb_sil.o                    40
    -------------------------------------------------
    Total:                    7 488      421      362

command line: [2]
    -------------------------------------------------
    Total:

dl7M_tlf.a: [3]
    abort.o                       6
    cppinit.o                   160                20
    dlmalloc.o                5 332               496
    exit.o                        4
    heaptramp0.o                  4
    low_level_init.o              4
    xgetmemchunk.o               44                 4
    -------------------------------------------------
    Total:                    5 554               520

dlpp7M_tl_fc.a: [4]
    cxxabi.o                     10
    delop_0.o                    10
    new.o                                           4
    newop_0.o                    36
    nomemory.o                    4
    -------------------------------------------------
    Total:                       60                 4

rt7M_tl.a: [5]
    ABImemcpy.o                 166
    ABImemset.o                 102
    cexit.o                      14
    cmain.o                      30
    cmain_call_ctors.o           32
    cstart_call_dtors.o
    cstartup_M.o                 12
    data_init.o                  40
    lz77_init_single.o          122
    zero_init3.o                 64
    -------------------------------------------------
    Total:                      582

shb_l.a: [6]
    exit.o                       20
    unwind_debug.o                         1
    -------------------------------------------------
    Total:                       20        1

    Gaps                         11        4
    Linker created                        37    8 612
-----------------------------------------------------
    Grand Total:             13 715      463    9 498


*******************************************************************************
*** ENTRY LIST
***

Entry                      Address   Size  Type      Object
-----                      -------   ----  ----      ------
.iar.dynexit$$Base      0x2000036c          --   Gb  - Linker created -
.iar.dynexit$$Limit     0x2000051c          --   Gb  - Linker created -
.iar.init_table$$Base   0x08003468          --   Gb  - Linker created -
.iar.init_table$$Limit  0x0800348c          --   Gb  - Linker created -
?main                   0x0800352d         Code  Gb  cmain.o [5]
BSP_SYS_TIMER_Callback()
                        0x08001fa3   0x22  Code  Gb  bsp_systimer.o [1]
BSP_Sys_Timer_t & && std::forward<BSP_Sys_Timer_t &>(std::remove_reference<BSP_Sys_Timer_t &>::type &)
                        0x08002c5d    0x2  Code  Gb  bsp_systimer.o [1]
BSP_Sys_Timer_t && std::forward<BSP_Sys_Timer_t>(std::remove_reference<BSP_Sys_Timer_t>::type &)
                        0x08003065    0x2  Code  Gb  bsp_systimer.o [1]
BSP_Sys_Timer_t * & std::_Rechecked<BSP_Sys_Timer_t *, BSP_Sys_Timer_t *>(BSP_Sys_Timer_t * &, BSP_Sys_Timer_t *)
                        0x08002fbd    0x4  Code  Gb  bsp_systimer.o [1]
BSP_Sys_Timer_t * std::_Addressof<BSP_Sys_Timer_t>(BSP_Sys_Timer_t &, std::integral_constant<bool, (bool)0>)
                        0x08002b41    0x2  Code  Gb  bsp_systimer.o [1]
BSP_Sys_Timer_t * std::_Allocate<BSP_Sys_Timer_t>(unsigned int, BSP_Sys_Timer_t *, bool)
                        0x08002f6b   0x24  Code  Gb  bsp_systimer.o [1]
BSP_Sys_Timer_t * std::_Move<BSP_Sys_Timer_t *, BSP_Sys_Timer_t *>(BSP_Sys_Timer_t *, BSP_Sys_Timer_t *, BSP_Sys_Timer_t *)
                        0x08002955   0x1a  Code  Gb  bsp_systimer.o [1]
BSP_Sys_Timer_t * std::_Move<BSP_Sys_Timer_t *, BSP_Sys_Timer_t *>(BSP_Sys_Timer_t *, BSP_Sys_Timer_t *, BSP_Sys_Timer_t *, std::_Nonscalar_ptr_iterator_tag)
                        0x08002c97   0x26  Code  Gb  bsp_systimer.o [1]
BSP_Sys_Timer_t * std::_Unchecked<BSP_Sys_Timer_t *>(BSP_Sys_Timer_t *)
                        0x08002f8f    0x2  Code  Gb  bsp_systimer.o [1]
BSP_Sys_Timer_t * std::_Uninit_move<BSP_Sys_Timer_t *, BSP_Sys_Timer_t *, std::_Wrap_alloc<std::allocator<BSP_Sys_Timer_t>>>(BSP_Sys_Timer_t *, BSP_Sys_Timer_t *, BSP_Sys_Timer_t *, std::_Wrap_alloc<std::allocator<BSP_Sys_Timer_t>> &)
                        0x08002f91   0x2c  Code  Gb  bsp_systimer.o [1]
BSP_Sys_Timer_t * std::_Uninit_move<BSP_Sys_Timer_t *, BSP_Sys_Timer_t *, std::allocator<BSP_Sys_Timer_t>, BSP_Sys_Timer_t>(BSP_Sys_Timer_t *, BSP_Sys_Timer_t *, BSP_Sys_Timer_t *, std::_Wrap_alloc<std::allocator<BSP_Sys_Timer_t>> &, BSP_Sys_Timer_t *, std::_Nonscalar_ptr_iterator_tag)
                        0x08003009   0x2e  Code  Gb  bsp_systimer.o [1]
BSP_Sys_Timer_t * std::_Uninitialized_move<BSP_Sys_Timer_t *, BSP_Sys_Timer_t *, std::_Wrap_alloc<std::allocator<BSP_Sys_Timer_t>>>(BSP_Sys_Timer_t *, BSP_Sys_Timer_t *, BSP_Sys_Timer_t *, std::_Wrap_alloc<std::allocator<BSP_Sys_Timer_t>> &)
                        0x08002f01   0x38  Code  Gb  bsp_systimer.o [1]
BSP_Sys_Timer_t * std::addressof<BSP_Sys_Timer_t>(BSP_Sys_Timer_t &)
                        0x080028a9    0xc  Code  Gb  bsp_systimer.o [1]
BSP_Sys_Timer_t * std::vector<BSP_Sys_Timer_t, std::allocator<BSP_Sys_Timer_t>>::_Umove<BSP_Sys_Timer_t *>(BSP_Sys_Timer_t *, BSP_Sys_Timer_t *, BSP_Sys_Timer_t *)
                        0x08002d61   0x1e  Code  Gb  bsp_systimer.o [1]
BSP_Sys_Timer_t const & && std::forward<BSP_Sys_Timer_t const &>(std::remove_reference<BSP_Sys_Timer_t const &>::type &)
                        0x08002c79    0x2  Code  Gb  bsp_systimer.o [1]
BSP_Sys_Timer_t const * std::_Addressof<BSP_Sys_Timer_t const>(BSP_Sys_Timer_t const &, std::integral_constant<bool, (bool)0>)
                        0x08002b3f    0x2  Code  Gb  bsp_systimer.o [1]
BSP_Sys_Timer_t const * std::addressof<BSP_Sys_Timer_t const>(BSP_Sys_Timer_t const &)
                        0x0800286d    0xc  Code  Gb  bsp_systimer.o [1]
BspDefault::BspDefault()
                        0x080029b9   0x18  Code  Gb  bsp_interface.o [1]
BspDefault::BspDefault_registered()
                        0x080025a9   0x34  Code  Gb  bsp_interface.o [1]
BspDefault::BspDefault_registered()::t_ms_this
                        0x20000320    0x4  Data  Gb  bsp_interface.o [1]
BspDefault::bsp_events_handle(BSP_Events_Package_t const *)
                        0x08001a0f    0x6  Code  Gb  bsp_interface.o [1]
BspDefault::init()      0x0800218b    0x2  Code  Gb  bsp_interface.o [1]
BspDefault::~BspDefault()
                        0x080035c5    0xe  Code  Gb  bsp_interface.o [1]
BspInterfaces::BspInterfaces()
                        0x080021af   0x88  Code  Gb  bsp_interface.o [1]
BspInterfaces::BspInterfaces() [subobject]
                        0x0800218d    0xc  Code  Gb  bsp_interface.o [1]
BspInterfaces::bsp_active()
                        0x08002239   0x4e  Code  Gb  bsp_interface.o [1]
BspInterfaces::bsp_events_handle(BSP_Events_Package_t const *)
                        0x080022ef   0x10  Code  Gb  bsp_interface.o [1]
BspInterfaces::bsp_mian()
                        0x080022a3   0x1a  Code  Gb  bsp_interface.o [1]
BspInterfaces::bsp_sleep()
                        0x08002287   0x1c  Code  Gb  bsp_interface.o [1]
BspInterfaces::init()   0x080022bd   0x32  Code  Gb  bsp_interface.o [1]
BspInterfaces::m_pdrv   0x2000028c   0x2c  Data  Gb  bsp_interface.o [1]
BspInterfaces::~BspInterfaces()
                        0x08002237    0x2  Code  Gb  bsp_interface.o [1]
BspInterfaces::~BspInterfaces() [subobject]
                        0x08002199    0xc  Code  Gb  bsp_interface.o [1]
BspSysPwr::BspSysPwr()  0x080025f7   0x12  Code  Gb  bsp_sys_pwr.o [1]
BspSysPwr::BspSysPwr_registered()
                        0x08002617   0x22  Code  Gb  bsp_sys_pwr.o [1]
BspSysPwr::BspSysPwr_registered()::static guard for t_ms_this
                        0x20000369    0x1  Data  Lc  bsp_sys_pwr.o [1]
BspSysPwr::BspSysPwr_registered()::t_ms_this
                        0x20000330    0x4  Data  Lc  bsp_sys_pwr.o [1]
BspSysPwr::bsp_events_handle(BSP_Events_Package_t const *)
                        0x08001caf    0x6  Code  Gb  bsp_sys_pwr.o [1]
BspSysPwr::init()       0x08002639   0x3e  Code  Gb  bsp_sys_pwr.o [1]
BspSysPwr::~BspSysPwr()
                        0x08002609    0xe  Code  Gb  bsp_sys_pwr.o [1]
BspSysTimer::BspSysTimer()
                        0x08001fc5   0x12  Code  Gb  bsp_systimer.o [1]
BspSysTimer::BspSysTimer_AddFun(void (*)(), unsigned int)
                        0x08002007   0x6e  Code  Gb  bsp_systimer.o [1]
BspSysTimer::BspSysTimer_registered()
                        0x08001fe5   0x22  Code  Gb  bsp_systimer.o [1]
BspSysTimer::BspSysTimer_registered()::static guard for t_ms_this
                        0x2000036a    0x1  Data  Lc  bsp_systimer.o [1]
BspSysTimer::BspSysTimer_registered()::t_ms_this
                        0x20000338    0x4  Data  Lc  bsp_systimer.o [1]
BspSysTimer::bsp_events_handle(BSP_Events_Package_t const *)
                        0x08002075   0xcc  Code  Gb  bsp_systimer.o [1]
BspSysTimer::init()     0x08002477    0x2  Code  Gb  bsp_systimer.o [1]
BspSysTimer::m_fun_timer
                        0x20000314    0xc  Data  Gb  bsp_systimer.o [1]
BspSysTimer::~BspSysTimer()
                        0x08001fd7    0xe  Code  Gb  bsp_systimer.o [1]
BusFault_Handler        0x0800247f    0x2  Code  Gb  stm32f10x_it.o [1]
CSTACK$$Base            0x20000520          --   Gb  - Linker created -
CSTACK$$Limit           0x20001520          --   Gb  - Linker created -
CUsb::CUsb()            0x080033f5   0x12  Code  Gb  CUsb.o [1]
CUsb::~CUsb()           0x0800340d    0xe  Code  Gb  CUsb.o [1]
Clear_Status_Out(unsigned char)
                        0x08001b25   0x2a  Code  Gb  usb_regs.o [1]
Config_Descriptor       0x20000078    0x8  Data  Gb  usb_prop.o [1]
CustomHID_ConfigDescriptor
                        0x0800339c   0x2c  Data  Gb  usb_desc.o [1]
CustomHID_Data_Setup(unsigned char)
                        0x080017b9   0x86  Code  Gb  usb_prop.o [1]
CustomHID_Descriptor    0x20000088    0x8  Data  Gb  usb_prop.o [1]
CustomHID_DeviceDescriptor
                        0x0800357c   0x14  Data  Gb  usb_desc.o [1]
CustomHID_GetConfigDescriptor(unsigned short)
                        0x08001873   0x10  Code  Gb  usb_prop.o [1]
CustomHID_GetDeviceDescriptor(unsigned short)
                        0x08001863   0x10  Code  Gb  usb_prop.o [1]
CustomHID_GetHIDDescriptor(unsigned short)
                        0x080018bd   0x10  Code  Gb  usb_prop.o [1]
CustomHID_GetProtocolValue(unsigned short)
                        0x080018fd   0x1a  Code  Gb  usb_prop.o [1]
CustomHID_GetReportDescriptor(unsigned short)
                        0x080018ad   0x10  Code  Gb  usb_prop.o [1]
CustomHID_GetStringDescriptor(unsigned short)
                        0x08001883   0x2a  Code  Gb  usb_prop.o [1]
CustomHID_Get_Interface_Setting(unsigned char, unsigned char)
                        0x080018cd   0x1e  Code  Gb  usb_prop.o [1]
CustomHID_NoData_Setup(unsigned char)
                        0x0800183f   0x24  Code  Gb  usb_prop.o [1]
CustomHID_ReportDescriptor
                        0x08003444   0x24  Data  Gb  usb_desc.o [1]
CustomHID_Report_Descriptor
                        0x20000080    0x8  Data  Gb  usb_prop.o [1]
CustomHID_Reset()       0x080016e3   0xba  Code  Gb  usb_prop.o [1]
CustomHID_SetConfiguration()
                        0x0800179d   0x10  Code  Gb  usb_prop.o [1]
CustomHID_SetDeviceAddress()
                        0x080017ad    0x8  Code  Gb  usb_prop.o [1]
CustomHID_SetProtocol()
                        0x080018eb   0x12  Code  Gb  usb_prop.o [1]
CustomHID_Status_In()   0x080017b5    0x2  Code  Gb  usb_prop.o [1]
CustomHID_Status_Out()  0x080017b7    0x2  Code  Gb  usb_prop.o [1]
CustomHID_StringLangID  0x080035f4    0x4  Data  Gb  usb_desc.o [1]
CustomHID_StringProduct
                        0x08003564   0x18  Data  Gb  usb_desc.o [1]
CustomHID_StringSerial  0x20000000   0x1c  Data  Gb  usb_desc.o [1]
CustomHID_StringVendor  0x08003590   0x14  Data  Gb  usb_desc.o [1]
CustomHID_init()        0x080016c5   0x1e  Code  Gb  usb_prop.o [1]
DebugMon_Handler        0x08002485    0x2  Code  Gb  stm32f10x_it.o [1]
Device_Descriptor       0x20000070    0x8  Data  Gb  usb_prop.o [1]
Device_Info             0x200002e0   0x1c  Data  Gb  usb_init.o [1]
Device_Property         0x2000001c   0x30  Data  Gb  usb_prop.o [1]
Device_Table            0x200000b0    0x2  Data  Gb  usb_prop.o [1]
DtorRecArray            0x2000036c    0xc  Data  Lc  cppinit.o [3]
FLASH_HalfCycleAccessCmd
                        0x08002adb   0x20  Code  Gb  stm32f10x_flash.o [1]
FLASH_PrefetchBufferCmd
                        0x08002afb   0x20  Code  Gb  stm32f10x_flash.o [1]
FLASH_SetLatency        0x08002ac5   0x16  Code  Gb  stm32f10x_flash.o [1]
GPIO_Init               0x080029d1   0xec  Code  Gb  stm32f10x_gpio.o [1]
GPIO_SetBits            0x08002abd    0x8  Code  Gb  stm32f10x_gpio.o [1]
Get_SerialNum()         0x08001983   0x2a  Code  Gb  hw_config.o [1]
HAL_GetTick             0x08002489    0x6  Code  Gb  stm32f10x_it.o [1]
HEAP$$Base              0x20001520          --   Gb  - Linker created -
HEAP$$Limit             0x20002520          --   Gb  - Linker created -
HardFault_Handler       0x0800247b    0x2  Code  Gb  stm32f10x_it.o [1]
IUsb::IUsb()            0x08003397    0x2  Code  Gb  IUsb.o [1]
IUsb::IUsb() [subobject]
                        0x0800336d    0xc  Code  Gb  IUsb.o [1]
IUsb::Init()            0x08003385   0x12  Code  Gb  IUsb.o [1]
IUsb::~IUsb()           0x08003399    0x2  Code  Gb  IUsb.o [1]
IUsb::~IUsb() [subobject]
                        0x08003379    0xc  Code  Gb  IUsb.o [1]
Initialization guard variable for BspDefault::BspDefault_registered()::t_ms_this
                        0x20000366    0x1  Data  Gb  bsp_interface.o [1]
MemManage_Handler       0x0800247d    0x2  Code  Gb  stm32f10x_it.o [1]
NMI_Handler             0x08002479    0x2  Code  Gb  stm32f10x_it.o [1]
NOP_Process()           0x08001cad    0x2  Code  Gb  usb_core.o [1]
NVIC_Init               0x08001ef3   0x66  Code  Gb  misc.o [1]
NVIC_PriorityGroupConfig
                        0x08001ee9    0xa  Code  Gb  misc.o [1]
PendSV_Handler          0x08002487    0x2  Code  Gb  stm32f10x_it.o [1]
PowerOn()               0x08001a15    0x4  Code  Gb  usb_pwr.o [1]
ProtocolValue           0x2000034c    0x4  Data  Gb  usb_prop.o [1]
RCC_ADCCLKConfig        0x08001e25   0x12  Code  Gb  stm32f10x_rcc.o [1]
RCC_APB1PeriphClockCmd  0x08001e57   0x20  Code  Gb  stm32f10x_rcc.o [1]
RCC_APB2PeriphClockCmd  0x08001e37   0x20  Code  Gb  stm32f10x_rcc.o [1]
RCC_DeInit              0x08001cb5   0x60  Code  Gb  stm32f10x_rcc.o [1]
RCC_GetFlagStatus       0x08001e77   0x46  Code  Gb  stm32f10x_rcc.o [1]
RCC_HCLKConfig          0x08001de7   0x12  Code  Gb  stm32f10x_rcc.o [1]
RCC_HSEConfig           0x08001d15   0x56  Code  Gb  stm32f10x_rcc.o [1]
RCC_PCLK1Config         0x08001df9   0x12  Code  Gb  stm32f10x_rcc.o [1]
RCC_PCLK2Config         0x08001e0b   0x14  Code  Gb  stm32f10x_rcc.o [1]
RCC_PLLCmd              0x08001dc5    0xc  Code  Gb  stm32f10x_rcc.o [1]
RCC_PLLConfig           0x08001da7   0x1e  Code  Gb  stm32f10x_rcc.o [1]
RCC_SYSCLKConfig        0x08001dd1   0x16  Code  Gb  stm32f10x_rcc.o [1]
RCC_USBCLKConfig        0x08001e1f    0x6  Code  Gb  stm32f10x_rcc.o [1]
RCC_WaitForHSEStartUp   0x08001d6b   0x3c  Code  Gb  stm32f10x_rcc.o [1]
Region$$Table$$Base     0x08003468          --   Gb  - Linker created -
Region$$Table$$Limit    0x0800348c          --   Gb  - Linker created -
SHT$$INIT_ARRAY$$Base   0x080035ec          --   Gb  - Linker created -
SHT$$INIT_ARRAY$$Limit  0x080035f4          --   Gb  - Linker created -
SHT$$PREINIT_ARRAY$$Base
                        0x080035ec          --   Gb  - Linker created -
SHT$$PREINIT_ARRAY$$Limit
                        0x080035ec          --   Gb  - Linker created -
SVC_Handler             0x08002483    0x2  Code  Gb  stm32f10x_it.o [1]
SetBTABLE(unsigned short)
                        0x08001a41    0xe  Code  Gb  usb_regs.o [1]
SetDeviceAddress(unsigned char)
                        0x08001c59   0x48  Code  Gb  usb_core.o [1]
SetEPRxAddr(unsigned char, unsigned short)
                        0x08001b75   0x26  Code  Gb  usb_regs.o [1]
SetEPRxCount(unsigned char, unsigned short)
                        0x08001bbb   0x54  Code  Gb  usb_regs.o [1]
SetEPRxStatus(unsigned char, unsigned short)
                        0x08001ab5   0x3e  Code  Gb  usb_regs.o [1]
SetEPRxValid(unsigned char)
                        0x08001af3   0x32  Code  Gb  usb_regs.o [1]
SetEPTxAddr(unsigned char, unsigned short)
                        0x08001b4f   0x26  Code  Gb  usb_regs.o [1]
SetEPTxCount(unsigned char, unsigned short)
                        0x08001b9b   0x20  Code  Gb  usb_regs.o [1]
SetEPTxStatus(unsigned char, unsigned short)
                        0x08001a77   0x3e  Code  Gb  usb_regs.o [1]
SetEPType(unsigned char, unsigned short)
                        0x08001a4f   0x28  Code  Gb  usb_regs.o [1]
Set_USBClock()          0x08001945   0x14  Code  Gb  hw_config.o [1]
Standard_GetDescriptorData(unsigned short, OneDescriptor *)
                        0x08001c29   0x2c  Code  Gb  usb_core.o [1]
String_Descriptor       0x20000090   0x20  Data  Gb  usb_prop.o [1]
SuperInerfaces::SuperInerfaces()
                        0x080029b7    0x2  Code  Gb  bsp_interface.o [1]
SuperInerfaces::SuperInerfaces() [subobject]
                        0x0800259d    0xc  Code  Gb  bsp_interface.o [1]
SuperInerfaces::SuperInerfaces_init(SuperInerfaces*, unsigned char)
                        0x08003281   0x6c  Code  Gb  main.o [1]
SuperInerfaces::SuperInerfaces_init(SuperInerfaces*, unsigned char)::once_fg
                        0x200000b2    0x1  Data  Gb  main.o [1]
SuperInerfaces::bsp_events_handle(BSP_Events_Package_t const *)
                        0x080027e9   0x1c  Code  Gb  bsp_interface.o [1]
SuperInerfaces::t_pApp  0x20000328    0x4  Data  Gb  bsp_interface.o [1]
SuperInerfaces::t_pBsp  0x20000324    0x4  Data  Gb  bsp_interface.o [1]
SysTick_CLKSourceConfig
                        0x08001f59   0x20  Code  Gb  misc.o [1]
SysTick_Handler         0x0800248f   0x12  Code  Gb  stm32f10x_it.o [1]
SystemClock_Config()    0x08002755   0x8c  Code  Gb  bsp_system.o [1]
SystemInit              0x080030ad   0x54  Code  Gb  system_stm32f10x.o [1]
System_init_hw()        0x08002701   0x48  Code  Gb  bsp_system.o [1]
USB_Init()              0x080032ed   0x40  Code  Gb  usb_init.o [1]
USB_Interrupts_Config()
                        0x08001959   0x2a  Code  Gb  hw_config.o [1]
USB_SIL_Init()          0x08001a19   0x1a  Code  Gb  usb_sil.o [1]
UsageFault_Handler      0x08002481    0x2  Code  Gb  stm32f10x_it.o [1]
User_Standard_Requests  0x2000004c   0x24  Data  Gb  usb_prop.o [1]
Virtual function table for BspDefault
                        0x080034ac   0x20  Data  Gb  bsp_interface.o [1]
Virtual function table for BspInterfaces
                        0x0800348c   0x20  Data  Gb  bsp_interface.o [1]
Virtual function table for BspSysPwr
                        0x080034cc   0x20  Data  Gb  bsp_sys_pwr.o [1]
Virtual function table for BspSysTimer
                        0x080034ec   0x20  Data  Gb  bsp_systimer.o [1]
Virtual function table for CUsb
                        0x080035a4   0x10  Data  Gb  CUsb.o [1]
[local to bsp_sys_pwr_cpp]::bsp_sleep_stop()
                        0x080025dd   0x1a  Code  Lc  bsp_sys_pwr.o [1]
[local to hw_config_c]::IntToUnicode(unsigned int, unsigned char *, unsigned char)
                        0x080019c1   0x4e  Code  Lc  hw_config.o [1]
[local to system_stm32f10x_c]::SetSysClock()
                        0x08003101    0x8  Code  Lc  system_stm32f10x.o [1]
[local to system_stm32f10x_c]::SetSysClockTo72()
                        0x08003109   0xe0  Code  Lc  system_stm32f10x.o [1]
__aeabi_atexit          0x08002181    0xa  Code  Gb  cxxabi.o [4]
__aeabi_memcpy          0x08002dfd         Code  Gb  ABImemcpy.o [5]
__aeabi_memcpy4         0x08002e1d         Code  Gb  ABImemcpy.o [5]
__aeabi_memcpy8         0x08002e1d         Code  Gb  ABImemcpy.o [5]
__aeabi_memset          0x08002699         Code  Gb  ABImemset.o [5]
__call_ctors            0x080024fd   0x18  Code  Gb  cppinit.o [3]
__call_dtors            0x0800254b    0xc  Code  Gb  cppinit.o [3]
__call_dtors0           0x08002557   0x36  Code  Gb  cppinit.o [3]
__cexit_call_dtors      0x08003557         Code  Gb  cexit.o [5]
__cmain                 0x0800352d         Code  Gb  cmain.o [5]
__cstart_call_dtors     0x080036e8         Data  Gb  cstart_call_dtors.o [5]
__cxa_atexit            0x08002515   0x36  Code  Gb  cppinit.o [3]
__data_GetMemChunk      0x08001685   0x2c  Code  Gb  xgetmemchunk.o [3]
__data_GetMemChunk::start
                        0x20000360    0x4  Data  Lc  xgetmemchunk.o [3]
__dso_handle            0x20000358    0x4  Data  Gb  cppinit.o [3]
__exit                  0x080016b1   0x14  Code  Gb  exit.o [6]
__iar_Memset            0x08002699         Code  Gb  ABImemset.o [5]
__iar_Memset_word       0x080026a1         Code  Gb  ABImemset.o [5]
__iar_cstart_call_ctors
                        0x0800350d   0x20  Code  Gb  cmain_call_ctors.o [5]
__iar_data_init3        0x0800341d   0x28  Code  Gb  data_init.o [5]
__iar_debug_exceptions  0x080024fa    0x1  Data  Gb  unwind_debug.o [6]
__iar_dlfree            0x0800110b  0x4f6  Code  Gb  dlmalloc.o [3]
__iar_dlmalloc          0x08000e55  0x2b6  Code  Gb  dlmalloc.o [3]
__iar_lz77_init_single3
                        0x0800160b   0x7a  Code  Gb  lz77_init_single.o [5]
__iar_program_start     0x080035e1         Code  Gb  cstartup_M.o [5]
__iar_systems$$module {Abs}
                        0x00000001         Data  Gb  command line/config [2]
__iar_tls$$INIT_ARRAY$$Base
                        0x080035f4          --   Gb  - Linker created -
__iar_tls$$INIT_ARRAY$$Limit
                        0x080035f4          --   Gb  - Linker created -
__iar_zero_init3        0x0800332d   0x40  Code  Gb  zero_init3.o [5]
__low_level_init        0x0800354b    0x4  Code  Gb  low_level_init.o [3]
__sti__routine          0x080021a5    0xa  Code  Lc  bsp_interface.o [1]
__sti__routine          0x08001f91   0x12  Code  Lc  bsp_systimer.o [1]
__vector_table          0x08000000         Data  Gb  startup_stm32f10x_hd.o [1]
_call_main              0x08003539         Code  Gb  cmain.o [5]
_exit                   0x08003555         Code  Gb  cexit.o [5]
_gm_                    0x200000b4  0x1d8  Data  Lc  dlmalloc.o [3]
_main                   0x08003547         Code  Gb  cmain.o [5]
abort                   0x08001605    0x6  Code  Gb  abort.o [3]
add_segment             0x080004f5  0x1f2  Code  Lc  dlmalloc.o [3]
bDeviceState            0x20000350    0x4  Data  Gb  usb_pwr.o [1]
bsp_active_drv()        0x080027e5    0x2  Code  Gb  bsp_system.o [1]
bsp_clear_dog()         0x080027e3    0x2  Code  Gb  bsp_system.o [1]
bsp_drv_type            0x20000367    0x1  Data  Gb  bsp_interface.o [1]
bsp_events_dat          0x200002b8   0x28  Data  Gb  bsp_interface.o [1]
bsp_init_dog()          0x080027e1    0x2  Code  Gb  bsp_system.o [1]
bsp_sleep_drv()         0x080027e7    0x2  Code  Gb  bsp_system.o [1]
const std::allocator<BSP_Sys_Timer_t>& && std::forward<const std::allocator<BSP_Sys_Timer_t>&>(std::remove_reference<const std::allocator<BSP_Sys_Timer_t>&>::type &)
                        0x08002ec3    0x2  Code  Gb  bsp_systimer.o [1]
exit                    0x0800354f    0x4  Code  Gb  exit.o [3]
free                    0x08003061    0x4  Code  Gb  heaptramp0.o [3]
g_bsp                   0x2000032c    0x4  Data  Gb  bsp_interface.o [1]
init_mparams            0x0800014f   0x32  Code  Lc  dlmalloc.o [3]
init_top                0x08000181   0x32  Code  Lc  dlmalloc.o [3]
main                    0x080033c9   0x2c  Code  Gb  main.o [1]
mparams                 0x200002fc   0x18  Data  Lc  dlmalloc.o [3]
next_abi_dtor_rec       0x20000354    0x4  Data  Lc  cppinit.o [3]
operator delete (void *)
                        0x08003037    0xa  Code  Gb  delop_0.o [4]
operator new (unsigned int)
                        0x08002fe1   0x24  Code  Gb  newop_0.o [4]
operator new (unsigned int, void *)
                        0x08002f4d    0x4  Code  Gb  bsp_systimer.o [1]
pInformation            0x20000340    0x4  Data  Gb  usb_init.o [1]
pProperty               0x20000344    0x4  Data  Gb  usb_init.o [1]
pUser_Standard_Requests
                        0x20000348    0x4  Data  Gb  usb_init.o [1]
pre_sys_tick            0x20000334    0x4  Data  Lc  bsp_systimer.o [1]
prepend_alloc           0x080001b3  0x342  Code  Lc  dlmalloc.o [3]
segment_holding         0x08000131   0x1e  Code  Lc  dlmalloc.o [3]
std::_Compressed_pair<std::_Wrap_alloc<std::allocator<BSP_Sys_Timer_t>>, std::_Vector_val<std::_Simple_types<BSP_Sys_Timer_t>>, (bool)1>::_Compressed_pair<const std::allocator<BSP_Sys_Timer_t>&, >(std::_One_then_variadic_args_t, const std::allocator<BSP_Sys_Timer_t>& &&,  &&...)
                        0x08002cd7   0x1e  Code  Gb  bsp_systimer.o [1]
std::_Compressed_pair<std::_Wrap_alloc<std::allocator<BSP_Sys_Timer_t>>, std::_Vector_val<std::_Simple_types<BSP_Sys_Timer_t>>, (bool)1>::_Get_first()
                        0x08002c5b    0x2  Code  Gb  bsp_systimer.o [1]
std::_Compressed_pair<std::_Wrap_alloc<std::allocator<BSP_Sys_Timer_t>>, std::_Vector_val<std::_Simple_types<BSP_Sys_Timer_t>>, (bool)1>::_Get_first() const
                        0x08002ee1    0x2  Code  Gb  bsp_systimer.o [1]
std::_Compressed_pair<std::_Wrap_alloc<std::allocator<BSP_Sys_Timer_t>>, std::_Vector_val<std::_Simple_types<BSP_Sys_Timer_t>>, (bool)1>::_Get_second()
                        0x08002b2d    0x2  Code  Gb  bsp_systimer.o [1]
std::_Compressed_pair<std::_Wrap_alloc<std::allocator<BSP_Sys_Timer_t>>, std::_Vector_val<std::_Simple_types<BSP_Sys_Timer_t>>, (bool)1>::_Get_second() const
                        0x08002cf5    0x2  Code  Gb  bsp_systimer.o [1]
std::_Container_base0::_Orphan_all()
                        0x08002f4b    0x2  Code  Gb  bsp_systimer.o [1]
std::_Iterator_base0::_Adopt(void const *)
                        0x08002edf    0x2  Code  Gb  bsp_systimer.o [1]
std::_NomemoryNothrow()
                        0x08003043    0x4  Code  Gb  nomemory.o [4]
std::_Nonscalar_ptr_iterator_tag std::_Ptr_cat<BSP_Sys_Timer_t *, BSP_Sys_Timer_t *>(BSP_Sys_Timer_t * &, BSP_Sys_Timer_t * &)
                        0x08002c95    0x2  Code  Gb  bsp_systimer.o [1]
std::_Vector_alloc<std::_Vec_base_types<BSP_Sys_Timer_t, std::allocator<BSP_Sys_Timer_t>>>::_Get_data()
                        0x0800281f    0xc  Code  Gb  bsp_systimer.o [1]
std::_Vector_alloc<std::_Vec_base_types<BSP_Sys_Timer_t, std::allocator<BSP_Sys_Timer_t>>>::_Get_data() const
                        0x08002b21    0xc  Code  Gb  bsp_systimer.o [1]
std::_Vector_alloc<std::_Vec_base_types<BSP_Sys_Timer_t, std::allocator<BSP_Sys_Timer_t>>>::_Getal()
                        0x08002915    0xc  Code  Gb  bsp_systimer.o [1]
std::_Vector_alloc<std::_Vec_base_types<BSP_Sys_Timer_t, std::allocator<BSP_Sys_Timer_t>>>::_Getal() const
                        0x08002d1b    0xc  Code  Gb  bsp_systimer.o [1]
std::_Vector_alloc<std::_Vec_base_types<BSP_Sys_Timer_t, std::allocator<BSP_Sys_Timer_t>>>::_Myend()
                        0x080028c3    0xe  Code  Gb  bsp_systimer.o [1]
std::_Vector_alloc<std::_Vec_base_types<BSP_Sys_Timer_t, std::allocator<BSP_Sys_Timer_t>>>::_Myend() const
                        0x08002d0d    0xe  Code  Gb  bsp_systimer.o [1]
std::_Vector_alloc<std::_Vec_base_types<BSP_Sys_Timer_t, std::allocator<BSP_Sys_Timer_t>>>::_Myfirst()
                        0x0800282b    0xc  Code  Gb  bsp_systimer.o [1]
std::_Vector_alloc<std::_Vec_base_types<BSP_Sys_Timer_t, std::allocator<BSP_Sys_Timer_t>>>::_Myfirst() const
                        0x08002813    0xc  Code  Gb  bsp_systimer.o [1]
std::_Vector_alloc<std::_Vec_base_types<BSP_Sys_Timer_t, std::allocator<BSP_Sys_Timer_t>>>::_Mylast()
                        0x080028b5    0xe  Code  Gb  bsp_systimer.o [1]
std::_Vector_alloc<std::_Vec_base_types<BSP_Sys_Timer_t, std::allocator<BSP_Sys_Timer_t>>>::_Mylast() const
                        0x08002805    0xe  Code  Gb  bsp_systimer.o [1]
std::_Vector_alloc<std::_Vec_base_types<BSP_Sys_Timer_t, std::allocator<BSP_Sys_Timer_t>>>::_Orphan_all()
                        0x08002d93   0x10  Code  Gb  bsp_systimer.o [1]
std::_Vector_alloc<std::_Vec_base_types<BSP_Sys_Timer_t, std::allocator<BSP_Sys_Timer_t>>>::_Vector_alloc(const std::allocator<BSP_Sys_Timer_t>&)
                        0x080029a3   0x14  Code  Gb  bsp_systimer.o [1]
std::_Vector_alloc<std::_Vec_base_types<BSP_Sys_Timer_t, std::allocator<BSP_Sys_Timer_t>>>::_Vector_alloc(const std::allocator<BSP_Sys_Timer_t>&) [subobject]
                        0x080024ef    0xc  Code  Gb  bsp_systimer.o [1]
std::_Vector_const_iterator<std::_Vector_val<std::_Simple_types<BSP_Sys_Timer_t>>>::_Vector_const_iterator(BSP_Sys_Timer_t *, std::_Container_base0 const *)
                        0x08002cf7   0x16  Code  Gb  bsp_systimer.o [1]
std::_Vector_const_iterator<std::_Vector_val<std::_Simple_types<BSP_Sys_Timer_t>>>::_Vector_const_iterator(BSP_Sys_Timer_t *, std::_Container_base0 const *) [subobject]
                        0x08002b2f    0xc  Code  Gb  bsp_systimer.o [1]
std::_Vector_const_iterator<std::_Vector_val<std::_Simple_types<BSP_Sys_Timer_t>>>::operator *() const
                        0x08002b3b    0x4  Code  Gb  bsp_systimer.o [1]
std::_Vector_const_iterator<std::_Vector_val<std::_Simple_types<BSP_Sys_Timer_t>>>::operator ++()
                        0x08002865    0x8  Code  Gb  bsp_systimer.o [1]
std::_Vector_iterator<std::_Vector_val<std::_Simple_types<BSP_Sys_Timer_t>>>::_Vector_iterator(BSP_Sys_Timer_t *, std::_Container_base0 const *)
                        0x08002837   0x16  Code  Gb  bsp_systimer.o [1]
std::_Vector_iterator<std::_Vector_val<std::_Simple_types<BSP_Sys_Timer_t>>>::operator *() const
                        0x0800284d    0xc  Code  Gb  bsp_systimer.o [1]
std::_Vector_iterator<std::_Vector_val<std::_Simple_types<BSP_Sys_Timer_t>>>::operator ++()
                        0x08002367    0xe  Code  Gb  bsp_systimer.o [1]
std::_Vector_iterator<std::_Vector_val<std::_Simple_types<BSP_Sys_Timer_t>>>::operator ->() const
                        0x08002357   0x10  Code  Gb  bsp_systimer.o [1]
std::_Vector_val<std::_Simple_types<BSP_Sys_Timer_t>>::_Vector_val()
                        0x08002ed1    0xe  Code  Gb  bsp_systimer.o [1]
std::_Wrap_alloc<std::allocator<BSP_Sys_Timer_t>>::_Wrap_alloc(const std::allocator<BSP_Sys_Timer_t>&)
                        0x08002f61    0x2  Code  Gb  bsp_systimer.o [1]
std::_Wrap_alloc<std::allocator<BSP_Sys_Timer_t>>::_Wrap_alloc(const std::allocator<BSP_Sys_Timer_t>&) [subobject]
                        0x08002ec5    0xc  Code  Gb  bsp_systimer.o [1]
std::_Wrap_alloc<std::allocator<BSP_Sys_Timer_t>>::allocate(unsigned int)
                        0x08002d51   0x10  Code  Gb  bsp_systimer.o [1]
std::_Wrap_alloc<std::allocator<BSP_Sys_Timer_t>>::deallocate(BSP_Sys_Timer_t *, unsigned int)
                        0x08002d7f   0x14  Code  Gb  bsp_systimer.o [1]
std::_Wrap_alloc<std::allocator<BSP_Sys_Timer_t>>::max_size(std::_Nil) const
                        0x08002d27    0xc  Code  Gb  bsp_systimer.o [1]
std::__iar_New_hand     0x2000035c    0x4  Data  Gb  new.o [4]
std::allocator<BSP_Sys_Timer_t>::allocate(unsigned int)
                        0x08002eef   0x12  Code  Gb  bsp_systimer.o [1]
std::allocator<BSP_Sys_Timer_t>::deallocate(BSP_Sys_Timer_t *, unsigned int)
                        0x08002f39   0x12  Code  Gb  bsp_systimer.o [1]
std::allocator<BSP_Sys_Timer_t>::max_size() const
                        0x08002f63    0x8  Code  Gb  bsp_systimer.o [1]
std::allocator_traits<std::allocator<BSP_Sys_Timer_t>>::max_size(const std::allocator<BSP_Sys_Timer_t>&)
                        0x08002ee3    0xc  Code  Gb  bsp_systimer.o [1]
std::iterator_traits<BSP_Sys_Timer_t *>::value_type * std::_Val_type<BSP_Sys_Timer_t *>(BSP_Sys_Timer_t *)
                        0x08003005    0x4  Code  Gb  bsp_systimer.o [1]
std::pointer_traits<BSP_Sys_Timer_t *>::pointer_to(BSP_Sys_Timer_t &)
                        0x08002859    0xc  Code  Gb  bsp_systimer.o [1]
std::remove_reference<BSP_Sys_Timer_t &>::type && std::move<BSP_Sys_Timer_t &>(BSP_Sys_Timer_t & &&)
                        0x08002dfb    0x2  Code  Gb  bsp_systimer.o [1]
std::vector<BSP_Sys_Timer_t, std::allocator<BSP_Sys_Timer_t>>::_Destroy(BSP_Sys_Timer_t *, BSP_Sys_Timer_t *)
                        0x0800296f   0x1a  Code  Gb  bsp_systimer.o [1]
std::vector<BSP_Sys_Timer_t, std::allocator<BSP_Sys_Timer_t>>::_Grow_to(unsigned int) const
                        0x08002b73   0x2e  Code  Gb  bsp_systimer.o [1]
std::vector<BSP_Sys_Timer_t, std::allocator<BSP_Sys_Timer_t>>::_Inside(BSP_Sys_Timer_t const *) const
                        0x08002879   0x30  Code  Gb  bsp_systimer.o [1]
std::vector<BSP_Sys_Timer_t, std::allocator<BSP_Sys_Timer_t>>::_Make_iter(std::_Vector_const_iterator<std::_Vector_val<std::_Simple_types<BSP_Sys_Timer_t>>>) const
                        0x08002989   0x1a  Code  Gb  bsp_systimer.o [1]
std::vector<BSP_Sys_Timer_t, std::allocator<BSP_Sys_Timer_t>>::_Orphan_range(BSP_Sys_Timer_t *, BSP_Sys_Timer_t *) const
                        0x08002913    0x2  Code  Gb  bsp_systimer.o [1]
std::vector<BSP_Sys_Timer_t, std::allocator<BSP_Sys_Timer_t>>::_Reallocate(unsigned int)
                        0x08002ba1   0xba  Code  Gb  bsp_systimer.o [1]
std::vector<BSP_Sys_Timer_t, std::allocator<BSP_Sys_Timer_t>>::_Reserve(unsigned int)
                        0x080028d1   0x42  Code  Gb  bsp_systimer.o [1]
std::vector<BSP_Sys_Timer_t, std::allocator<BSP_Sys_Timer_t>>::_Tidy()
                        0x08003205   0x7a  Code  Gb  bsp_systimer.o [1]
std::vector<BSP_Sys_Timer_t, std::allocator<BSP_Sys_Timer_t>>::_Unused_capacity() const
                        0x08002b43   0x1e  Code  Gb  bsp_systimer.o [1]
std::vector<BSP_Sys_Timer_t, std::allocator<BSP_Sys_Timer_t>>::begin()
                        0x08002337   0x20  Code  Gb  bsp_systimer.o [1]
std::vector<BSP_Sys_Timer_t, std::allocator<BSP_Sys_Timer_t>>::capacity() const
                        0x08002d33   0x1e  Code  Gb  bsp_systimer.o [1]
std::vector<BSP_Sys_Timer_t, std::allocator<BSP_Sys_Timer_t>>::erase(std::_Vector_const_iterator<std::_Vector_val<std::_Simple_types<BSP_Sys_Timer_t>>>)
                        0x080024a5   0x4a  Code  Gb  bsp_systimer.o [1]
std::vector<BSP_Sys_Timer_t, std::allocator<BSP_Sys_Timer_t>>::max_size() const
                        0x08002b61   0x12  Code  Gb  bsp_systimer.o [1]
std::vector<BSP_Sys_Timer_t, std::allocator<BSP_Sys_Timer_t>>::push_back(BSP_Sys_Timer_t const &)
                        0x08002375  0x102  Code  Gb  bsp_systimer.o [1]
std::vector<BSP_Sys_Timer_t, std::allocator<BSP_Sys_Timer_t>>::size() const
                        0x08002319   0x1e  Code  Gb  bsp_systimer.o [1]
std::vector<BSP_Sys_Timer_t, std::allocator<BSP_Sys_Timer_t>>::vector()
                        0x08002171   0x10  Code  Gb  bsp_systimer.o [1]
std::vector<BSP_Sys_Timer_t, std::allocator<BSP_Sys_Timer_t>>::~vector()
                        0x080035d3    0xe  Code  Gb  bsp_systimer.o [1]
sys_alloc               0x080006ed  0x164  Code  Lc  dlmalloc.o [3]
sys_sleep_fg            0x20000368    0x1  Data  Gb  bsp_sys_pwr.o [1]
sys_trim                0x08000851   0x66  Code  Lc  dlmalloc.o [3]
time_count              0x2000033c    0x4  Data  Lc  stm32f10x_it.o [1]
tmalloc_large           0x080008c5  0x384  Code  Lc  dlmalloc.o [3]
tmalloc_small           0x08000c49  0x1fe  Code  Lc  dlmalloc.o [3]
void std::_Deallocate<BSP_Sys_Timer_t>(BSP_Sys_Timer_t *, unsigned int)
                        0x08002fc1    0xe  Code  Gb  bsp_systimer.o [1]
void std::_Destroy_range<std::_Wrap_alloc<std::allocator<BSP_Sys_Timer_t>>>(std::_Wrap_alloc<std::allocator<BSP_Sys_Timer_t>>::pointer, std::_Wrap_alloc<std::allocator<BSP_Sys_Timer_t>>::pointer, std::_Wrap_alloc<std::allocator<BSP_Sys_Timer_t>>&)
                        0x08002cbd   0x1a  Code  Gb  bsp_systimer.o [1]
void std::_Destroy_range<std::_Wrap_alloc<std::allocator<BSP_Sys_Timer_t>>>(std::_Wrap_alloc<std::allocator<BSP_Sys_Timer_t>>::pointer, std::_Wrap_alloc<std::allocator<BSP_Sys_Timer_t>>::pointer, std::_Wrap_alloc<std::allocator<BSP_Sys_Timer_t>>&, std::_Nonscalar_ptr_iterator_tag)
                        0x08002ea3   0x20  Code  Gb  bsp_systimer.o [1]
void std::_Wrap_alloc<std::allocator<BSP_Sys_Timer_t>>::construct<BSP_Sys_Timer_t, BSP_Sys_Timer_t &>(BSP_Sys_Timer_t *, BSP_Sys_Timer_t & &&...)
                        0x08002921   0x1a  Code  Gb  bsp_systimer.o [1]
void std::_Wrap_alloc<std::allocator<BSP_Sys_Timer_t>>::construct<BSP_Sys_Timer_t, BSP_Sys_Timer_t const &>(BSP_Sys_Timer_t *, BSP_Sys_Timer_t const & &&...)
                        0x0800293b   0x1a  Code  Gb  bsp_systimer.o [1]
void std::_Wrap_alloc<std::allocator<BSP_Sys_Timer_t>>::construct<BSP_Sys_Timer_t, BSP_Sys_Timer_t>(BSP_Sys_Timer_t *, BSP_Sys_Timer_t &&...)
                        0x08003047   0x1a  Code  Gb  bsp_systimer.o [1]
void std::_Wrap_alloc<std::allocator<BSP_Sys_Timer_t>>::destroy<BSP_Sys_Timer_t>(BSP_Sys_Timer_t *)
                        0x08002f51   0x10  Code  Gb  bsp_systimer.o [1]
void std::allocator<BSP_Sys_Timer_t>::construct<BSP_Sys_Timer_t, BSP_Sys_Timer_t &>(BSP_Sys_Timer_t *, BSP_Sys_Timer_t & &&...)
                        0x08002da3   0x2c  Code  Gb  bsp_systimer.o [1]
void std::allocator<BSP_Sys_Timer_t>::construct<BSP_Sys_Timer_t, BSP_Sys_Timer_t const &>(BSP_Sys_Timer_t *, BSP_Sys_Timer_t const & &&...)
                        0x08002dcf   0x2c  Code  Gb  bsp_systimer.o [1]
void std::allocator<BSP_Sys_Timer_t>::construct<BSP_Sys_Timer_t, BSP_Sys_Timer_t>(BSP_Sys_Timer_t *, BSP_Sys_Timer_t &&...)
                        0x08003081   0x2c  Code  Gb  bsp_systimer.o [1]
void std::allocator<BSP_Sys_Timer_t>::destroy<BSP_Sys_Timer_t>(BSP_Sys_Timer_t *)
                        0x08003041    0x2  Code  Gb  bsp_systimer.o [1]
void std::allocator_traits<std::allocator<BSP_Sys_Timer_t>>::construct<BSP_Sys_Timer_t, BSP_Sys_Timer_t &>(std::allocator<BSP_Sys_Timer_t>&, BSP_Sys_Timer_t *, BSP_Sys_Timer_t & &&...)
                        0x08002c5f   0x1a  Code  Gb  bsp_systimer.o [1]
void std::allocator_traits<std::allocator<BSP_Sys_Timer_t>>::construct<BSP_Sys_Timer_t, BSP_Sys_Timer_t const &>(std::allocator<BSP_Sys_Timer_t>&, BSP_Sys_Timer_t *, BSP_Sys_Timer_t const & &&...)
                        0x08002c7b   0x1a  Code  Gb  bsp_systimer.o [1]
void std::allocator_traits<std::allocator<BSP_Sys_Timer_t>>::construct<BSP_Sys_Timer_t, BSP_Sys_Timer_t>(std::allocator<BSP_Sys_Timer_t>&, BSP_Sys_Timer_t *, BSP_Sys_Timer_t &&...)
                        0x08003067   0x1a  Code  Gb  bsp_systimer.o [1]
void std::allocator_traits<std::allocator<BSP_Sys_Timer_t>>::destroy<BSP_Sys_Timer_t>(std::allocator<BSP_Sys_Timer_t>&, BSP_Sys_Timer_t *)
                        0x08002fcf   0x10  Code  Gb  bsp_systimer.o [1]
wInterrupt_Mask         0x20000364    0x2  Data  Gb  usb_init.o [1]


[1] = D:\QT\My_Qt_design\va_measuring\App\Debug\Obj
[2] = command line
[3] = dl7M_tlf.a
[4] = dlpp7M_tl_fc.a
[5] = rt7M_tl.a
[6] = shb_l.a

  13 715 bytes of readonly  code memory
     463 bytes of readonly  data memory
   9 498 bytes of readwrite data memory

Errors: none
Warnings: none
